07-13 11:31:52.522  2335  2335 D IncompatibleChargerNotification: dispatchIntent: android.intent.action.BATTERY_CHANGED
07-13 11:31:52.525  2335  2431 D GoogleBatteryDataSource: fetchDwellDefendStatus: DISCONNECTED
07-13 11:31:52.525  2335  2431 D GoogleBatteryDataSource: fetchTempDefendStatus: t_sum=0, time_sum=0 t_avg=0 lst_v=4444218 lst_t=339 lst_u=828503, dt=736500, t=0 e=1
07-13 11:31:52.526  2335  2431 D SystemEventDataSource: updatedEventData: SystemEventData(intentAction=android.intent.action.BATTERY_CHANGED, plugged=EventData(value=0), batteryScale=EventData(value=100), batteryLevel=EventData(value=91), chargingStatus=EventData(value=1), maxChargingCurrent=EventData(value=0), maxChargingVoltage=EventData(value=0), batteryStatus=EventData(value=3), halEventData=HalEventData(dockDefendStatus=EventData(value=-3), tempDefendEventData=EventData(value=false), dwellDefendEventData=EventData(value=false)), settingsEventData=SettingsEventData(dockDefenderBypass=EventData(value=0), chargingLimitSettings=EventData(value=0), dndState=EventData(value=false), airplaneState=EventData(value=false)), frameworkApiEventData=FrameworkApiEventData(batterySaverState=EventData(value=false), extremeBatterySaverState=EventData(value=false)))
07-13 11:31:52.526  2335  2431 D SystemEventDataSource: extra doesn't changed, no need to onEventSourceUpdate
07-13 11:31:52.535 24034 24203 E ashmem  : readlink(/proc/self/fd/129) failed: Operation not permitted
07-13 11:31:52.556 23954 24079 D Capacitor: Handling local request: https://localhost/assets/index-GulOAkz4.js
07-13 11:31:52.561 24034 24203 E ashmem  : readlink(/proc/self/fd/130) failed: Operation not permitted
07-13 11:31:52.573 24034 24203 E ashmem  : readlink(/proc/self/fd/129) failed: Operation not permitted
07-13 11:31:52.574  1167  1279 I WifiHAL : Creating message to get link statistics; iface = 47
07-13 11:31:52.598  1167  1279 I WifiHAL : Getting cached scan results, iface handle = 0xb4000072c6113cd0
07-13 11:31:52.598  1167  1279 E WifiHAL : Creating message to get cached scan results
07-13 11:31:52.601  1167  1279 I WifiHAL : In GetCachedScanResultsCommand::handleResponse
07-13 11:31:52.610  1672  2195 D BackgroundInstallControlService: Package event received: 0
07-13 11:31:52.616  1167  1279 D WifiHAL : Start debug command: mType GET_FEATURE
07-13 11:31:52.616  1167  1279 I WifiHAL : CreateRequest mType = GET_FEATURE
07-13 11:31:52.616  1167  1279 D WifiHAL : In DebugCommand::handleResponse, mType:GET_FEATURE
07-13 11:31:52.616  1167  1279 D WifiHAL : len = 4, expected len = 4
07-13 11:31:52.617  1672  2138 I HalDevMgr: bestIfaceCreationProposal is null, requestIface=STA, existingIface=[name=wlan0 type=STA]
07-13 11:31:52.630 23954 24079 D Capacitor: Handling local request: https://localhost/favicon.ico
07-13 11:31:52.634 23954 23954 I chromium: [INFO:CONSOLE:1] "Uncaught (in promise) bad-precaching-response: bad-precaching-response :: [{"url":"https://localhost/favicon.ico","status":404}]", source: https://localhost/workbox-9c191d2f.js (1)
07-13 11:31:52.645 14500 24205 W NotificationManager: Shedding cancel (dupe) of NotificationKey[user=UserHandle{0}, pkg=com.microsoft.office.outlook, tag=AQADAAAAawCSJnT1ud4I89YbAAAAACAAAAAAAAAAAAAAIAAAAAAb1vMo3rn1dDvW8wMAAIAAAAAAK3Nhd2FzZS55dWppQHJlbmV0LmpwX0FjdGl2ZVN5bmNFeGNoYW5nZV9IeFM=, id=141321304], rate limit (5.0) exceeded: input 8.887372, output would be 6.2260213
07-13 11:31:52.648 17573 17649 I Finsky  : [902] com.saidlog.app: Account from first account - [BLcpHmZ8gccnWN7YalKMq2ql64uc5HI3DFMELjF2SxE]
07-13 11:31:52.648 17573 17649 I Finsky  : [902] Billing preferred account via installer for com.saidlog.app: [BLcpHmZ8gccnWN7YalKMq2ql64uc5HI3DFMELjF2SxE]
07-13 11:31:52.657 17573 17645 I Finsky  : [898] com.saidlog.app: Account from first account - [BLcpHmZ8gccnWN7YalKMq2ql64uc5HI3DFMELjF2SxE]
07-13 11:31:52.658 17573 17645 I Finsky  : [898] Billing preferred account via installer for com.saidlog.app: [BLcpHmZ8gccnWN7YalKMq2ql64uc5HI3DFMELjF2SxE]
07-13 11:31:52.668 23954 23992 D CdvPurchase: startServiceConnection() -> Success
07-13 11:31:52.668 23954 23992 D CdvPurchase: init() -> Success
07-13 11:31:52.670 23954 23954 I Capacitor/Console: File:  - Line 333 - Msg: undefined
07-13 11:31:52.672 23954 23954 I Capacitor/Console: File:  - Line 349 - Msg: [object Object]
07-13 11:31:52.672 23954 23954 I Capacitor/Console: File:  - Line 349 - Msg: [object Object]
07-13 11:31:52.672 23954 23954 V Capacitor/Plugin: To native (Capacitor plugin): callbackId: 67494762, pluginId: PurchasePlugin, methodName: getStorefront
07-13 11:31:52.672 23954 23954 V Capacitor: callback: 67494762, pluginId: PurchasePlugin, methodName: getStorefront, methodData: {}
07-13 11:31:52.672 23954 24152 D CdvPurchase: getStorefront()
07-13 11:31:52.673 23954 24152 D CdvPurchase: executeServiceRequest() -> OK
07-13 11:31:52.673 23954 23954 V Capacitor/Plugin: To native (Capacitor plugin): callbackId: 67494763, pluginId: PurchasePlugin, methodName: getAvailableProducts
07-13 11:31:52.673 23954 23954 V Capacitor: callback: 67494763, pluginId: PurchasePlugin, methodName: getAvailableProducts, methodData: {"inAppSkus":[],"subsSkus":["take_monthly_680"]}
07-13 11:31:52.673 23954 24152 D CdvPurchase: getAvailableProducts()
07-13 11:31:52.673 23954 24152 D CdvPurchase: queryAllProductDetails()
07-13 11:31:52.673 23954 24152 D CdvPurchase: queryAllProductDetails() -> Query SUBS.
07-13 11:31:52.673 23954 24152 D CdvPurchase: queryProductDetailsAsync()
07-13 11:31:52.673 23954 24152 D CdvPurchase: executeServiceRequest() -> OK
07-13 11:31:52.673 23954 24152 D CdvPurchase: queryProductDetailsAsync() -> Success
07-13 11:31:52.683  1672  5880 D ConnectivityService: requestNetwork for uid/pid:1000/1672 asUid: 10571 activeRequest: null callbackRequest: 101669 [NetworkRequest [ REQUEST id=101670, [ Capabilities: INTERNET&NOT_RESTRICTED&TRUSTED&NOT_VCN_MANAGED&NOT_BANDWIDTH_CONSTRAINED Uid: 10571 RequestorUid: 1000 RequestorPkg: android UnderlyingNetworks: Null] ]] callback flags: 0 order: 2147483647 isUidTracked: false declaredMethods: AVAIL|LOST|BLK
07-13 11:31:52.689  1672  2138 D OemPaidWifiNetworkFactory: got request NetworkRequest [ REQUEST id=101670, [ Capabilities: INTERNET&NOT_RESTRICTED&TRUSTED&NOT_VCN_MANAGED&NOT_BANDWIDTH_CONSTRAINED Uid: 10571 RequestorUid: 1000 RequestorPkg: android UnderlyingNetworks: Null] ]
07-13 11:31:52.690  1672  2138 D MultiInternetWifiNetworkFactory: got request NetworkRequest [ REQUEST id=101670, [ Capabilities: INTERNET&NOT_RESTRICTED&TRUSTED&NOT_VCN_MANAGED&NOT_BANDWIDTH_CONSTRAINED Uid: 10571 RequestorUid: 1000 RequestorPkg: android UnderlyingNetworks: Null] ]
07-13 11:31:52.690  1672  2138 D WifiNetworkFactory: got request NetworkRequest [ REQUEST id=101670, [ Capabilities: INTERNET&NOT_RESTRICTED&TRUSTED&NOT_VCN_MANAGED&NOT_BANDWIDTH_CONSTRAINED Uid: 10571 RequestorUid: 1000 RequestorPkg: android UnderlyingNetworks: Null] ]
07-13 11:31:52.690  1672  2138 D UntrustedWifiNetworkFactory: got request NetworkRequest [ REQUEST id=101670, [ Capabilities: INTERNET&NOT_RESTRICTED&TRUSTED&NOT_VCN_MANAGED&NOT_BANDWIDTH_CONSTRAINED Uid: 10571 RequestorUid: 1000 RequestorPkg: android UnderlyingNetworks: Null] ]
07-13 11:31:52.691  1672  2145 D ConnectivityService: NetReassign [101670 : null → 189] [c 1] [a 2] [i 4]
07-13 11:31:52.694 17573 22334 I Finsky  : [979] Monetization gRPC call timeout resolved: 30000 ms (dynamic: 4000 ms, base: 30000 ms)
07-13 11:31:52.742 14500 14731 I WM-WorkerWrapper: Worker result SUCCESS for Work [ id=58474ed7-bb4c-4bfd-8cc8-71cc9dc47670, tags={ com.microsoft.office.outlook.calendar.workers.EventNotificationWorker, EventNotificationWorker_Periodic } ]
07-13 11:31:52.770 14500 14500 D AppCenterCrashes: The memory running level (40) was saved.
07-13 11:31:52.798 14500 17374 I ReactNativeJNI: Memory warning (pressure level: TRIM_MEMORY_BACKGROUND) received by JS VM, running a GC
07-13 11:31:52.925 17573 17673 I cn_CronetUrlRequestContext: destroyNativeStreamLocked android.net.http.internal.org.chromium.net.impl.CronetBidirectionalStream@7545d9b
07-13 11:31:52.934 23954 24223 W CdvPurchase: queryAllProductDetails() -> Query returned nothing.
07-13 11:31:52.935 23954 24223 D CdvPurchase: queryAllProductDetails() -> Calling listener.
07-13 11:31:52.935 23954 24223 D CdvPurchase: getAvailableProducts() -> Success
07-13 11:31:52.938 23954 23954 I Capacitor/Console: File:  - Line 333 - Msg: {"products":[]}
07-13 11:31:52.939 23954 23954 I Capacitor/Console: File:  - Line 349 - Msg: [object Object]
07-13 11:31:52.942 23954 23954 V Capacitor/Plugin: To native (Capacitor plugin): callbackId: 67494764, pluginId: PurchasePlugin, methodName: getPurchases
07-13 11:31:52.943 23954 23954 V Capacitor: callback: 67494764, pluginId: PurchasePlugin, methodName: getPurchases, methodData: {}
07-13 11:31:52.944 23954 24152 D CdvPurchase: getPurchases()
07-13 11:31:52.944 23954 24152 D CdvPurchase: queryPurchases()
07-13 11:31:52.944 23954 24152 D CdvPurchase: executeServiceRequest() -> OK
07-13 11:31:52.948 17573 22334 I Finsky  : [979] User is not an active Play Pass subscriber
07-13 11:31:52.949 23954 24247 I CdvPurchase: queryPurchases(INAPP) -> Elapsed time: 5ms
07-13 11:31:52.949 23954 23954 I Capacitor/Console: File:  - Line 333 - Msg: undefined
07-13 11:31:52.949 23954 24251 I CdvPurchase: queryPurchases(SUBS) -> Elapsed time: 5ms
07-13 11:31:52.949 23954 24247 V Capacitor/PurchasePlugin: Notifying listeners for event setPurchases
07-13 11:31:52.949 23954 24251 V Capacitor/PurchasePlugin: Notifying listeners for event setPurchases
07-13 11:31:52.951 23954 23954 I Capacitor/Console: File:  - Line 333 - Msg: {"purchases":[]}
07-13 11:31:52.953 23954 23954 I Capacitor/Console: File:  - Line 333 - Msg: {"purchases":[]}
07-13 11:31:52.970 17573 17645 D Volley  : [898] bdzt.run: Could not delete cache entry for key=[NVLHA5egNS_0UOZ_4JB2m1Jdfd2yS9SdNwlpCc-BNOo], filename=-GWP_iBgqDBZr0g0J_5bC4FEBs4
07-13 11:31:53.055 23954 23992 D CdvPurchase: getStorefront() -> JP
07-13 11:31:53.061 23954 23954 I Capacitor/Console: File:  - Line 333 - Msg: {"countryCode":"JP"}
07-13 11:31:53.069  1672  2195 D BackgroundInstallControlService: Package event received: 0
07-13 11:31:53.069  1672  2195 D BackgroundInstallControlService: Package event received: 0
07-13 11:31:53.305 22341 24206 W adbd    : timed out while waiting for FUNCTIONFS_BIND, trying again
07-13 11:31:53.305 22341 24206 I adbd    : UsbFfs: connection terminated: monitor thread finished
07-13 11:31:53.325 22341 22346 I adbd    : opening control endpoint /dev/usb-ffs/adb/ep0
07-13 11:31:53.570   495 20797 E hwc-display: [PrimaryDisplay,pid=1123,blob#417,chan#0] HistogramDevice::checkQueryResult: BAD_HIST_DATA, no event is handled
07-13 11:31:53.574  1123  1944 D usf_sensor_hal: [p0]Histogram API error:BAD_HIST_DATA
07-13 11:31:53.581  1365  1365 D AOC     : A3:MSG: tmd3733_device.cc, 3251: USF: TMD3733: dbv:2667 luma:128 leak:4.95/2.95 rr:60 te2:0 ctx:0x1 status:1 op_hz:0[0
07-13 11:31:53.634  1365  1365 D AOC     : A3:MSG: tmd3733_device.cc, 3251: USF: TMD3733: dbv:2667 luma:207 leak:5.41/3.23 rr:60 te2:0 ctx:0x0 status:1 op_hz:0[0
07-13 11:31:54.151  1672  5880 D ActivityManager: sync unfroze 20584 com.mgoogle.android.gms for 7
07-13 11:31:54.153  1672  2195 D BackgroundInstallControlService: Package event received: 0
07-13 11:31:54.159 13630 13685 D GmsGcmMcsSvc: Heartbeat initiated, reason: Intent { act=org.microg.gms.gcm.mcs.HEARTBEAT flg=0x4 xflg=0x4 cmp=com.mgoogle.android.gms/org.microg.gms.gcm.McsService (has extras) }
07-13 11:31:54.170 13630 13685 D GmsGcmMcsSvc: Scheduling heartbeat in 60 seconds...
07-13 11:31:54.172 13630 31304 D GmsGcmMcsOutput: Outgoing message: HeartbeatPing{last_stream_id_received=378}
07-13 11:31:54.242 13630 31303 D GmsGcmMcsInput: Incoming message: HeartbeatAck{last_stream_id_received=378}
07-13 11:31:54.249 13630 31303 D GmsGcmPrefs: learnReached: gcm_network_wifi / 59993
07-13 11:31:54.286  1672  2195 D BackgroundInstallControlService: Package event received: 0
07-13 11:31:54.290  1672  5851 D ActivityManager: sync unfroze 17998 com.google.android.webview:webview_service for 6
07-13 11:31:54.295  1672  2195 D BackgroundInstallControlService: Package event received: 0
07-13 11:31:54.296 17998 17998 D ActivityThread: Package [com.saidlog.app] reported as REPLACED, but missing application info. Assuming REMOVED.
07-13 11:31:54.305 17998 17998 D ActivityThread: Package [com.saidlog.app] reported as REPLACED, but missing application info. Assuming REMOVED.
07-13 11:31:54.324 17998 18003 W webview_service: Reducing the number of considered missed Gc histogram windows from 108 to 100
07-13 11:31:54.334 22341 24257 W adbd    : timed out while waiting for FUNCTIONFS_BIND, trying again
07-13 11:31:54.334 22341 24257 I adbd    : UsbFfs: connection terminated: monitor thread finished
07-13 11:31:54.360  1672  4760 E TaskPersister: File error accessing recents directory (directory doesn't exist?).
07-13 11:31:54.365 22341 22346 I adbd    : opening control endpoint /dev/usb-ffs/adb/ep0
07-13 11:31:54.670 17573 17651 I libbinder.IPCThreadState: oneway function results for code 2 on binder at 0xb4000070a91285b0 will be dropped but finished with status UNKNOWN_TRANSACTION
07-13 11:31:54.678 23494 23494 I Finsky:background: [2] Memory trim requested to level 40
07-13 11:31:55.375 22341 24279 W adbd    : timed out while waiting for FUNCTIONFS_BIND, trying again
07-13 11:31:55.377 22341 24279 I adbd    : UsbFfs: connection terminated: monitor thread finished
07-13 11:31:55.410 22341 22346 I adbd    : opening control endpoint /dev/usb-ffs/adb/ep0
07-13 11:31:55.605  9793  9826 I pixel-thermal: disp_therm:31.95 raw data: disp_therm:31950 
07-13 11:31:55.606  9793  9826 I pixel-thermal: VIRTUAL-USB-UI:0 raw data: USB-MINUS-CHARGER:-1825 VIRTUAL-USB-UI:0 charging_therm:33664 usb_pwr_therm:31839 
07-13 11:31:55.607  9793  9826 I pixel-thermal: btmspkr_therm:31.861 raw data: btmspkr_therm:31861 
07-13 11:31:55.607  9793  9826 I pixel-thermal: usb_pwr_therm:31.839 raw data: usb_pwr_therm:31839 
07-13 11:31:55.607  9793  9826 I pixel-thermal: VIRTUAL-USB-THROTTLING:0 raw data: USB-MINUS-CHARGER:-1825 VIRTUAL-USB-THROTTLING:0 usb_pwr_therm:31839 
07-13 11:31:55.621  1167  1279 I WifiHAL : Creating message to get link statistics; iface = 47
07-13 11:31:55.661  1167  2221 I WifiHAL : Getting cached scan results, iface handle = 0xb4000072c6113cd0
07-13 11:31:55.661  1167  2221 E WifiHAL : Creating message to get cached scan results
07-13 11:31:55.666  1167  2221 I WifiHAL : In GetCachedScanResultsCommand::handleResponse
07-13 11:31:55.696  1167  2221 D WifiHAL : Start debug command: mType GET_FEATURE
07-13 11:31:55.696  1167  2221 I WifiHAL : CreateRequest mType = GET_FEATURE
07-13 11:31:55.696  1167  2221 D WifiHAL : In DebugCommand::handleResponse, mType:GET_FEATURE
07-13 11:31:55.696  1167  2221 D WifiHAL : len = 4, expected len = 4
07-13 11:31:55.698  1672  2138 I HalDevMgr: bestIfaceCreationProposal is null, requestIface=STA, existingIface=[name=wlan0 type=STA]
07-13 11:31:55.851  9793  9826 I pixel-thermal: VIRTUAL-SKIN-MODEL: model_input: [33286.00 33486.00 33664.00 31839.00 31861.00 31950.00 33353.00 33575.00 ]
07-13 11:31:55.851  9793  9826 I native  : I0000 00:00:1783909915.851464    9826 thermal_tflite_wrapper.cc:261] ThermalTfliteInvoke
07-13 11:31:55.852  9793  9826 I pixel-thermal: VIRTUAL-SKIN-MODEL: model_output: [32343.2 ]
07-13 11:31:55.852  9793  9826 I pixel-thermal: VIRTUAL-SKIN-MODEL: predicted_value: [32343.2 ]
07-13 11:31:55.852  9793  9826 I pixel-thermal: VIRTUAL-SKIN-CPU-MID:32.3434 raw data: VIRTUAL-SKIN:32343.4 VIRTUAL-SKIN-CPU-MID:32343.4 VIRTUAL-SKIN-LEGACY:32574.8 VIRTUAL-SKIN-LEGACY-MODEL-DIFF:231.549 VIRTUAL-SKIN-LEGACY-SHUTDOWN:0 VIRTUAL-SKIN-MODEL:32343.2 VIRTUAL-SKIN-MODEL-CLAMPED:32343.2 VIRTUAL-SKIN-MODEL-LEGACY-DIFF:-231.549 VIRTUAL-SKIN-MODEL-UPDATED:32343.4 VIRTUAL-SKIN-MODEL-UPPER-CLAMPED:32343.2 VIRTUAL-SKIN-SUB-0:31138.2 VIRTUAL-SKIN-SUB-1:32574.8 VIRTUAL-SKIN-SUB-2:32028.2 VIRTUAL-SKIN-SUB-3:32466.6 VIRTUAL-SKIN-SUB-4:32548.8 VT_LEGACY_WEIGHT:0 VT_MODEL_WEIGHT:1 battery:32200 btmspkr_therm:31861 charging_therm:33664 disp_therm:31950 north_therm:33353 quiet_therm:33486 rfpa_therm:33286 soc_therm:33575 usb_pwr_therm:31839 
07-13 11:31:55.852  9793  9826 I pixel-thermal: VIRTUAL-SKIN-SOC:32.3434 raw data: VIRTUAL-SKIN:32343.4 VIRTUAL-SKIN-SOC:32343.4 
07-13 11:31:55.853  9793  9826 I pixel-thermal: VIRTUAL-SKIN-DISPLAY:32.3434 raw data: VIRTUAL-SKIN:32343.4 VIRTUAL-SKIN-DISPLAY:32343.4 
07-13 11:31:55.853  9793  9826 I pixel-thermal: CPU_THROTTLE_SEVERE:0 raw data: CPU_THROTTLE_SEVERE:0 
07-13 11:31:55.853  9793  9826 I pixel-thermal: VIRTUAL-SKIN:32.3434 raw data: VIRTUAL-SKIN:32343.4 
07-13 11:31:55.853  9793  9826 I pixel-thermal: VIRTUAL-SKIN-HINT:32.3434 raw data: VIRTUAL-SKIN:32343.4 VIRTUAL-SKIN-HINT:32343.4 
07-13 11:31:55.853  9793  9826 I pixel-thermal: VIRTUAL-SKIN-CPU-LIGHT-ODPM:32.3434 raw data: VIRTUAL-SKIN:32343.4 VIRTUAL-SKIN-CPU-LIGHT-ODPM:32343.4 
07-13 11:31:55.853  9793  9826 I pixel-thermal: VIRTUAL-SKIN-CPU-ODPM:32.3434 raw data: VIRTUAL-SKIN:32343.4 VIRTUAL-SKIN-CPU-ODPM:32343.4 
07-13 11:31:55.853  9793  9826 I pixel-thermal: VIRTUAL-SKIN-ODPM-MODEL: model_input: [33286.00 33486.00 33664.00 31839.00 31861.00 31950.00 33353.00 33575.00 32200.00 369.56 1.36 463.10 46.71 1.51 81.97 ]
07-13 11:31:55.853  9793  9826 I native  : I0000 00:00:1783909915.853684    9826 thermal_tflite_wrapper.cc:261] ThermalTfliteInvoke
07-13 11:31:55.853  9793  9826 I pixel-thermal: VIRTUAL-SKIN-ODPM-MODEL: model_output: [31228 ]
07-13 11:31:55.853  9793  9826 I pixel-thermal: VIRTUAL-SKIN-ODPM-MODEL: predicted_value: [31228 ]
07-13 11:31:55.854  9793  9826 I pixel-thermal: VIRTUAL-SKIN-SPEAKER-MODEL: model_input: [32200.00 31861.00 33664.00 31950.00 33353.00 33486.00 33286.00 33575.00 31839.00 ]
07-13 11:31:55.854  9793  9826 I native  : I0000 00:00:1783909915.854430    9826 thermal_tflite_wrapper.cc:261] ThermalTfliteInvoke
07-13 11:31:55.854  9793  9826 I pixel-thermal: VIRTUAL-SKIN-SPEAKER-MODEL: model_output: [31597.9 ]
07-13 11:31:55.854  9793  9826 I pixel-thermal: VIRTUAL-SKIN-SPEAKER-MODEL: predicted_value: [31597.9 ]
07-13 11:31:55.854  9793  9826 I pixel-thermal: STATS-UPDATOR:0 raw data: EXTREME-SOC-CONDITION-CHECK:0 MAIN_SOC_POWER:439.966 MODEL_CAMERA_PWR:1.35705 MODEL_DISPLAY_PWR:463.099 MODEL_MISC_PWR:369.562 MODEL_MODEM_PWR:46.7099 MODEL_RFFE_PWR:1.51136 MODEL_WLAN_BT_PWR:81.9662 NORTH_THERM-UNDER-THRESHOLD:1 NORTH_THERM-VSKIN-DIFF-DURING-NORTH_THERM-OVER-THRESHOLD:-998990 NORTH_THERM-VSKIN-DIFF-DURING-VSKIN-OVER-52:-998990 QUIET_THERM-UNDER-THRESHOLD:1 QUIET_THERM-VSKIN-DIFF-DURING-QUIET_THERM-OVER-THRESHOLD:-998857 QUIET_THERM-VSKIN-DIFF-DURING-VSKIN-OVER-52:-998857 RFPA_THERM-UNDER-THRESHOLD:1 RFPA_THERM-VSKIN-DIFF-DURING-RFPA_THERM-OVER-THRESHOLD:-999057 RFPA_THERM-VSKIN-DIFF-DURING-VSKIN-OVER-52:-999057 SOC_THERM-UNDER-THRESHOLD:1 SOC_THERM-VSKIN-DIFF-DURING-SOC_THERM-OVER-THRESHOLD:-998768 SOC_THERM-VSKIN-DIFF-DURING-VSKIN-OVER-52:-998768 STATS-UPDATOR:0 TPU_35S:0 VIRTUAL-SKIN:32343.4 VIRTUAL-SKIN-LEGACY:32574.8 VIRTUAL-SKIN-MODEL:32343.2 VIRTUAL-SKIN-MODEL-LEGACY-DIFF:-231.549 VIRTUAL-SKIN-ODPM-MODEL:31228 VIRTUAL-SKIN-SPEAKER-MODEL:31597.9 VSKIN-SKIN-UNDER-52:1 battery:32200 btmspkr_therm:31861 charging_therm:33664 disp_therm:31950 north_therm:33353 quiet_therm:33486 rfpa_therm:33286 soc_therm:33575 usb_pwr_therm:31839 
07-13 11:31:55.854  9793  9826 I pixel-thermal: VIRTUAL-SKIN-CPU-HIGH:32.3434 raw data: VIRTUAL-SKIN:32343.4 VIRTUAL-SKIN-CPU-HIGH:32343.4 
07-13 11:31:55.854  9793  9826 I pixel-thermal: cellular-emergency:32.3434 raw data: VIRTUAL-SKIN:32343.4 cellular-emergency:32343.4 
07-13 11:31:55.866  1365  1365 D AOC     : A3:MSG: lsm6dsv_device.cc, 732: USF: Lsm6dsvDevice: Sensor 3: Enabled 0, odr_index 0, period_ns 0.
07-13 11:31:55.866  1365  1365 D AOC     : A3:MSG: lsm6dsv_fifo.cc, 755: USF: Lsm6dsvFifo: ODR: XL/G/T/TS: 60/60/15/7 WM: 6 Intr: 24.
07-13 11:31:55.867  1365  1365 D AOC     : A3:MSG: lsm6dsv_device.cc, 641: USF: Lsm6dsvDevice: Fifo was disabled for 896036ns.
07-13 11:31:55.867  1365  1365 D AOC     : A3:MSG: usf_sensor.cc, 1866: USF: Received start sampling request for LSM6DSV Accelerometer (active:5).
07-13 11:31:55.868  1365  1365 D AOC     : A3:MSG: usf_sensor.cc, 1866: USF: Received start sampling request for LSM6DSV Stationary Detect (active:1).
07-13 11:31:55.870  1365  1365 D AOC     : A3:MSG: lsm6dsv_device.cc, 732: USF: Lsm6dsvDevice: Sensor 4: Enabled 1, odr_index 1, period_ns 500000000.
07-13 11:31:55.870  1365  1365 D AOC     : A3:MSG: lsm6dsv_fifo.cc, 755: USF: Lsm6dsvFifo: ODR: XL/G/T/TS: 60/60/15/7 WM: 6 Intr: 24.
07-13 11:31:55.871  1365  1365 D AOC     : CHRE: DRAM vote count begins
07-13 11:31:55.871  1365  1365 D AOC     : A3:MSG: lsm6dsv_device.cc, 641: USF: Lsm6dsvDevice: Fifo was disabled for 786174ns.
07-13 11:31:55.872  1365  1365 D AOC     : A3:MSG: motion_state_sensor.cc, 328: USF: MoSt: StationaryDetect sampling started with sampling ID 134432.
07-13 11:31:55.874  1365  1365 D AOC     : A3:MSG: usf_sensor.cc, 1866: USF: Received start sampling request for LSM6DSV Accelerometer (active:6).
07-13 11:31:55.874  1365  1365 D AOC     : A3:MSG: lsm6dsv_device.cc, 732: USF: Lsm6dsvDevice: Sensor 0: Enabled 1, odr_index 5, period_ns 20000000.
07-13 11:31:55.875  1365  1365 D AOC     : A3:MSG: lsm6dsv_fifo.cc, 755: USF: Lsm6dsvFifo: ODR: XL/G/T/TS: 60/60/15/7 WM: 6 Intr: 24.
07-13 11:31:55.875  1365  1365 D AOC     : A3:MSG: lsm6dsv_device.cc, 641: USF: Lsm6dsvDevice: Fifo was disabled for 462077ns.
07-13 11:31:55.878  1365  1365 D AOC     : CHRE: DRAM vote count ends: 0 ms
07-13 11:31:55.878  1365  1365 D AOC     : A3:MSG: usf_sensor.cc, 1866: USF: Received start sampling request for LSM6DSV Accelerometer (active:6).
07-13 11:31:55.878  1110  1142 I CHRE    : @ 829188.230: [AR] IDLE => ON
07-13 11:31:55.879  1365  1365 D AOC     : A3:MSG: usf_sensor.cc, 1866: USF: Received start sampling request for LSM6DSV FreeFall Detect (active:1).
07-13 11:31:55.881  1365  1365 D AOC     : A3:MSG: lsm6dsv_device.cc, 732: USF: Lsm6dsvDevice: Sensor 5: Enabled 1, odr_index 2, period_ns 500000000.
07-13 11:31:55.881  1365  1365 D AOC     : A3:MSG: lsm6dsv_fifo.cc, 755: USF: Lsm6dsvFifo: ODR: XL/G/T/TS: 60/60/15/7 WM: 6 Intr: 24.
07-13 11:31:55.882  1365  1365 D AOC     : A3:MSG: lsm6dsv_device.cc, 641: USF: Lsm6dsvDevice: Fifo was disabled for 728190ns.
07-13 11:31:55.884  1365  1365 D AOC     : A3:MSG: usf_sensor.cc, 1866: USF: Received start sampling request for LSM6DSV Stationary Detect (active:2).
07-13 11:31:56.346 10305 23575 I NearbyMediums: No BLE Fast/GATT advertisements found in the latest cycle.
07-13 11:31:56.346 10305 23575 I NearbyMediums: Current Tracked Scanning Clients are : {NearbyConnections.EnvironmentMonitor, NearbySharing, NearbyConnections.TxAdvertisement}
07-13 11:31:56.419 22341 24283 W adbd    : timed out while waiting for FUNCTIONFS_BIND, trying again
07-13 11:31:56.420 22341 24283 I adbd    : UsbFfs: connection terminated: monitor thread finished
07-13 11:31:56.437 22341 22346 I adbd    : opening control endpoint /dev/usb-ffs/adb/ep0
07-13 11:31:56.596  1362  1362 W TracingMuxer: type=1400 audit(0.0:541802): avc:  denied  { write } for  name="traced_producer" dev="tmpfs" ino=1317 scontext=u:r:gxp_logging:s0 tcontext=u:object_r:traced_producer_socket:s0 tclass=sock_file permissive=0
07-13 11:31:57.112  3229  3387 I twoshay.touchsuez: TouchVeetwoErrorMetrics queued (4), missed frame = 2
07-13 11:31:57.206  2326  2327 I deeptouch: I0000 00:00:1783909917.204132    2327 tf_lite_classifier.cc:415] Event stream classified as kNone
07-13 11:31:57.262  1672  2145 D InetDiagMessage: Destroyed 0 sockets, proto=IPPROTO_TCP, family=AF_INET, states=14
07-13 11:31:57.263  1672  2145 D InetDiagMessage: Destroyed 0 sockets, proto=IPPROTO_TCP, family=AF_INET6, states=14
07-13 11:31:57.264  1672  2145 D InetDiagMessage: Destroyed live tcp sockets for uids={10150} in 5ms
07-13 11:31:57.265  1672  2145 D InetDiagMessage: Destroyed 0 sockets, proto=IPPROTO_TCP, family=AF_INET, states=14
07-13 11:31:57.267  1672  2145 D InetDiagMessage: Destroyed 0 sockets, proto=IPPROTO_TCP, family=AF_INET6, states=14
07-13 11:31:57.267  1672  2145 D InetDiagMessage: Destroyed live tcp sockets for uids={20150} in 4ms
07-13 11:31:57.270  1672  2145 D InetDiagMessage: Destroyed 0 sockets, proto=IPPROTO_TCP, family=AF_INET, states=14
07-13 11:31:57.272  1672  2145 D InetDiagMessage: Destroyed 0 sockets, proto=IPPROTO_TCP, family=AF_INET6, states=14
07-13 11:31:57.272  1672  2145 D InetDiagMessage: Destroyed live tcp sockets for uids={10119} in 4ms
07-13 11:31:57.275  1672  2145 D InetDiagMessage: Destroyed 0 sockets, proto=IPPROTO_TCP, family=AF_INET, states=14
07-13 11:31:57.277  1672  2145 D InetDiagMessage: Destroyed 0 sockets, proto=IPPROTO_TCP, family=AF_INET6, states=14
07-13 11:31:57.277  1672  2145 D InetDiagMessage: Destroyed live tcp sockets for uids={20119} in 4ms
07-13 11:31:57.310  2516  2768 D TemperatureStateSource: sequence=57818 actualDelay=10001
07-13 11:31:57.311  2516  2768 D TemperatureStateSource: Reading temperature: sequence=57819
07-13 11:31:57.314  9793  9793 I pixel-thermal: CPU_THROTTLE_SEVERE:0 raw data: CPU_THROTTLE_SEVERE:0 
07-13 11:31:57.314  9793  9793 I pixel-thermal: VIRTUAL-SKIN:32.3434 raw data: VIRTUAL-SKIN:32343.4 
07-13 11:31:57.315  2516  2768 D TemperatureStateSource: getDeviceTemperatures: sequence=57819 deviceTemperatureType=3 temperatureSource=0 temperatures=[32.34339]
07-13 11:31:57.315  2516  2768 D BusinessScope: Enqueuing the block
07-13 11:31:57.315  2516  2768 D TemperatureStateSource: sequence=57819 waitTime=10000
07-13 11:31:57.315  2516  2650 D BusinessScope: Start running the #119575 block
07-13 11:31:57.316  2516  2650 D BusinessScope: Enqueuing the block
07-13 11:31:57.316  2516  2650 D ImpulseStateSource: Notify clients: 59780
07-13 11:31:57.316  2516  2650 D BusinessScope: Finish running the #119575 block
07-13 11:31:57.316  2516  2650 D BusinessScope: Start running the #119576 block
07-13 11:31:57.317  2516  2650 D BusinessScope: Finish running the #119576 block
07-13 11:31:57.351  2455 13205 D IpClient/wlan0: interfaceLinkStateChanged: ifindex 47 up
07-13 11:31:57.445 22341 24297 W adbd    : timed out while waiting for FUNCTIONFS_BIND, trying again
07-13 11:31:57.445 22341 24297 I adbd    : UsbFfs: connection terminated: monitor thread finished
07-13 11:31:57.465 22341 22346 I adbd    : opening control endpoint /dev/usb-ffs/adb/ep0
07-13 11:31:57.639 23954 24304 D ProfileInstaller: Installing profile for com.saidlog.app
07-13 11:31:57.761  1672  2145 D InetDiagMessage: Destroyed 0 sockets, proto=IPPROTO_TCP, family=AF_INET, states=14
07-13 11:31:57.763  1672  2145 D InetDiagMessage: Destroyed 0 sockets, proto=IPPROTO_TCP, family=AF_INET6, states=14
07-13 11:31:57.763  1672  2145 D InetDiagMessage: Destroyed live tcp sockets for uids={10516} in 6ms
07-13 11:31:57.765  1672  2145 D InetDiagMessage: Destroyed 0 sockets, proto=IPPROTO_TCP, family=AF_INET, states=14
07-13 11:31:57.766  1672  2145 D InetDiagMessage: Destroyed 0 sockets, proto=IPPROTO_TCP, family=AF_INET6, states=14
07-13 11:31:57.766  1672  2145 D InetDiagMessage: Destroyed live tcp sockets for uids={20516} in 4ms
07-13 11:31:58.267  2326  2327 I deeptouch: I0000 00:00:1783909918.267286    2327 tf_lite_classifier.cc:415] Event stream classified as kNone
07-13 11:31:58.473 22341 24303 W adbd    : timed out while waiting for FUNCTIONFS_BIND, trying again
07-13 11:31:58.473 22341 24303 I adbd    : UsbFfs: connection terminated: monitor thread finished
07-13 11:31:58.496 22341 22346 I adbd    : opening control endpoint /dev/usb-ffs/adb/ep0
07-13 11:31:58.702  1167  2221 I WifiHAL : Creating message to get link statistics; iface = 47
07-13 11:31:58.757  1167  1279 I WifiHAL : Getting cached scan results, iface handle = 0xb4000072c6113cd0
07-13 11:31:58.758  1167  1279 E WifiHAL : Creating message to get cached scan results
07-13 11:31:58.762  1167  1279 I WifiHAL : In GetCachedScanResultsCommand::handleResponse
07-13 11:31:58.786  1167  1279 D WifiHAL : Start debug command: mType GET_FEATURE
07-13 11:31:58.786  1167  1279 I WifiHAL : CreateRequest mType = GET_FEATURE
07-13 11:31:58.786  1167  1279 D WifiHAL : In DebugCommand::handleResponse, mType:GET_FEATURE
07-13 11:31:58.786  1167  1279 D WifiHAL : len = 4, expected len = 4
07-13 11:31:58.788  1672  2138 I HalDevMgr: bestIfaceCreationProposal is null, requestIface=STA, existingIface=[name=wlan0 type=STA]
07-13 11:31:58.838 24034 24170 E ashmem  : readlink(/proc/self/fd/112) failed: Operation not permitted
07-13 11:31:58.839 24034 24170 E ashmem  : readlink(/proc/self/fd/128) failed: Operation not permitted
07-13 11:31:58.845 24034 24170 E ashmem  : readlink(/proc/self/fd/124) failed: Operation not permitted
07-13 11:31:58.885  2326  2327 I deeptouch: I0000 00:00:1783909918.885135    2327 tf_lite_classifier.cc:415] Event stream classified as kNone
07-13 11:31:59.326  1672  2145 D InetDiagMessage: Destroyed 0 sockets, proto=IPPROTO_TCP, family=AF_INET, states=14
07-13 11:31:59.327  1672  2145 D InetDiagMessage: Destroyed 0 sockets, proto=IPPROTO_TCP, family=AF_INET6, states=14
07-13 11:31:59.327  1672  2145 D InetDiagMessage: Destroyed live tcp sockets for uids={10196} in 2ms
07-13 11:31:59.328  1672  2145 D InetDiagMessage: Destroyed 0 sockets, proto=IPPROTO_TCP, family=AF_INET, states=14
07-13 11:31:59.328  1672  2145 D InetDiagMessage: Destroyed 0 sockets, proto=IPPROTO_TCP, family=AF_INET6, states=14
07-13 11:31:59.328  1672  2145 D InetDiagMessage: Destroyed live tcp sockets for uids={20196} in 2ms
07-13 11:31:59.505 22341 24305 W adbd    : timed out while waiting for FUNCTIONFS_BIND, trying again
07-13 11:31:59.505 22341 24305 I adbd    : UsbFfs: connection terminated: monitor thread finished
07-13 11:31:59.529 22341 22346 I adbd    : opening control endpoint /dev/usb-ffs/adb/ep0
07-13 11:32:00.534 22341 24308 W adbd    : timed out while waiting for FUNCTIONFS_BIND, trying again
07-13 11:32:00.534 22341 24308 I adbd    : UsbFfs: connection terminated: monitor thread finished
07-13 11:32:00.565 22341 22346 I adbd    : opening control endpoint /dev/usb-ffs/adb/ep0
07-13 11:32:01.489  1365  1365 D AOC     : A3:MSG: lsm6dsv_device.cc, 732: USF: Lsm6dsvDevice: Sensor 4: Enabled 0, odr_index 0, period_ns 0.
07-13 11:32:01.490  1365  1365 D AOC     : A3:MSG: lsm6dsv_fifo.cc, 755: USF: Lsm6dsvFifo: ODR: XL/G/T/TS: 60/60/15/7 WM: 6 Intr: 24.
07-13 11:32:01.490  1365  1365 D AOC     : A3:MSG: lsm6dsv_device.cc, 641: USF: Lsm6dsvDevice: Fifo was disabled for 1382813ns.
07-13 11:32:01.491  1365  1365 D AOC     : A3:MSG: usf_sensor.cc, 1866: USF: Received start sampling request for LSM6DSV Motion Detect (active:1).
07-13 11:32:01.492  1365  1365 D AOC     : A3:MSG: lsm6dsv_device.cc, 732: USF: Lsm6dsvDevice: Sensor 3: Enabled 1, odr_index 1, period_ns 500000000.
07-13 11:32:01.492  1365  1365 D AOC     : A3:MSG: lsm6dsv_fifo.cc, 755: USF: Lsm6dsvFifo: ODR: XL/G/T/TS: 60/60/15/7 WM: 6 Intr: 24.
07-13 11:32:01.493  1365  1365 D AOC     : A3:MSG: lsm6dsv_device.cc, 641: USF: Lsm6dsvDevice: Fifo was disabled for 555827ns.
07-13 11:32:01.494  1365  1365 D AOC     : A3:MSG: motion_state_sensor.cc, 328: USF: MoSt: MotionDetect sampling started with sampling ID 134435.
07-13 11:32:01.496  1365  1365 D AOC     : A3:MSG: usf_sensor.cc, 1866: USF: Received start sampling request for LSM6DSV Motion Detect (active:2).
07-13 11:32:01.497  1365  1365 D AOC     : A3:MSG: usf_sensor.cc, 1881: USF: Received stop sampling request for LSM6DSV FreeFall Detect (active:0).
07-13 11:32:01.498  1365  1365 D AOC     : A3:MSG: lsm6dsv_device.cc, 732: USF: Lsm6dsvDevice: Sensor 5: Enabled 0, odr_index 0, period_ns 0.
07-13 11:32:01.498  1365  1365 D AOC     : A3:MSG: lsm6dsv_fifo.cc, 755: USF: Lsm6dsvFifo: ODR: XL/G/T/TS: 60/60/15/7 WM: 6 Intr: 24.
07-13 11:32:01.499  1365  1365 D AOC     : A3:MSG: lsm6dsv_device.cc, 641: USF: Lsm6dsvDevice: Fifo was disabled for 555582ns.
07-13 11:32:01.571 22341 24312 W adbd    : timed out while waiting for FUNCTIONFS_BIND, trying again
07-13 11:32:01.571 22341 24312 I adbd    : UsbFfs: connection terminated: monitor thread finished
07-13 11:32:01.597 22341 22346 I adbd    : opening control endpoint /dev/usb-ffs/adb/ep0
07-13 11:32:01.793  1167  1279 I WifiHAL : Creating message to get link statistics; iface = 47
07-13 11:32:01.879  1167  2221 I WifiHAL : Getting cached scan results, iface handle = 0xb4000072c6113cd0
07-13 11:32:01.879  1167  2221 E WifiHAL : Creating message to get cached scan results
07-13 11:32:01.884  1167  2221 I WifiHAL : In GetCachedScanResultsCommand::handleResponse
07-13 11:32:01.917  2326  2327 I deeptouch: I0000 00:00:1783909921.917123    2327 tf_lite_classifier.cc:415] Event stream classified as kNone
07-13 11:32:01.935  2600  3978 W SHANNON_IMS: 3787 [CONN] NetworkSpecifier and TransportInfo are not valid (DefaultNetworkCallback%updateSubscriptionId:121)
07-13 11:32:01.935  2600  3978 I SHANNON_IMS: 3791 [CONN] network:189 WIFI connected, subId: -1 [SLID:0] (DefaultNetworkCallback%onCapabilitiesChanged:76)
07-13 11:32:01.938  2600  4048 W SHANNON_IMS: 3789 [CONN] NetworkSpecifier and TransportInfo are not valid (DefaultNetworkCallback%updateSubscriptionId:121)
07-13 11:32:01.938  2600  4048 I SHANNON_IMS: 3792 [CONN] network:189 WIFI connected, subId: -1 [SLID:1] (DefaultNetworkCallback%onCapabilitiesChanged:76)
07-13 11:32:01.941  2988  3145 D IwlanNetworkStatusTracker: onCapabilitiesChanged: 189
07-13 11:32:01.941  2988  3145 D IwlanNetworkStatusTracker: OnCapability : Wifi Available already true and validation status unchanged
07-13 11:32:01.945  2908  2942 D IwlanDataService: onCapabilitiesChanged: 189 [ Transports: WIFI Capabilities: NOT_METERED&INTERNET&NOT_RESTRICTED&TRUSTED&NOT_VPN&VALIDATED&NOT_ROAMING&FOREGROUND&NOT_CONGESTED&NOT_SUSPENDED&NOT_VCN_MANAGED&NOT_BANDWIDTH_CONSTRAINED LinkUpBandwidth>=9069Kbps LinkDnBandwidth>=57259Kbps TransportInfo: <SSID: "Buffalo-A-88A0", BSSID: f2:f8:4a:26:88:aa, MAC: 66:68:81:d6:76:89, IP: /192.168.11.10, Security type: 2, Supplicant state: COMPLETED, Wi-Fi standard: 11ax, RSSI: -54, Link speed: 720Mbps, Tx Link speed: 720Mbps, Max Supported Tx Link speed: 1200Mbps, Calculated Tx : 542Mbps, Rx Link speed: 612Mbps, Max Supported Rx Link speed: 1200Mbps, Calculated Rx : 813Mbps, Frequency: 5700MHz, Net ID: 6, Metered hint: false, score: 100, isUsable: true, CarrierMerged: false, SubscriptionId: -1, IsPrimary: 1, Trusted: true, Restricted: false, Ephemeral: false, OEM paid: false, OEM private: false, OSU AP: false, FQDN: <none>, Provider friendly name: <none>, Requesting package name: <none>"Buffalo-A-88A0"wpa2-pskMLO Information: , Is TID-To-Link negotiation supported by the AP: false, AP MLD Address: <none>, AP MLO Link Id: <none>, AP MLO Affiliated links: <none>, Vendor Data: <none>> SignalStrength: -54 AdminUids: [10122] SSID: "Buffalo-A-88A0" UnderlyingNetworks: Null]
07-13 11:32:01.945  2908  2942 D IwlanDataService: Network 189 connected using transport WIFI
07-13 11:32:01.948  2908  3119 D IwlanNetworkService: onCapabilitiesChanged: 189
07-13 11:32:01.950  1167  2221 D WifiHAL : Start debug command: mType GET_FEATURE
07-13 11:32:01.950  1167  2221 I WifiHAL : CreateRequest mType = GET_FEATURE
07-13 11:32:01.950  1167  2221 D WifiHAL : In DebugCommand::handleResponse, mType:GET_FEATURE
07-13 11:32:01.950  1167  2221 D WifiHAL : len = 4, expected len = 4
07-13 11:32:01.951 10305 10338 I NullBinder: NullBinder for android.net.action.RECOMMEND_NETWORKS triggering remote TransactionTooLargeException due to Service without Chimera impl, calling uid: 1000, calling pid: 0
07-13 11:32:01.951 10305 10338 W libbinder.Binder: Large reply transaction of 1056768 bytes, interface descriptor , code 1, flags 17
07-13 11:32:01.953  1672  1762 D ActivityManager: sync unfroze 24000 com.google.android.apps.privacy.wildlife for 3
07-13 11:32:01.954 24856 25289 D DeviceStateHelper: Wifi freq: 5700
07-13 11:32:01.955  1672  2138 I HalDevMgr: bestIfaceCreationProposal is null, requestIface=STA, existingIface=[name=wlan0 type=STA]
07-13 11:32:01.959  1672  2195 D BackgroundInstallControlService: Package event received: 0
07-13 11:32:01.959  1672  1762 W ProcessStats: Tracking association SourceState{7c6de5b com.google.android.apps.privacy.wildlife/10165 Receivr #1754640} whose proc state 10 is better than process ProcessState{e6cd601 com.google.android.gms/10178 pkg=com.google.android.gms} proc state 14 (23 skipped)
07-13 11:32:01.961  2988  3145 E IwlanNetworkStatusTracker: Could not get Wifi SSID
07-13 11:32:01.963 24856 25350 I WifiSignalInfo: onCapabilitiesChanged: rssi:-54
07-13 11:32:01.995  2575  3841 D SHANNON_RCS: 9607 [0][PROX][TELE] onCapabilitiesChanged, Network: 189, NetworkCapabilities: [ Transports: WIFI Capabilities: NOT_METERED&INTERNET&NOT_RESTRICTED&TRUSTED&NOT_VPN&VALIDATED&NOT_ROAMING&FOREGROUND&NOT_CONGESTED&NOT_SUSPENDED&NOT_VCN_MANAGED&NOT_BANDWIDTH_CONSTRAINED LinkUpBandwidth>=9069Kbps LinkDnBandwidth>=57259Kbps TransportInfo: <SSID: <unknown ssid>, BSSID: 02:00:00:00:00:00, MAC: 02:00:00:00:00:00, IP: /192.168.11.10, Security type: 2, Supplicant state: COMPLETED, Wi-Fi standard: 11ax, RSSI: -54, Link speed: 720Mbps, Tx Link speed: 720Mbps, Max Supported Tx Link speed: 1200Mbps, Calculated Tx : 542Mbps, Rx Link speed: 612Mbps, Max Supported Rx Link speed: 1200Mbps, Calculated Rx : 813Mbps, Frequency: 5700MHz, Net ID: -1, Metered hint: false, score: 100, isUsable: true, CarrierMerged: false, SubscriptionId: -1, IsPrimary: -1, Trusted: true, Restricted: false, Ephemeral: false, OEM paid: false, OEM private: false, OSU AP: false, FQDN: <none>, Provider friendly name: <none>, Requesting package name: <none><none>MLO Information: , Is TID-To-Link negotiation supported by the AP: false, AP MLD Address: <none>, AP MLO Link Id: <none>, AP MLO Affiliated links: <none>, Vendor Data: <none>> SignalStrength: -54 UnderlyingNetworks: Null] (DefaultNetworkCallback%onCapabilitiesChanged:76)
07-13 11:32:01.996  2575  3841 D SHANNON_RCS: 9608 [1][PROX][TELE] onCapabilitiesChanged, Network: 189, NetworkCapabilities: [ Transports: WIFI Capabilities: NOT_METERED&INTERNET&NOT_RESTRICTED&TRUSTED&NOT_VPN&VALIDATED&NOT_ROAMING&FOREGROUND&NOT_CONGESTED&NOT_SUSPENDED&NOT_VCN_MANAGED&NOT_BANDWIDTH_CONSTRAINED LinkUpBandwidth>=9069Kbps LinkDnBandwidth>=57259Kbps TransportInfo: <SSID: <unknown ssid>, BSSID: 02:00:00:00:00:00, MAC: 02:00:00:00:00:00, IP: /192.168.11.10, Security type: 2, Supplicant state: COMPLETED, Wi-Fi standard: 11ax, RSSI: -54, Link speed: 720Mbps, Tx Link speed: 720Mbps, Max Supported Tx Link speed: 1200Mbps, Calculated Tx : 542Mbps, Rx Link speed: 612Mbps, Max Supported Rx Link speed: 1200Mbps, Calculated Rx : 813Mbps, Frequency: 5700MHz, Net ID: -1, Metered hint: false, score: 100, isUsable: true, CarrierMerged: false, SubscriptionId: -1, IsPrimary: -1, Trusted: true, Restricted: false, Ephemeral: false, OEM paid: false, OEM private: false, OSU AP: false, FQDN: <none>, Provider friendly name: <none>, Requesting package name: <none><none>MLO Information: , Is TID-To-Link negotiation supported by the AP: false, AP MLD Address: <none>, AP MLO Link Id: <none>, AP MLO Affiliated links: <none>, Vendor Data: <none>> SignalStrength: -54 UnderlyingNetworks: Null] (DefaultNetworkCallback%onCapabilitiesChanged:76)
07-13 11:32:02.004  1365  1365 D AOC     : CHRE: DRAM vote count begins
07-13 11:32:02.004  1365  1365 D AOC     : CHRE: DRAM vote count ends: 0 ms
07-13 11:32:02.005  1110  1142 D CHRE    : @ 829194.362: Parsed nanoapp message from host: app ID 0x476f6f676c00100b endpoint 0x94 msgType 112 payload size 14
07-13 11:32:02.005  1110  1142 I CHRE    : @ 829194.363: [NanoMinion] received MSG Type 0x70, Version 1, 10 bytes
07-13 11:32:02.005  1110  1142 I CHRE    : @ 829194.363: [AR] context-signal: has_bt=0, bt=0, has_wifi=1, wifi=1
07-13 11:32:02.005  1365  1365 D AOC     : CHRE: DRAM vote count begins
07-13 11:32:02.005  1365  1365 D AOC     : CHRE: DRAM vote count ends: 0 ms
07-13 11:32:02.005  1365  1365 D AOC     : CHRE: DRAM vote count begins
07-13 11:32:02.005  1365  1365 D AOC     : CHRE: DRAM vote count ends: 0 ms
07-13 11:32:02.006 24000 24000 I Wildlife_WildlifeVpnReceiver: ACTION_WIFI_STATE_CHANGED
07-13 11:32:02.011 24000 24000 I Wildlife_WildlifeCobaltEventLoggerImpl: SysUI wifi state changed event logged
07-13 11:32:02.012 24000 24000 I Wildlife_WildlifeVpnManagerImpl: restoreSettingsFromBackupIfNecessary() false, true, false
07-13 11:32:02.013  1672  2145 D ConnectivityService: NetReassign [no changes] [c 0] [a 12] [i 1]
07-13 11:32:02.013 27462 27504 I BugleRcsEngine: handleMessage processing message:[NOTIFY_UPTIME_IGNORE_STATE_CHANGED] with [non-null]:RcsEngineImpl reference [CONTEXT log_prefix="RcsEngineImpl[DUAL_REG]:[d36b2e08-ec90]>Handler" thread_id=251 ]
07-13 11:32:02.015 24856 24977 D ImsPreconditionCheck: {subId=3} handleMessage: { when=0 what=16 target=emf async=false heapIndex=-1 }
07-13 11:32:02.015 24856 24977 D ImsPreconditionCheck: {subId=3} onWifiCapabilitiesChanged: wifiNetworkValidated: true
07-13 11:32:02.015 10305 10305 D BoundBrokerSvc: onRebind: Intent { act=com.google.android.gms.common.telemetry.service.START dat=chimera-action:/... xflg=0x4 cmp=com.google.android.gms/.chimera.PersistentApiService }
07-13 11:32:02.015 27462 27498 I BugleRcsEngine: Connected state: [1], networkType: [WIFI] [CONTEXT thread_id=247 ]
07-13 11:32:02.015 24000 24000 I Wildlife_OpenWifiNudgeManagerImpl: wifiStateChangedFuture
07-13 11:32:02.016 24856 24977 D ImsPreconditionCheck: {subId=2} handleMessage: { when=-1ms what=16 target=emf async=false heapIndex=-1 }
07-13 11:32:02.016 24856 24977 D ImsPreconditionCheck: {subId=2} onWifiCapabilitiesChanged: wifiNetworkValidated: true
07-13 11:32:02.017 10146  7805 I NearbyMediums: Wifi changed new SSID: "Buffalo-A-88A0"
07-13 11:32:02.018 10146  7805 I NearbyMediums: WifiLanConnectivityInfo is not changed, skip notify.
07-13 11:32:02.020  1672  2145 D ConnectivityService: NetReassign [no changes] [c 0] [a 2] [i 2]
07-13 11:32:02.022 27462 27504 I BugleRcsEngine: Cannot use CS.apk as it's battery optimized [CONTEXT thread_id=251 ]
07-13 11:32:02.022 10305 24321 I NearbyMediums: Wifi changed new SSID: "Buffalo-A-88A0"
07-13 11:32:02.022 10305 24321 I NearbyMediums: WifiLanConnectivityInfo is not changed, skip notify.
07-13 11:32:02.023 23964 20437 I CobaltLoggerImpl: (REDACTED) Logging Cobalt occurrence for metric %d-%d-%d, with count %d and event vector %s, for caller: %s
07-13 11:32:02.023 23964 20437 I CobaltLoggerImpl: (REDACTED) Loaded Cobalt registry contains metric: %d-%d-%d
07-13 11:32:02.027 24000 24322 I Wildlife_OpenWifiNudgeManagerImpl: handleWifiStateChanged(): consumer is not active
07-13 11:32:02.033  1672  5880 D ActivityManager: sync unfroze 23640 com.google.android.apps.messaging for 7
07-13 11:32:02.036  1672  2195 D BackgroundInstallControlService: Package event received: 0
07-13 11:32:02.076 24034 24170 E ashmem  : readlink(/proc/self/fd/112) failed: Operation not permitted
07-13 11:32:02.077 24034 24170 E ashmem  : readlink(/proc/self/fd/124) failed: Operation not permitted
07-13 11:32:02.091 24034 24170 E ashmem  : readlink(/proc/self/fd/128) failed: Operation not permitted
07-13 11:32:02.282  2617  2857 D SatelliteController: isInCarrierRoamingNbIotNtn: satellite is disabled
07-13 11:32:02.282  2617  2857 D SatelliteController: getCarrierRoamingNtnConnectType: Checking connect type from PLMN config for subId: 3
07-13 11:32:02.282  2617  2857 D SatelliteController: getCarrierRoamingNtnConnectType: config: null
07-13 11:32:02.287  2600  2600 I SHANNON_IMS: 3793 [PROX] Received onSignalStrengthsChanged [CellSignalStrengthLte: rssi=-65 rsrp=-98 rsrq=-10 rssnr=2 cqiTableIndex=1 cqi=4 ta=5 level=4 parametersUseForLevel=0] [SLID:0 APM:false] (ImsConnectivityProxyListener$ImsPhoneStateListener%onSignalStrengthsChanged:413)
07-13 11:32:02.287  2617  2857 D SatelliteController: getCarrierRoamingNtnConnectType: Falling back to global carrier config connect type: 0
07-13 11:32:02.288  2617  2857 D SatelliteController: updateLastNotifiedCarrierRoamingNtnSignalStrengthAndNotify(3)
07-13 11:32:02.288  2617  2857 D SatelliteController: updateLastNotifiedCarrierRoamingNtnSignalStrengthAndNotify(3) lastNotifiedSignalStrength level: 0
07-13 11:32:02.288  2617  2857 D SatelliteController: updateLastNotifiedCarrierRoamingNtnSignalStrengthAndNotify(3) currSignalStrength level: 0
07-13 11:32:02.604 22341 24317 W adbd    : timed out while waiting for FUNCTIONFS_BIND, trying again
07-13 11:32:02.604 22341 24317 I adbd    : UsbFfs: connection terminated: monitor thread finished
07-13 11:32:02.623  9793  9826 I pixel-thermal: disp_therm:31.883 raw data: disp_therm:31883 
07-13 11:32:02.624  9793  9826 I pixel-thermal: VIRTUAL-USB-UI:0 raw data: USB-MINUS-CHARGER:-2293 VIRTUAL-USB-UI:0 charging_therm:34176 usb_pwr_therm:31883 
07-13 11:32:02.624  9793  9826 I pixel-thermal: btmspkr_therm:31.928 raw data: btmspkr_therm:31928 
07-13 11:32:02.624  9793  9826 I pixel-thermal: usb_pwr_therm:31.883 raw data: usb_pwr_therm:31883 
07-13 11:32:02.624 22341 22346 I adbd    : opening control endpoint /dev/usb-ffs/adb/ep0
07-13 11:32:02.625  9793  9826 I pixel-thermal: VIRTUAL-USB-THROTTLING:0 raw data: USB-MINUS-CHARGER:-2293 VIRTUAL-USB-THROTTLING:0 usb_pwr_therm:31883 
07-13 11:32:02.752  1672  2067 D ActivityManager: freezing 14500 com.microsoft.office.outlook
07-13 11:32:02.760  1672  2145 D InetDiagMessage: Destroyed 0 sockets, proto=IPPROTO_TCP, family=AF_INET, states=14
07-13 11:32:02.762  1672  2145 D InetDiagMessage: Destroyed 0 sockets, proto=IPPROTO_TCP, family=AF_INET6, states=14
07-13 11:32:02.762  1672  2145 D InetDiagMessage: Destroyed live tcp sockets for uids={10516} in 4ms
07-13 11:32:02.829 10146  7805 I NearbySharing: Network state changed: NetworkState(isRestricted=false, isOnline=true, isCongested=false, isMetered=false, isWifiConnected=true)
07-13 11:32:02.832 10305 24321 I NearbySharing: Network state changed: NetworkState(isRestricted=false, isOnline=true, isCongested=false, isMetered=false, isWifiConnected=true)
07-13 11:32:02.833 10305 24324 I NearbySharing: Network state changed: NetworkState(isRestricted=false, isOnline=true, isCongested=false, isMetered=false, isWifiConnected=true)
07-13 11:32:02.860  9793  9826 I pixel-thermal: VIRTUAL-SKIN-MODEL: model_input: [33531.00 33709.00 34176.00 31883.00 31928.00 31883.00 33575.00 35245.00 ]
07-13 11:32:02.861  9793  9826 I native  : I0000 00:00:1783909922.860946    9826 thermal_tflite_wrapper.cc:261] ThermalTfliteInvoke
07-13 11:32:02.861  9793  9826 I pixel-thermal: VIRTUAL-SKIN-MODEL: model_output: [32407.6 ]
07-13 11:32:02.861  9793  9826 I pixel-thermal: VIRTUAL-SKIN-MODEL: predicted_value: [32407.6 ]
07-13 11:32:02.861  9793  9826 I pixel-thermal: VIRTUAL-SKIN-CPU-MID:32.3691 raw data: VIRTUAL-SKIN:32369.1 VIRTUAL-SKIN-CPU-MID:32369.1 VIRTUAL-SKIN-LEGACY:32684 VIRTUAL-SKIN-LEGACY-MODEL-DIFF:276.361 VIRTUAL-SKIN-LEGACY-SHUTDOWN:0 VIRTUAL-SKIN-MODEL:32407.6 VIRTUAL-SKIN-MODEL-CLAMPED:32407.6 VIRTUAL-SKIN-MODEL-LEGACY-DIFF:-276.361 VIRTUAL-SKIN-MODEL-UPDATED:32369.1 VIRTUAL-SKIN-MODEL-UPPER-CLAMPED:32407.6 VIRTUAL-SKIN-SUB-0:31621.7 VIRTUAL-SKIN-SUB-1:32668.6 VIRTUAL-SKIN-SUB-2:32362.8 VIRTUAL-SKIN-SUB-3:32682.7 VIRTUAL-SKIN-SUB-4:32684 VT_LEGACY_WEIGHT:0 VT_MODEL_WEIGHT:1 battery:32200 btmspkr_therm:31928 charging_therm:34176 disp_therm:31883 north_therm:33575 quiet_therm:33709 rfpa_therm:33531 soc_therm:35245 usb_pwr_therm:31883 
07-13 11:32:02.862  9793  9826 I pixel-thermal: VIRTUAL-SKIN-SOC:32.3691 raw data: VIRTUAL-SKIN:32369.1 VIRTUAL-SKIN-SOC:32369.1 
07-13 11:32:02.862  9793  9826 I pixel-thermal: VIRTUAL-SKIN-DISPLAY:32.3691 raw data: VIRTUAL-SKIN:32369.1 VIRTUAL-SKIN-DISPLAY:32369.1 
07-13 11:32:02.862  9793  9826 I pixel-thermal: CPU_THROTTLE_SEVERE:0 raw data: CPU_THROTTLE_SEVERE:0 
07-13 11:32:02.862  9793  9826 I pixel-thermal: VIRTUAL-SKIN:32.3691 raw data: VIRTUAL-SKIN:32369.1 
07-13 11:32:02.862  9793  9826 I pixel-thermal: VIRTUAL-SKIN-HINT:32.3691 raw data: VIRTUAL-SKIN:32369.1 VIRTUAL-SKIN-HINT:32369.1 
07-13 11:32:02.862  9793  9826 I pixel-thermal: VIRTUAL-SKIN-CPU-LIGHT-ODPM:32.3691 raw data: VIRTUAL-SKIN:32369.1 VIRTUAL-SKIN-CPU-LIGHT-ODPM:32369.1 
07-13 11:32:02.862  9793  9826 I pixel-thermal: VIRTUAL-SKIN-CPU-ODPM:32.3691 raw data: VIRTUAL-SKIN:32369.1 VIRTUAL-SKIN-CPU-ODPM:32369.1 
07-13 11:32:02.862  9793  9826 I pixel-thermal: VIRTUAL-SKIN-ODPM-MODEL: model_input: [33531.00 33709.00 34176.00 31883.00 31928.00 31883.00 33575.00 35245.00 32200.00 374.95 1.35 469.69 47.16 1.51 81.65 ]
07-13 11:32:02.862  9793  9826 I native  : I0000 00:00:1783909922.862839    9826 thermal_tflite_wrapper.cc:261] ThermalTfliteInvoke
07-13 11:32:02.862  9793  9826 I pixel-thermal: VIRTUAL-SKIN-ODPM-MODEL: model_output: [31661.7 ]
07-13 11:32:02.862  9793  9826 I pixel-thermal: VIRTUAL-SKIN-ODPM-MODEL: predicted_value: [31661.7 ]
07-13 11:32:02.863  9793  9826 I pixel-thermal: VIRTUAL-SKIN-SPEAKER-MODEL: model_input: [32200.00 31928.00 34176.00 31883.00 33575.00 33709.00 33531.00 35245.00 31883.00 ]
07-13 11:32:02.863  9793  9826 I native  : I0000 00:00:1783909922.863618    9826 thermal_tflite_wrapper.cc:261] ThermalTfliteInvoke
07-13 11:32:02.863  9793  9826 I pixel-thermal: VIRTUAL-SKIN-SPEAKER-MODEL: model_output: [32110.4 ]
07-13 11:32:02.863  9793  9826 I pixel-thermal: VIRTUAL-SKIN-SPEAKER-MODEL: predicted_value: [32110.4 ]
