07-06 23:12:15.972 D/InetDiagMessage( 1672): Destroyed live tcp sockets for uids={10515} in 4ms
07-06 23:12:15.974 D/InetDiagMessage( 1672): Destroyed 0 sockets, proto=IPPROTO_TCP, family=AF_INET, states=14
07-06 23:12:15.975 D/InetDiagMessage( 1672): Destroyed 0 sockets, proto=IPPROTO_TCP, family=AF_INET6, states=14
07-06 23:12:15.976 D/InetDiagMessage( 1672): Destroyed live tcp sockets for uids={20515} in 4ms
07-06 23:12:16.073 I/adbd    ( 1389): adbd service requested 'shell,v2:wm size'
07-06 23:12:16.090 I/pixel-thermal( 9793): VIRTUAL-SKIN-MODEL: model_input: [35534.00 36602.00 35935.00 32907.00 32907.00 32796.00 35690.00 36380.00 ]
07-06 23:12:16.091 I/native  ( 9793): I0000 00:00:1783347136.090855    9826 thermal_tflite_wrapper.cc:261] ThermalTfliteInvoke
07-06 23:12:16.091 I/pixel-thermal( 9793): VIRTUAL-SKIN-MODEL: model_output: [34061.7 ]
07-06 23:12:16.091 I/pixel-thermal( 9793): VIRTUAL-SKIN-MODEL: predicted_value: [34061.7 ]
07-06 23:12:16.091 I/pixel-thermal( 9793): VIRTUAL-SKIN-CPU-MID:34.1458 raw data: VIRTUAL-SKIN:34145.8 VIRTUAL-SKIN-CPU-MID:34145.8 VIRTUAL-SKIN-LEGACY:34392.4 VIRTUAL-SKIN-LEGACY-MODEL-DIFF:330.73 VIRTUAL-SKIN-LEGACY-SHUTDOWN:0 VIRTUAL-SKIN-MODEL:34061.7 VIRTUAL-SKIN-MODEL-CLAMPED:34061.7 VIRTUAL-SKIN-MODEL-LEGACY-DIFF:-330.73 VIRTUAL-SKIN-MODEL-UPDATED:34145.8 VIRTUAL-SKIN-MODEL-UPPER-CLAMPED:34061.7 VIRTUAL-SKIN-SUB-0:33335.1 VIRTUAL-SKIN-SUB-1:34125 VIRTUAL-SKIN-SUB-2:34027.1 VIRTUAL-SKIN-SUB-3:34392.4 VIRTUAL-SKIN-SUB-4:34164.9 VT_LEGACY_WEIGHT:0 VT_MODEL_WEIGHT:1 battery:34100 btmspkr_therm:32907 charging_therm:35935 disp_therm:32796 north_therm:35690 quiet_therm:36602 rfpa_therm:35534 soc_therm:36380 usb_pwr_therm:32907 
07-06 23:12:16.091 I/pixel-thermal( 9793): north_therm:35.69 raw data: north_therm:35690 
07-06 23:12:16.092 I/pixel-thermal( 9793): VIRTUAL-SKIN-SOC:34.1458 raw data: VIRTUAL-SKIN:34145.8 VIRTUAL-SKIN-SOC:34145.8 
07-06 23:12:16.092 I/pixel-thermal( 9793): VIRTUAL-SKIN-DISPLAY:34.1458 raw data: VIRTUAL-SKIN:34145.8 VIRTUAL-SKIN-DISPLAY:34145.8 
07-06 23:12:16.092 I/pixel-thermal( 9793): CPU_THROTTLE_SEVERE:0 raw data: CPU_THROTTLE_SEVERE:0 
07-06 23:12:16.092 I/pixel-thermal( 9793): VIRTUAL-SKIN:34.1458 raw data: VIRTUAL-SKIN:34145.8 
07-06 23:12:16.092 I/pixel-thermal( 9793): VIRTUAL-SKIN-HINT:34.1458 raw data: VIRTUAL-SKIN:34145.8 VIRTUAL-SKIN-HINT:34145.8 
07-06 23:12:16.092 I/pixel-thermal( 9793): VIRTUAL-SKIN-CPU-LIGHT-ODPM:34.1458 raw data: VIRTUAL-SKIN:34145.8 VIRTUAL-SKIN-CPU-LIGHT-ODPM:34145.8 
07-06 23:12:16.092 I/pixel-thermal( 9793): VIRTUAL-SKIN-CPU-ODPM:34.1458 raw data: VIRTUAL-SKIN:34145.8 VIRTUAL-SKIN-CPU-ODPM:34145.8 
07-06 23:12:16.092 I/pixel-thermal( 9793): VIRTUAL-SKIN-ODPM-MODEL: model_input: [35534.00 36602.00 35935.00 32907.00 32907.00 32796.00 35690.00 36380.00 34100.00 559.74 1.77 203.88 31.70 0.38 290.45 ]
07-06 23:12:16.092 I/native  ( 9793): I0000 00:00:1783347136.092893    9826 thermal_tflite_wrapper.cc:261] ThermalTfliteInvoke
07-06 23:12:16.093 I/pixel-thermal( 9793): VIRTUAL-SKIN-ODPM-MODEL: model_output: [33289.9 ]
07-06 23:12:16.093 I/pixel-thermal( 9793): VIRTUAL-SKIN-ODPM-MODEL: predicted_value: [33289.9 ]
07-06 23:12:16.094 I/pixel-thermal( 9793): VIRTUAL-SKIN-SPEAKER-MODEL: model_input: [34100.00 32907.00 35935.00 32796.00 35690.00 36602.00 35534.00 36380.00 32907.00 ]
07-06 23:12:16.094 I/native  ( 9793): I0000 00:00:1783347136.094218    9826 thermal_tflite_wrapper.cc:261] ThermalTfliteInvoke
07-06 23:12:16.094 I/pixel-thermal( 9793): VIRTUAL-SKIN-SPEAKER-MODEL: model_output: [32791.7 ]
07-06 23:12:16.094 I/pixel-thermal( 9793): VIRTUAL-SKIN-SPEAKER-MODEL: predicted_value: [32791.7 ]
07-06 23:12:16.094 I/pixel-thermal( 9793): STATS-UPDATOR:0 raw data: EXTREME-SOC-CONDITION-CHECK:0 MAIN_SOC_POWER:444.977 MODEL_CAMERA_PWR:1.76995 MODEL_DISPLAY_PWR:203.883 MODEL_MISC_PWR:559.739 MODEL_MODEM_PWR:31.6993 MODEL_RFFE_PWR:0.381274 MODEL_WLAN_BT_PWR:290.45 NORTH_THERM-UNDER-THRESHOLD:1 NORTH_THERM-VSKIN-DIFF-DURING-NORTH_THERM-OVER-THRESHOLD:-998456 NORTH_THERM-VSKIN-DIFF-DURING-VSKIN-OVER-52:-998456 QUIET_THERM-UNDER-THRESHOLD:1 QUIET_THERM-VSKIN-DIFF-DURING-QUIET_THERM-OVER-THRESHOLD:-997544 QUIET_THERM-VSKIN-DIFF-DURING-VSKIN-OVER-52:-997544 RFPA_THERM-UNDER-THRESHOLD:1 RFPA_THERM-VSKIN-DIFF-DURING-RFPA_THERM-OVER-THRESHOLD:-998612 RFPA_THERM-VSKIN-DIFF-DURING-VSKIN-OVER-52:-998612 SOC_THERM-UNDER-THRESHOLD:1 SOC_THERM-VSKIN-DIFF-DURING-SOC_THERM-OVER-THRESHOLD:-997766 SOC_THERM-VSKIN-DIFF-DURING-VSKIN-OVER-52:-997766 STATS-UPDATOR:0 TPU_35S:0 VIRTUAL-SKIN:34145.8 VIRTUAL-SKIN-LEGACY:34392.4 VIRTUAL-SKIN-MODEL:34061.7 VIRTUAL-SKIN-MODEL-LEGACY-DIFF:-330.73 VIRTUAL-SKIN-ODPM-MODEL:33289.9 VIRTUAL-SKIN-SPEAKER-MODEL:32791.7 VSKIN-SKIN-UNDER-52:1 battery:34100 btmspkr_therm:32907 charging_therm:35935 disp_therm:32796 north_therm:35690 quiet_therm:36602 rfpa_therm:35534 soc_therm:36380 usb_pwr_therm:32907 
07-06 23:12:16.094 I/pixel-thermal( 9793): VIRTUAL-SKIN-CPU-HIGH:34.1458 raw data: VIRTUAL-SKIN:34145.8 VIRTUAL-SKIN-CPU-HIGH:34145.8 
07-06 23:12:16.094 I/pixel-thermal( 9793): VIRTUAL-SKIN-CHARGE:33.9745 raw data: VIRTUAL-SKIN-CHARGE:33974.5 VIRTUAL-SKIN-CHARGE-SUB-0:33835.6 VIRTUAL-SKIN-CHARGE-SUB-1:33974.5 btmspkr_therm:32907 charging_therm:35935 disp_therm:32796 north_therm:35690 quiet_therm:36602 rfpa_therm:35534 soc_therm:36380 usb_pwr_therm:32907 
07-06 23:12:16.095 I/pixel-thermal( 9793): VIRTUAL-SKIN-CHARGE power_budget=4152.91 err=4.02553 s_power=2527 time_elapsed_ms=7008 p=479.038 i=1302 d=0 dt_per_min=nan compensation=0 budget transient=0 control target=2 excluded power budget=155.133 (PARTIAL_SYSTEM_POWER: 1292.77 mW, cdev_weight: 0.120000)
07-06 23:12:16.095 I/pixel-thermal( 9793): VIRTUAL-SKIN-CHARGE-WLC:33.5757 raw data: VIRTUAL-SKIN-CHARGE-WLC:33575.7 charging_therm:35935 soc_therm:36380 usb_pwr_therm:32907 
07-06 23:12:16.095 I/pixel-thermal( 9793): VIRTUAL-SKIN-CHARGE-WLC power_budget=4075.9 err=7.42431 s_power=1383 time_elapsed_ms=7008 p=1581.38 i=1383 d=-0 dt_per_min=nan compensation=0 budget transient=0 control target=2 excluded power budget=271.483 (PARTIAL_SYSTEM_POWER: 1292.77 mW, cdev_weight: 0.210000)
07-06 23:12:16.095 I/pixel-thermal( 9793): cellular-emergency:34.1458 raw data: VIRTUAL-SKIN:34145.8 cellular-emergency:34145.8 
07-06 23:12:16.107 E/AppOps  ( 1672): attributionTag IWLAN not declared in manifest of com.google.android.iwlan
07-06 23:12:16.162 D/IpClient/wlan0( 2455): interfaceLinkStateChanged: ifindex 47 up
07-06 23:12:16.168 I/adbd    ( 1389): adbd service requested 'shell,v2:getprop'
07-06 23:12:16.279 I/adbd    ( 1389): adbd service requested 'shell,v2:wm size'
07-06 23:12:16.385 D/AOC     ( 1365): CHRE: DRAM vote count begins
07-06 23:12:16.385 D/AOC     ( 1365): CHRE: DRAM vote count ends: 0 ms
07-06 23:12:16.385 D/AOC     ( 1365): CHRE: DRAM vote count begins
07-06 23:12:16.385 D/AOC     ( 1365): CHRE: DRAM vote count ends: 0 ms
07-06 23:12:16.386 D/CHRE    ( 1110): @ 266398.578: [LONA:WD] Progress: 16/16
07-06 23:12:16.387 I/CHRE    ( 1110): @ 266398.578: [LONA:NS] Scan discarded because of max_scan_acceptance_interval_ns
07-06 23:12:16.387 D/CHRE    ( 1110): @ 266398.578: [LONA:AM] WiFi Data not available
07-06 23:12:16.385 D/WifiNl80211Manager( 1672): Scan result ready event
07-06 23:12:16.387 D/WifiNative( 1672): Scan result ready event
07-06 23:12:16.393 W/IE_Capabilities( 1672): Unknown RSN cipher suite: 6ac0f00
07-06 23:12:16.394 W/IE_Capabilities( 1672): Unknown RSN cipher suite: 6ac0f00
07-06 23:12:16.394 W/IE_Capabilities( 1672): Unknown RSN cipher suite: 6ac0f00
07-06 23:12:16.402 I/WifiScanner(24103): onFullResults
07-06 23:12:16.403 I/WifiScanner(24187): onFullResults
07-06 23:12:16.403 I/WifiScanner(24103): onFullResults
07-06 23:12:16.403 D/PasspointManager( 1672): ANQP entry not found for: 74:06:35:af:e4:32:<740635AFE433-2G>
07-06 23:12:16.404 D/PasspointManager( 1672): ANQP entry not found for: ec:5a:31:9a:0a:52:<Buffalo-2G-0A50>
07-06 23:12:16.405 I/WifiHAL ( 1167): Creating message to get link statistics; iface = 47
07-06 23:12:16.401 I/WifiScanner(24187): onFullResults
07-06 23:12:16.413 I/adbd    ( 1389): adbd service requested 'shell,v2:getprop'
07-06 23:12:16.429 I/adbd    ( 1389): adbd service requested 'shell,v2:logcat --proto'
07-06 23:12:16.436 I/WifiHAL ( 1167): Getting cached scan results, iface handle = 0xb4000072c6113cd0
07-06 23:12:16.437 E/WifiHAL ( 1167): Creating message to get cached scan results
07-06 23:12:16.440 I/WifiHAL ( 1167): In GetCachedScanResultsCommand::handleResponse
07-06 23:12:16.447 D/WifiHAL ( 1167): Start debug command: mType GET_FEATURE
07-06 23:12:16.447 I/WifiHAL ( 1167): CreateRequest mType = GET_FEATURE
07-06 23:12:16.447 D/WifiHAL ( 1167): In DebugCommand::handleResponse, mType:GET_FEATURE
07-06 23:12:16.447 D/WifiHAL ( 1167): len = 4, expected len = 4
07-06 23:12:16.449 I/HalDevMgr( 1672): bestIfaceCreationProposal is null, requestIface=STA, existingIface=[name=wlan0 type=STA]
07-06 23:12:16.491 I/adbd    ( 1389): adbd service requested 'shell,v2:wm size'
07-06 23:12:16.578 I/adbd    ( 1389): adbd service requested 'shell,v2:getprop'
07-06 23:12:16.649 I/adbd    ( 1389): adbd service requested 'shell,v2:wm size'
07-06 23:12:16.754 I/adbd    ( 1389): adbd service requested 'shell,v2:getprop'
07-06 23:12:16.770 I/adbd    ( 1389): adbd service requested 'shell,v2:logcat --proto'
07-06 23:12:16.806 I/RFSD    ( 1333): [RfsService::Nv] ProcessMessage : RFS_IO_REQUEST
07-06 23:12:16.806 D/RFSD    ( 1333): [RfsService::File] Seek temp file
07-06 23:12:16.810 D/RFSD    ( 1333): [RfsService::File] Write temp file
07-06 23:12:16.814 D/RFSD    ( 1333): [RfsService::File] Write temp file
07-06 23:12:16.817 D/RFSD    ( 1333): [RfsService::File] Write temp file
07-06 23:12:16.820 D/RFSD    ( 1333): [RfsService::File] Write temp file
07-06 23:12:16.823 D/RFSD    ( 1333): [RfsService::File] Write temp file
07-06 23:12:16.827 D/RFSD    ( 1333): [RfsService::File] Write temp file
07-06 23:12:16.829 D/RFSD    ( 1333): [RfsService::File] Write temp file
07-06 23:12:16.832 D/RFSD    ( 1333): [RfsService::File] Write temp file
07-06 23:12:16.835 D/RFSD    ( 1333): [RfsService::File] Write temp file
07-06 23:12:16.838 D/RFSD    ( 1333): [RfsService::File] Write temp file
07-06 23:12:16.840 D/RFSD    ( 1333): [RfsService::File] Write temp file
07-06 23:12:16.844 D/RFSD    ( 1333): [RfsService::File] Write temp file
07-06 23:12:16.846 D/RFSD    ( 1333): [RfsService::File] Write temp file
07-06 23:12:16.849 D/RFSD    ( 1333): [RfsService::File] Write temp file
07-06 23:12:16.851 D/RFSD    ( 1333): [RfsService::File] Write temp file
07-06 23:12:16.854 D/RFSD    ( 1333): [RfsService::File] Write temp file
07-06 23:12:16.856 D/RFSD    ( 1333): [RfsService::File] Write temp file
07-06 23:12:16.860 D/RFSD    ( 1333): [RfsService::File] Write temp file
07-06 23:12:16.862 D/RFSD    ( 1333): [RfsService::File] Write temp file
07-06 23:12:16.865 D/RFSD    ( 1333): [RfsService::File] Write temp file
07-06 23:12:16.867 D/RFSD    ( 1333): [RfsService::File] Write temp file
07-06 23:12:16.870 D/RFSD    ( 1333): [RfsService::File] Write temp file
07-06 23:12:16.872 D/RFSD    ( 1333): [RfsService::File] Write temp file
07-06 23:12:16.875 D/RFSD    ( 1333): [RfsService::File] Write temp file
07-06 23:12:16.878 D/RFSD    ( 1333): [RfsService::File] Write temp file
07-06 23:12:16.881 D/RFSD    ( 1333): [RfsService::File] Write temp file
07-06 23:12:16.883 D/RFSD    ( 1333): [RfsService::File] Write temp file
07-06 23:12:16.885 I/adbd    ( 1389): adbd service requested 'shell,v2:wm size'
07-06 23:12:16.886 D/RFSD    ( 1333): [RfsService::File] Write temp file
07-06 23:12:16.888 D/RFSD    ( 1333): [RfsService::File] Write temp file
07-06 23:12:16.891 D/RFSD    ( 1333): [RfsService::File] Write temp file
07-06 23:12:16.894 D/RFSD    ( 1333): [RfsService::File] Write temp file
07-06 23:12:16.897 D/RFSD    ( 1333): [RfsService::File] Write temp file
07-06 23:12:16.900 D/RFSD    ( 1333): [RfsService::File] Write temp file
07-06 23:12:16.904 D/RFSD    ( 1333): [RfsService::File] Write temp file
07-06 23:12:16.907 D/RFSD    ( 1333): [RfsService::File] Write temp file
07-06 23:12:16.911 D/RFSD    ( 1333): [RfsService::File] Write temp file
07-06 23:12:16.913 D/RFSD    ( 1333): [RfsService::File] Write temp file
07-06 23:12:16.916 D/RFSD    ( 1333): [RfsService::File] Write temp file
07-06 23:12:16.919 D/RFSD    ( 1333): [RfsService::File] Write temp file
07-06 23:12:16.922 D/RFSD    ( 1333): [RfsService::File] Write temp file
07-06 23:12:16.924 D/RFSD    ( 1333): [RfsService::File] Write temp file
07-06 23:12:16.927 D/RFSD    ( 1333): [RfsService::File] Write temp file
07-06 23:12:16.930 D/RFSD    ( 1333): [RfsService::File] Write temp file
07-06 23:12:16.933 D/RFSD    ( 1333): [RfsService::File] Write temp file
07-06 23:12:16.935 D/RFSD    ( 1333): [RfsService::File] Write temp file
07-06 23:12:16.938 D/RFSD    ( 1333): [RfsService::File] Write temp file
07-06 23:12:16.940 D/RFSD    ( 1333): [RfsService::File] Write temp file
07-06 23:12:16.943 D/RFSD    ( 1333): [RfsService::File] Write temp file
07-06 23:12:16.946 D/RFSD    ( 1333): [RfsService::File] Write temp file
07-06 23:12:16.949 D/RFSD    ( 1333): [RfsService::File] Write temp file
07-06 23:12:16.951 D/RFSD    ( 1333): [RfsService::File] Write temp file
07-06 23:12:16.954 D/RFSD    ( 1333): [RfsService::File] Write temp file
07-06 23:12:16.956 D/RFSD    ( 1333): [RfsService::File] Write temp file
07-06 23:12:16.959 D/RFSD    ( 1333): [RfsService::File] Write temp file
07-06 23:12:16.961 D/RFSD    ( 1333): [RfsService::File] Write temp file
07-06 23:12:16.965 D/RFSD    ( 1333): [RfsService::File] Write temp file
07-06 23:12:16.967 D/RFSD    ( 1333): [RfsService::File] Write temp file
07-06 23:12:16.969 D/RFSD    ( 1333): [RfsService::File] Write temp file
07-06 23:12:16.972 D/RFSD    ( 1333): [RfsService::File] Write temp file
07-06 23:12:16.974 D/RFSD    ( 1333): [RfsService::File] Write temp file
07-06 23:12:16.977 D/RFSD    ( 1333): [RfsService::File] Write temp file
07-06 23:12:16.980 D/RFSD    ( 1333): [RfsService::File] Write temp file
07-06 23:12:16.983 D/RFSD    ( 1333): [RfsService::File] Write temp file
07-06 23:12:16.985 D/RFSD    ( 1333): [RfsService::File] Write temp file
07-06 23:12:16.988 D/RFSD    ( 1333): [RfsService::File] Write temp file
07-06 23:12:16.991 D/RFSD    ( 1333): [RfsService::File] Write temp file
07-06 23:12:16.994 D/RFSD    ( 1333): [RfsService::File] Write temp file
07-06 23:12:16.997 D/RFSD    ( 1333): [RfsService::File] Write temp file
07-06 23:12:17.000 D/RFSD    ( 1333): [RfsService::File] Write temp file
07-06 23:12:17.002 D/RFSD    ( 1333): [RfsService::File] Write temp file
07-06 23:12:17.005 D/RFSD    ( 1333): [RfsService::File] Write temp file
07-06 23:12:17.007 D/RFSD    ( 1333): [RfsService::File] Write temp file
07-06 23:12:17.010 D/RFSD    ( 1333): [RfsService::File] Write temp file
07-06 23:12:17.012 D/RFSD    ( 1333): [RfsService::File] Write temp file
07-06 23:12:17.016 D/RFSD    ( 1333): [RfsService::File] Write temp file
07-06 23:12:17.017 I/adbd    ( 1389): adbd service requested 'shell,v2:getprop'
07-06 23:12:17.018 D/RFSD    ( 1333): [RfsService::File] Write temp file
07-06 23:12:17.021 D/RFSD    ( 1333): [RfsService::File] Write temp file
07-06 23:12:17.023 D/RFSD    ( 1333): [RfsService::File] Write temp file
07-06 23:12:17.026 D/RFSD    ( 1333): [RfsService::File] Write temp file
07-06 23:12:17.028 D/RFSD    ( 1333): [RfsService::File] Write temp file
07-06 23:12:17.032 D/RFSD    ( 1333): [RfsService::File] Write temp file
07-06 23:12:17.035 D/RFSD    ( 1333): [RfsService::File] Write temp file
07-06 23:12:17.038 D/RFSD    ( 1333): [RfsService::File] Write temp file
07-06 23:12:17.040 D/RFSD    ( 1333): [RfsService::File] Write temp file
07-06 23:12:17.043 D/RFSD    ( 1333): [RfsService::File] Write temp file
07-06 23:12:17.047 D/RFSD    ( 1333): [RfsService::File] Write temp file
07-06 23:12:17.050 D/RFSD    ( 1333): [RfsService::File] Write temp file
07-06 23:12:17.052 D/RFSD    ( 1333): [RfsService::File] Write temp file
07-06 23:12:17.055 D/RFSD    ( 1333): [RfsService::File] Write temp file
07-06 23:12:17.057 D/RFSD    ( 1333): [RfsService::File] Write temp file
07-06 23:12:17.060 D/RFSD    ( 1333): [RfsService::File] Write temp file
07-06 23:12:17.064 D/RFSD    ( 1333): [RfsService::File] Write temp file
07-06 23:12:17.067 D/RFSD    ( 1333): [RfsService::File] Write temp file
07-06 23:12:17.070 D/RFSD    ( 1333): [RfsService::File] Write temp file
07-06 23:12:17.073 D/RFSD    ( 1333): [RfsService::File] Write temp file
07-06 23:12:17.077 D/RFSD    ( 1333): [RfsService::File] Write temp file
07-06 23:12:17.080 D/RFSD    ( 1333): [RfsService::File] Write temp file
07-06 23:12:17.083 D/RFSD    ( 1333): [RfsService::File] Write temp file
07-06 23:12:17.086 D/RFSD    ( 1333): [RfsService::File] Write temp file
07-06 23:12:17.089 D/RFSD    ( 1333): [RfsService::File] Write temp file
07-06 23:12:17.092 D/RFSD    ( 1333): [RfsService::File] Write temp file
07-06 23:12:17.093 D/usf_sensor_hal( 1123): pressure: Enter Activate. Enable = 0.
07-06 23:12:17.095 D/RFSD    ( 1333): [RfsService::File] Write temp file
07-06 23:12:17.096 D/AOC     ( 1365): A3:MSG: usf_sensor.cc, 1881: USF: Received stop sampling request for SPL07003 Barometer (active:1).
07-06 23:12:17.097 D/AOC     ( 1365): A3:MSG: spxyz00n_sensor.cc, 102: USF: Spxyz00nSensor: Start 0, period: 40000000, latency: 10000000000.
07-06 23:12:17.097 D/AOC     ( 1365): A3:MSG: spxyz00n_sensor.cc, 114: USF: Spxyz00nSensor: Supported sampling period: 40000000 ns.
07-06 23:12:17.098 I/sensor-suez( 1123): Vendor atom [id = 100242] reported.
07-06 23:12:17.098 I/sensor-suez( 1123): Vendor atom [id = 100243] reported.
07-06 23:12:17.098 I/adbd    ( 1389): adbd service requested 'shell,v2:wm size'
07-06 23:12:17.100 D/RFSD    ( 1333): [RfsService::File] Write temp file
07-06 23:12:17.103 D/RFSD    ( 1333): [RfsService::File] Write temp file
07-06 23:12:17.106 D/RFSD    ( 1333): [RfsService::File] Write temp file
07-06 23:12:17.109 D/RFSD    ( 1333): [RfsService::File] Write temp file
07-06 23:12:17.113 D/RFSD    ( 1333): [RfsService::File] Write temp file
07-06 23:12:17.116 D/RFSD    ( 1333): [RfsService::File] Write temp file
07-06 23:12:17.119 D/RFSD    ( 1333): [RfsService::File] Write temp file
07-06 23:12:17.121 D/RFSD    ( 1333): [RfsService::File] Write temp file
07-06 23:12:17.124 D/RFSD    ( 1333): [RfsService::File] Write temp file
07-06 23:12:17.126 D/RFSD    ( 1333): [RfsService::File] Write temp file
07-06 23:12:17.129 D/RFSD    ( 1333): [RfsService::File] Write temp file
07-06 23:12:17.132 D/RFSD    ( 1333): [RfsService::File] Write temp file
07-06 23:12:17.134 D/RFSD    ( 1333): [RfsService::File] Write temp file
07-06 23:12:17.137 D/RFSD    ( 1333): [RfsService::File] Write temp file
07-06 23:12:17.139 D/RFSD    ( 1333): [RfsService::File] Write temp file
07-06 23:12:17.142 D/RFSD    ( 1333): [RfsService::File] Write temp file
07-06 23:12:17.145 D/RFSD    ( 1333): [RfsService::File] Write temp file
07-06 23:12:17.147 D/RFSD    ( 1333): [RfsService::File] Write temp file
07-06 23:12:17.151 D/RFSD    ( 1333): [RfsService::File] Write temp file
07-06 23:12:17.153 D/RFSD    ( 1333): [RfsService::File] Write temp file
07-06 23:12:17.155 D/RFSD    ( 1333): [RfsService::File] Write temp file
07-06 23:12:17.158 D/RFSD    ( 1333): [RfsService::File] Write temp file
07-06 23:12:17.160 D/RFSD    ( 1333): [RfsService::File] Write temp file
07-06 23:12:17.163 D/RFSD    ( 1333): [RfsService::File] Write temp file
07-06 23:12:17.166 D/RFSD    ( 1333): [RfsService::File] Write temp file
07-06 23:12:17.169 D/RFSD    ( 1333): [RfsService::File] Write temp file
07-06 23:12:17.171 D/RFSD    ( 1333): [RfsService::File] Write temp file
07-06 23:12:17.174 D/RFSD    ( 1333): [RfsService::File] Write temp file
07-06 23:12:17.176 D/RFSD    ( 1333): [RfsService::File] Write temp file
07-06 23:12:17.179 D/RFSD    ( 1333): [RfsService::File] Write temp file
07-06 23:12:17.181 D/RFSD    ( 1333): [RfsService::File] Write temp file
07-06 23:12:17.185 D/RFSD    ( 1333): [RfsService::File] Write temp file
07-06 23:12:17.187 D/RFSD    ( 1333): [RfsService::File] Write temp file
07-06 23:12:17.190 D/RFSD    ( 1333): [RfsService::File] Write temp file
07-06 23:12:17.192 D/RFSD    ( 1333): [RfsService::File] Write temp file
07-06 23:12:17.195 D/RFSD    ( 1333): [RfsService::File] Write temp file
07-06 23:12:17.195 I/adbd    ( 1389): adbd service requested 'shell,v2:getprop'
07-06 23:12:17.197 D/RFSD    ( 1333): [RfsService::File] Write temp file
07-06 23:12:17.201 D/RFSD    ( 1333): [RfsService::File] Write temp file
07-06 23:12:17.203 D/RFSD    ( 1333): [RfsService::File] Write temp file
07-06 23:12:17.206 D/RFSD    ( 1333): [RfsService::File] Write temp file
07-06 23:12:17.208 D/RFSD    ( 1333): [RfsService::File] Write temp file
07-06 23:12:17.209 I/adbd    ( 1389): adbd service requested 'shell,v2:logcat --proto'
07-06 23:12:17.211 D/RFSD    ( 1333): [RfsService::File] Write temp file
07-06 23:12:17.213 D/RFSD    ( 1333): [RfsService::File] Write temp file
07-06 23:12:17.216 D/RFSD    ( 1333): [RfsService::File] Write temp file
07-06 23:12:17.219 D/RFSD    ( 1333): [RfsService::File] Write temp file
07-06 23:12:17.222 D/RFSD    ( 1333): [RfsService::File] Write temp file
07-06 23:12:17.224 D/RFSD    ( 1333): [RfsService::File] Write temp file
07-06 23:12:17.227 D/RFSD    ( 1333): [RfsService::File] Write temp file
07-06 23:12:17.229 D/RFSD    ( 1333): [RfsService::File] Write temp file
07-06 23:12:17.233 D/RFSD    ( 1333): [RfsService::File] Write temp file
07-06 23:12:17.236 D/RFSD    ( 1333): [RfsService::File] Write temp file
07-06 23:12:17.239 D/RFSD    ( 1333): [RfsService::File] Write temp file
07-06 23:12:17.241 D/RFSD    ( 1333): [RfsService::File] Write temp file
07-06 23:12:17.244 D/RFSD    ( 1333): [RfsService::File] Write temp file
07-06 23:12:17.246 D/RFSD    ( 1333): [RfsService::File] Write temp file
07-06 23:12:17.249 D/RFSD    ( 1333): [RfsService::File] Write temp file
07-06 23:12:17.252 D/RFSD    ( 1333): [RfsService::File] Write temp file
07-06 23:12:17.255 D/RFSD    ( 1333): [RfsService::File] Write temp file
07-06 23:12:17.257 D/RFSD    ( 1333): [RfsService::File] Write temp file
07-06 23:12:17.260 D/RFSD    ( 1333): [RfsService::File] Write temp file
07-06 23:12:17.262 D/RFSD    ( 1333): [RfsService::File] Write temp file
07-06 23:12:17.265 D/RFSD    ( 1333): [RfsService::File] Write temp file
07-06 23:12:17.267 D/RFSD    ( 1333): [RfsService::File] Write temp file
07-06 23:12:17.271 D/RFSD    ( 1333): [RfsService::File] Write temp file
07-06 23:12:17.274 D/RFSD    ( 1333): [RfsService::File] Write temp file
07-06 23:12:17.277 D/RFSD    ( 1333): [RfsService::File] Write temp file
07-06 23:12:17.279 D/RFSD    ( 1333): [RfsService::File] Write temp file
07-06 23:12:17.280 I/adbd    ( 1389): adbd service requested 'shell,v2:wm size'
07-06 23:12:17.282 D/RFSD    ( 1333): [RfsService::File] Write temp file
07-06 23:12:17.284 D/RFSD    ( 1333): [RfsService::File] Write temp file
07-06 23:12:17.286 D/RFSD    ( 1333): [RfsService::File] Write temp file
07-06 23:12:17.290 D/RFSD    ( 1333): [RfsService::File] Write temp file
07-06 23:12:17.292 D/RFSD    ( 1333): [RfsService::File] Write temp file
07-06 23:12:17.296 D/RFSD    ( 1333): [RfsService::File] Write temp file
07-06 23:12:17.298 D/RFSD    ( 1333): [RfsService::File] Write temp file
07-06 23:12:17.301 D/RFSD    ( 1333): [RfsService::File] Write temp file
07-06 23:12:17.303 D/RFSD    ( 1333): [RfsService::File] Write temp file
07-06 23:12:17.307 D/RFSD    ( 1333): [RfsService::File] Write temp file
07-06 23:12:17.309 D/RFSD    ( 1333): [RfsService::File] Write temp file
07-06 23:12:17.312 D/RFSD    ( 1333): [RfsService::File] Write temp file
07-06 23:12:17.314 D/RFSD    ( 1333): [RfsService::File] Write temp file
07-06 23:12:17.317 D/RFSD    ( 1333): [RfsService::File] Write temp file
07-06 23:12:17.319 D/RFSD    ( 1333): [RfsService::File] Write temp file
07-06 23:12:17.323 D/RFSD    ( 1333): [RfsService::File] Write temp file
07-06 23:12:17.324 W/SensorService( 1672): Dropping 1 cached events (3000/3000) to save 1/1 new events. 26 events previously dropped
07-06 23:12:17.325 D/RFSD    ( 1333): [RfsService::File] Write temp file
07-06 23:12:17.328 D/RFSD    ( 1333): [RfsService::File] Write temp file
07-06 23:12:17.331 D/RFSD    ( 1333): [RfsService::File] Write temp file
07-06 23:12:17.334 D/RFSD    ( 1333): [RfsService::File] Write temp file
07-06 23:12:17.336 D/RFSD    ( 1333): [RfsService::File] Write temp file
07-06 23:12:17.340 D/RFSD    ( 1333): [RfsService::File] Write temp file
07-06 23:12:17.351 D/RFSD    ( 1333): [RfsService::File] Write temp file
07-06 23:12:17.352 I/adbd    ( 1389): adbd service requested 'shell,v2:getprop'
07-06 23:12:17.353 D/RFSD    ( 1333): [RfsService::File] Write temp file
07-06 23:12:17.356 D/RFSD    ( 1333): [RfsService::File] Write temp file
07-06 23:12:17.359 D/RFSD    ( 1333): [RfsService::File] Write temp file
07-06 23:12:17.362 D/RFSD    ( 1333): [RfsService::File] Write temp file
07-06 23:12:17.368 D/RFSD    ( 1333): [RfsService::File] Write temp file
07-06 23:12:17.372 D/RFSD    ( 1333): [RfsService::File] Write temp file
07-06 23:12:17.375 D/RFSD    ( 1333): [RfsService::File] Write temp file
07-06 23:12:17.378 D/RFSD    ( 1333): [RfsService::File] Write temp file
07-06 23:12:17.381 D/RFSD    ( 1333): [RfsService::File] Write temp file
07-06 23:12:17.383 D/RFSD    ( 1333): [RfsService::File] Write temp file
07-06 23:12:17.386 D/RFSD    ( 1333): [RfsService::File] Write temp file
07-06 23:12:17.389 D/RFSD    ( 1333): [RfsService::File] Write temp file
07-06 23:12:17.392 D/RFSD    ( 1333): [RfsService::File] Write temp file
07-06 23:12:17.394 D/RFSD    ( 1333): [RfsService::File] Write temp file
07-06 23:12:17.397 D/RFSD    ( 1333): [RfsService::File] Write temp file
07-06 23:12:17.399 D/RFSD    ( 1333): [RfsService::File] Write temp file
07-06 23:12:17.402 D/RFSD    ( 1333): [RfsService::File] Write temp file
07-06 23:12:17.405 D/RFSD    ( 1333): [RfsService::File] Write temp file
07-06 23:12:17.408 D/RFSD    ( 1333): [RfsService::File] Write temp file
07-06 23:12:17.411 D/RFSD    ( 1333): [RfsService::File] Write temp file
07-06 23:12:17.414 D/RFSD    ( 1333): [RfsService::File] Write temp file
07-06 23:12:17.416 D/RFSD    ( 1333): [RfsService::File] Write temp file
07-06 23:12:17.419 D/RFSD    ( 1333): [RfsService::File] Write temp file
07-06 23:12:17.422 D/RFSD    ( 1333): [RfsService::File] Write temp file
07-06 23:12:17.425 D/RFSD    ( 1333): [RfsService::File] Write temp file
07-06 23:12:17.427 D/RFSD    ( 1333): [RfsService::File] Write temp file
07-06 23:12:17.430 D/RFSD    ( 1333): [RfsService::File] Write temp file
07-06 23:12:17.431 I/adbd    ( 1389): adbd service requested 'shell,v2:wm size'
07-06 23:12:17.432 D/RFSD    ( 1333): [RfsService::File] Write temp file
07-06 23:12:17.435 D/RFSD    ( 1333): [RfsService::File] Write temp file
07-06 23:12:17.438 D/RFSD    ( 1333): [RfsService::File] Write temp file
07-06 23:12:17.441 D/RFSD    ( 1333): [RfsService::File] Write temp file
07-06 23:12:17.444 D/RFSD    ( 1333): [RfsService::File] Write temp file
07-06 23:12:17.447 D/RFSD    ( 1333): [RfsService::File] Write temp file
07-06 23:12:17.449 D/RFSD    ( 1333): [RfsService::File] Write temp file
07-06 23:12:17.452 D/RFSD    ( 1333): [RfsService::File] Write temp file
07-06 23:12:17.455 D/RFSD    ( 1333): [RfsService::File] Write temp file
07-06 23:12:17.457 D/RFSD    ( 1333): [RfsService::File] Write temp file
07-06 23:12:17.460 D/RFSD    ( 1333): [RfsService::File] Write temp file
07-06 23:12:17.462 D/RFSD    ( 1333): [RfsService::File] Write temp file
07-06 23:12:17.466 D/RFSD    ( 1333): [RfsService::File] Write temp file
07-06 23:12:17.468 D/RFSD    ( 1333): [RfsService::File] Write temp file
07-06 23:12:17.472 D/RFSD    ( 1333): [RfsService::File] Write temp file
07-06 23:12:17.474 D/RFSD    ( 1333): [RfsService::File] Write temp file
07-06 23:12:17.477 D/RFSD    ( 1333): [RfsService::File] Write temp file
07-06 23:12:17.479 D/RFSD    ( 1333): [RfsService::File] Write temp file
07-06 23:12:17.482 D/RFSD    ( 1333): [RfsService::File] Write temp file
07-06 23:12:17.484 D/RFSD    ( 1333): [RfsService::File] Write temp file
07-06 23:12:17.487 D/RFSD    ( 1333): [RfsService::File] Write temp file
07-06 23:12:17.491 D/RFSD    ( 1333): [RfsService::File] Write temp file
07-06 23:12:17.491 D/RFSD    ( 1333): [RfsService::File] Sync temp file
07-06 23:12:17.493 I/RFSD    ( 1333): CNvFile::OnWriteDone
07-06 23:12:17.493 D/RFSD    ( 1333): CNvFile::OnWriteDone : Write from temp file to nv file
07-06 23:12:17.507 W/RFSD    ( 1333): [CsumCheckForFileAndForceCrash] /mnt/vendor/efs/nv_normal.bin checksum : verified
07-06 23:12:17.508 I/RFSD    ( 1333): [RfsService::Nv] CsumUpdate
07-06 23:12:17.508 I/RFSD    ( 1333): [RfsService::Nv] CsumCalc
07-06 23:12:17.529 I/adbd    ( 1389): adbd service requested 'shell,v2:getprop'
07-06 23:12:17.533 I/RFSD    ( 1333): [RfsService::Nv] ProcessMessage : RFS_OP_STATUS
07-06 23:12:17.533 I/RFSD    ( 1333): [RfsService::Nv] ProcessMessage : RFS_STATUS_SUCCESS
07-06 23:12:17.541 I/shamp   ( 1173): Got userspace log indication
07-06 23:12:17.543 D/shamp   ( 1173): Modem: [CP2AP][RFSD] [NVTest] pal_RegStoreFlush fileName: ../../../HIU/HIC/SIT/Code/Src/sitCommon.c, lineNum: 2384, nvId: 380, nvName: NASU.IND.FILTER, EfsSyncCount: 365, actualCP2APCount:52
07-06 23:12:17.544 I/adbd    ( 1389): adbd service requested 'shell,v2:logcat --proto'
07-06 23:12:17.568 I/WifiHAL ( 1167): Creating message to get link statistics; iface = 47
07-06 23:12:17.601 I/WifiHAL ( 1167): Getting cached scan results, iface handle = 0xb4000072c6113cd0
07-06 23:12:17.601 E/WifiHAL ( 1167): Creating message to get cached scan results
07-06 23:12:17.605 I/WifiHAL ( 1167): In GetCachedScanResultsCommand::handleResponse
07-06 23:12:17.608 I/adbd    ( 1389): adbd service requested 'shell,v2:wm size'
07-06 23:12:17.639 D/WifiHAL ( 1167): Start debug command: mType GET_FEATURE
07-06 23:12:17.639 I/WifiHAL ( 1167): CreateRequest mType = GET_FEATURE
07-06 23:12:17.639 D/WifiHAL ( 1167): In DebugCommand::handleResponse, mType:GET_FEATURE
07-06 23:12:17.639 D/WifiHAL ( 1167): len = 4, expected len = 4
07-06 23:12:17.641 I/HalDevMgr( 1672): bestIfaceCreationProposal is null, requestIface=STA, existingIface=[name=wlan0 type=STA]
07-06 23:12:17.703 I/adbd    ( 1389): adbd service requested 'shell,v2:getprop'
07-06 23:12:17.806 I/adbd    ( 1389): adbd service requested 'shell,v2:wm size'
07-06 23:12:17.900 I/adbd    ( 1389): adbd service requested 'shell,v2:getprop'
07-06 23:12:17.913 I/adbd    ( 1389): adbd service requested 'shell,v2:logcat --proto'
07-06 23:12:17.986 I/adbd    ( 1389): adbd service requested 'shell,v2:wm size'
07-06 23:12:18.018 I/pixel-thermal( 9793): disp_therm:32.796 raw data: disp_therm:32796 
07-06 23:12:18.018 I/pixel-thermal( 9793): VIRTUAL-USB-UI:0 raw data: USB-MINUS-CHARGER:-3028 VIRTUAL-USB-UI:0 charging_therm:35935 usb_pwr_therm:32907 
07-06 23:12:18.018 I/pixel-thermal( 9793): btmspkr_therm:32.907 raw data: btmspkr_therm:32907 
07-06 23:12:18.018 I/pixel-thermal( 9793): usb_pwr_therm:32.907 raw data: usb_pwr_therm:32907 
07-06 23:12:18.019 I/pixel-thermal( 9793): VIRTUAL-USB-THROTTLING:0 raw data: USB-MINUS-CHARGER:-3028 VIRTUAL-USB-THROTTLING:0 usb_pwr_therm:32907 
07-06 23:12:18.113 I/adbd    ( 1389): adbd service requested 'shell,v2:getprop'
07-06 23:12:18.223 I/adbd    ( 1389): adbd service requested 'shell,v2:wm size'
07-06 23:12:18.317 I/adbd    ( 1389): adbd service requested 'shell,v2:getprop'
07-06 23:12:18.330 I/adbd    ( 1389): adbd service requested 'shell,v2:logcat --proto'
07-06 23:12:18.477 I/adbd    ( 1389): adbd service requested 'shell,v2:wm size'
07-06 23:12:18.570 I/adbd    ( 1389): adbd service requested 'shell,v2:getprop'
07-06 23:12:18.644 I/adbd    ( 1389): adbd service requested 'shell,v2:wm size'
07-06 23:12:18.665 D/ActivityManager( 1672): freezing 22767 com.mgoogle.android.gms
07-06 23:12:18.823 I/adbd    ( 1389): adbd service requested 'shell,v2:logcat --proto'
07-06 23:12:18.846 I/adbd    ( 1389): adbd service requested 'shell,v2:getprop'
07-06 23:12:19.011 I/adbd    ( 1389): adbd service requested 'shell,v2:wm size'
07-06 23:12:19.082 I/pixel-thermal( 9793): quiet_therm:36.602 raw data: quiet_therm:36602 
07-06 23:12:19.102 I/adbd    ( 1389): adbd service requested 'shell,v2:getprop'
07-06 23:12:19.207 I/adbd    ( 1389): adbd service requested 'shell,v2:wm size'
07-06 23:12:19.321 I/adbd    ( 1389): adbd service requested 'shell,v2:getprop'
07-06 23:12:19.334 I/adbd    ( 1389): adbd service requested 'shell,v2:logcat --proto'
07-06 23:12:19.385 W/SensorService( 1672): Dropping 1 cached events (3000/3000) to save 1/1 new events. 26 events previously dropped
07-06 23:12:19.400 I/adbd    ( 1389): adbd service requested 'shell,v2:wm size'
07-06 23:12:19.487 I/adbd    ( 1389): adbd service requested 'shell,v2:getprop'
07-06 23:12:19.592 I/adbd    ( 1389): adbd service requested 'shell,v2:wm size'
07-06 23:12:19.718 I/adbd    ( 1389): adbd service requested 'shell,v2:getprop'
07-06 23:12:19.731 I/adbd    ( 1389): adbd service requested 'shell,v2:logcat --proto'
07-06 23:12:19.803 I/adbd    ( 1389): adbd service requested 'shell,v2:wm size'
07-06 23:12:19.887 I/adbd    ( 1389): adbd service requested 'shell,v2:getprop'
07-06 23:12:19.996 I/adbd    ( 1389): adbd service requested 'shell,v2:wm size'
07-06 23:12:20.090 I/adbd    ( 1389): adbd service requested 'shell,v2:getprop'
07-06 23:12:20.104 I/adbd    ( 1389): adbd service requested 'shell,v2:logcat --proto'
07-06 23:12:20.186 I/adbd    ( 1389): adbd service requested 'shell,v2:wm size'
07-06 23:12:20.213 I/pixel-thermal( 9793): soc_therm:36.38 raw data: soc_therm:36380 
07-06 23:12:20.285 I/adbd    ( 1389): adbd service requested 'shell,v2:getprop'
07-06 23:12:20.301 D/TemperatureStateSource( 2516): sequence=16919 actualDelay=10000
07-06 23:12:20.305 D/TemperatureStateSource( 2516): Reading temperature: sequence=16920
07-06 23:12:20.310 I/pixel-thermal( 9793): CPU_THROTTLE_SEVERE:0 raw data: CPU_THROTTLE_SEVERE:0 
07-06 23:12:20.311 I/pixel-thermal( 9793): VIRTUAL-SKIN:34.1121 raw data: VIRTUAL-SKIN:34112.1 VIRTUAL-SKIN-LEGACY:34392.4 VIRTUAL-SKIN-LEGACY-MODEL-DIFF:330.73 VIRTUAL-SKIN-LEGACY-SHUTDOWN:0 VIRTUAL-SKIN-MODEL:34061.7 VIRTUAL-SKIN-MODEL-CLAMPED:34061.7 VIRTUAL-SKIN-MODEL-LEGACY-DIFF:-330.73 VIRTUAL-SKIN-MODEL-UPDATED:34112.1 VIRTUAL-SKIN-MODEL-UPPER-CLAMPED:34061.7 VIRTUAL-SKIN-SUB-0:33335.1 VIRTUAL-SKIN-SUB-1:34125 VIRTUAL-SKIN-SUB-2:34027.1 VIRTUAL-SKIN-SUB-3:34392.4 VIRTUAL-SKIN-SUB-4:34164.9 VT_LEGACY_WEIGHT:0 VT_MODEL_WEIGHT:1 battery:34100 btmspkr_therm:32907 charging_therm:35935 disp_therm:32796 north_therm:35690 quiet_therm:36602 rfpa_therm:35534 soc_therm:36380 usb_pwr_therm:32907 
07-06 23:12:20.311 D/TemperatureStateSource( 2516): getDeviceTemperatures: sequence=16920 deviceTemperatureType=3 temperatureSource=0 temperatures=[34.112125]
07-06 23:12:20.311 D/BusinessScope( 2516): Enqueuing the block
07-06 23:12:20.312 D/TemperatureStateSource( 2516): sequence=16920 waitTime=10000
07-06 23:12:20.312 D/BusinessScope( 2516): Start running the #34602 block
07-06 23:12:20.312 D/BusinessScope( 2516): Enqueuing the block
07-06 23:12:20.312 D/ImpulseStateSource( 2516): Notify clients: 17299
07-06 23:12:20.312 D/BusinessScope( 2516): Finish running the #34602 block
07-06 23:12:20.313 D/BusinessScope( 2516): Start running the #34603 block
07-06 23:12:20.313 D/BusinessScope( 2516): Finish running the #34603 block
07-06 23:12:20.394 I/adbd    ( 1389): adbd service requested 'shell,v2:wm size'
07-06 23:12:20.492 I/adbd    ( 1389): adbd service requested 'shell,v2:getprop'
07-06 23:12:20.505 I/adbd    ( 1389): adbd service requested 'shell,v2:logcat --proto'
07-06 23:12:20.610 I/adbd    ( 1389): adbd service requested 'shell,v2:wm size'
07-06 23:12:20.645 I/WifiHAL ( 1167): Creating message to get link statistics; iface = 47
07-06 23:12:20.671 I/WifiHAL ( 1167): Getting cached scan results, iface handle = 0xb4000072c6113cd0
07-06 23:12:20.671 E/WifiHAL ( 1167): Creating message to get cached scan results
07-06 23:12:20.674 I/WifiHAL ( 1167): In GetCachedScanResultsCommand::handleResponse
07-06 23:12:20.697 D/WifiHAL ( 1167): Start debug command: mType GET_FEATURE
07-06 23:12:20.697 I/WifiHAL ( 1167): CreateRequest mType = GET_FEATURE
07-06 23:12:20.697 D/WifiHAL ( 1167): In DebugCommand::handleResponse, mType:GET_FEATURE
07-06 23:12:20.697 D/WifiHAL ( 1167): len = 4, expected len = 4
07-06 23:12:20.699 I/HalDevMgr( 1672): bestIfaceCreationProposal is null, requestIface=STA, existingIface=[name=wlan0 type=STA]
07-06 23:12:20.730 I/adbd    ( 1389): adbd service requested 'shell,v2:getprop'
07-06 23:12:20.799 I/adbd    ( 1389): adbd service requested 'shell,v2:wm size'
07-06 23:12:20.896 I/adbd    ( 1389): adbd service requested 'shell,v2:getprop'
07-06 23:12:20.913 I/adbd    ( 1389): adbd service requested 'shell,v2:logcat --proto'
07-06 23:12:20.944 D/ActivityManager( 1672): freezing 21138 app.revanced.android.youtube
07-06 23:12:20.960 D/InetDiagMessage( 1672): Destroyed 0 sockets, proto=IPPROTO_TCP, family=AF_INET, states=14
07-06 23:12:20.962 D/InetDiagMessage( 1672): Destroyed 0 sockets, proto=IPPROTO_TCP, family=AF_INET6, states=14
07-06 23:12:20.962 D/InetDiagMessage( 1672): Destroyed live tcp sockets for uids={10513} in 5ms
07-06 23:12:20.966 D/ActivityManager( 1672): freezing 28220 jp.co.family.familymart_app
07-06 23:12:20.970 D/InetDiagMessage( 1672): Destroyed 0 sockets, proto=IPPROTO_TCP, family=AF_INET, states=14
07-06 23:12:20.971 D/InetDiagMessage( 1672): Destroyed 0 sockets, proto=IPPROTO_TCP, family=AF_INET6, states=14
07-06 23:12:20.971 D/InetDiagMessage( 1672): Destroyed live tcp sockets for uids={10515} in 2ms
07-06 23:12:20.991 D/ActivityManager( 1672): freezing 7512 com.google.android.gms
07-06 23:12:21.015 I/adbd    ( 1389): adbd service requested 'shell,v2:wm size'
07-06 23:12:21.109 I/adbd    ( 1389): adbd service requested 'shell,v2:getprop'
07-06 23:12:21.220 I/adbd    ( 1389): adbd service requested 'shell,v2:wm size'
07-06 23:12:21.267 I/pixel-thermal( 9793): rfpa_therm:35.534 raw data: rfpa_therm:35534 
07-06 23:12:21.337 I/adbd    ( 1389): adbd service requested 'shell,v2:getprop'
07-06 23:12:21.353 I/adbd    ( 1389): adbd service requested 'shell,v2:logcat --proto'
07-06 23:12:21.444 W/SensorService( 1672): Dropping 1 cached events (3000/3000) to save 1/1 new events. 26 events previously dropped
07-06 23:12:21.487 I/adbd    ( 1389): adbd service requested 'shell,v2:wm size'
07-06 23:12:21.586 I/adbd    ( 1389): adbd service requested 'shell,v2:getprop'
07-06 23:12:21.699 I/adbd    ( 1389): adbd service requested 'shell,v2:wm size'
07-06 23:12:21.966 I/adbd    ( 1389): adbd service requested 'shell,v2:logcat --proto'
07-06 23:12:21.987 I/adbd    ( 1389): adbd service requested 'shell,v2:getprop'
07-06 23:12:22.186 I/adbd    ( 1389): adbd service requested 'shell,v2:wm size'
07-06 23:12:22.279 I/adbd    ( 1389): adbd service requested 'shell,v2:getprop'
07-06 23:12:22.387 I/adbd    ( 1389): adbd service requested 'shell,v2:wm size'
07-06 23:12:22.482 I/adbd    ( 1389): adbd service requested 'shell,v2:getprop'
07-06 23:12:22.495 I/adbd    ( 1389): adbd service requested 'shell,v2:logcat --proto'
07-06 23:12:22.556 I/adbd    ( 1389): adbd service requested 'shell,v2:wm size'
07-06 23:12:22.672 I/adbd    ( 1389): adbd service requested 'shell,v2:getprop'
07-06 23:12:22.741 I/adbd    ( 1389): adbd service requested 'shell,v2:wm size'
07-06 23:12:22.805 I/WPKTRT  ( 1292): process_address_event: 2404:7a80:5f20:a000:70a1:92ff:fe88:60da added to wlan0
07-06 23:12:22.806 I/WPKTRT  ( 1292): process_address_event: 2404:7a80:5f20:a000:9e4a:73da:ea71:f7f5 added to wlan0
07-06 23:12:22.811 D/IpClient/wlan0( 2455): addressUpdated: 2404:7a80:5f20:a000:70a1:92ff:fe88:60da/64 on ifindex 47 flags 0x00000100 scope 0
07-06 23:12:22.813 D/IpClient/wlan0( 2455): addressUpdated: 2404:7a80:5f20:a000:9e4a:73da:ea71:f7f5/64 on ifindex 47 flags 0x00000001 scope 0
07-06 23:12:22.813 W/AlarmManager( 2455): Unrecognized alarm listener com.android.networkstack.android.net.ip.IpClientLinkObserver$Dhcp6PdPreferredPrefixAlarmListener@60a33b4
07-06 23:12:22.814 D/ApfFilter( 2455): (wlan0): Ignoring RA RA fe80::f2f8:4aff:fe26:88a0 -> ff02::1 108s 2404:7a80:5f20:a000::/64 14400s/12600s DNS 600s 2404:1a8:7f01:a::3 2404:1a8:7f01:b::3 RIO 14400s 2404:7a80:5f20:a000::/56  which matches RA fe80::f2f8:4aff:fe26:88a0 -> ff02::1 108s 2404:7a80:5f20:a000::/64 14400s/12600s DNS 600s 2404:1a8:7f01:a::3 2404:1a8:7f01:b::3 RIO 14400s 2404:7a80:5f20:a000::/56 
07-06 23:12:22.859 I/adbd    ( 1389): adbd service requested 'shell,v2:getprop'
07-06 23:12:22.873 I/adbd    ( 1389): adbd service requested 'shell,v2:logcat --proto'
07-06 23:12:22.940 I/adbd    ( 1389): adbd service requested 'shell,v2:wm size'
07-06 23:12:23.035 I/adbd    ( 1389): adbd service requested 'shell,v2:getprop'
07-06 23:12:23.094 I/pixel-thermal( 9793): VIRTUAL-SKIN-MODEL: model_input: [35512.00 36602.00 35979.00 32863.00 32952.00 32796.00 35734.00 36335.00 ]
07-06 23:12:23.094 I/native  ( 9793): I0000 00:00:1783347143.094533    9826 thermal_tflite_wrapper.cc:261] ThermalTfliteInvoke
07-06 23:12:23.095 I/pixel-thermal( 9793): VIRTUAL-SKIN-MODEL: model_output: [34147.1 ]
07-06 23:12:23.095 I/pixel-thermal( 9793): VIRTUAL-SKIN-MODEL: predicted_value: [34147.1 ]
07-06 23:12:23.095 I/pixel-thermal( 9793): VIRTUAL-SKIN-CPU-MID:34.1261 raw data: VIRTUAL-SKIN:34126.1 VIRTUAL-SKIN-CPU-MID:34126.1 VIRTUAL-SKIN-LEGACY:34399.3 VIRTUAL-SKIN-LEGACY-MODEL-DIFF:252.184 VIRTUAL-SKIN-LEGACY-SHUTDOWN:0 VIRTUAL-SKIN-MODEL:34147.1 VIRTUAL-SKIN-MODEL-CLAMPED:34147.1 VIRTUAL-SKIN-MODEL-LEGACY-DIFF:-252.184 VIRTUAL-SKIN-MODEL-UPDATED:34126.1 VIRTUAL-SKIN-MODEL-UPPER-CLAMPED:34147.1 VIRTUAL-SKIN-SUB-0:33329.7 VIRTUAL-SKIN-SUB-1:34132.7 VIRTUAL-SKIN-SUB-2:34034.4 VIRTUAL-SKIN-SUB-3:34399.3 VIRTUAL-SKIN-SUB-4:34162.4 VT_LEGACY_WEIGHT:0 VT_MODEL_WEIGHT:1 battery:34100 btmspkr_therm:32952 charging_therm:35979 disp_therm:32796 north_therm:35734 quiet_therm:36602 rfpa_therm:35512 soc_therm:36335 usb_pwr_therm:32863 
07-06 23:12:23.095 I/pixel-thermal( 9793): north_therm:35.734 raw data: north_therm:35734 
07-06 23:12:23.095 I/pixel-thermal( 9793): VIRTUAL-SKIN-SOC:34.1261 raw data: VIRTUAL-SKIN:34126.1 VIRTUAL-SKIN-SOC:34126.1 
07-06 23:12:23.095 I/pixel-thermal( 9793): VIRTUAL-SKIN-DISPLAY:34.1261 raw data: VIRTUAL-SKIN:34126.1 VIRTUAL-SKIN-DISPLAY:34126.1 
07-06 23:12:23.095 I/pixel-thermal( 9793): CPU_THROTTLE_SEVERE:0 raw data: CPU_THROTTLE_SEVERE:0 
07-06 23:12:23.095 I/pixel-thermal( 9793): VIRTUAL-SKIN:34.1261 raw data: VIRTUAL-SKIN:34126.1 
07-06 23:12:23.096 I/pixel-thermal( 9793): VIRTUAL-SKIN-HINT:34.1261 raw data: VIRTUAL-SKIN:34126.1 VIRTUAL-SKIN-HINT:34126.1 
07-06 23:12:23.096 I/pixel-thermal( 9793): VIRTUAL-SKIN-CPU-LIGHT-ODPM:34.1261 raw data: VIRTUAL-SKIN:34126.1 VIRTUAL-SKIN-CPU-LIGHT-ODPM:34126.1 
07-06 23:12:23.096 I/pixel-thermal( 9793): VIRTUAL-SKIN-CPU-ODPM:34.1261 raw data: VIRTUAL-SKIN:34126.1 VIRTUAL-SKIN-CPU-ODPM:34126.1 
07-06 23:12:23.096 I/pixel-thermal( 9793): VIRTUAL-SKIN-ODPM-MODEL: model_input: [35512.00 36602.00 35979.00 32863.00 32952.00 32796.00 35734.00 36335.00 34100.00 557.43 1.77 215.30 32.85 0.38 289.08 ]
07-06 23:12:23.096 I/native  ( 9793): I0000 00:00:1783347143.096566    9826 thermal_tflite_wrapper.cc:261] ThermalTfliteInvoke
07-06 23:12:23.096 I/pixel-thermal( 9793): VIRTUAL-SKIN-ODPM-MODEL: model_output: [33297.4 ]
07-06 23:12:23.096 I/pixel-thermal( 9793): VIRTUAL-SKIN-ODPM-MODEL: predicted_value: [33297.4 ]
07-06 23:12:23.097 I/pixel-thermal( 9793): VIRTUAL-SKIN-SPEAKER-MODEL: model_input: [34100.00 32952.00 35979.00 32796.00 35734.00 36602.00 35512.00 36335.00 32863.00 ]
07-06 23:12:23.097 I/native  ( 9793): I0000 00:00:1783347143.097303    9826 thermal_tflite_wrapper.cc:261] ThermalTfliteInvoke
07-06 23:12:23.097 I/pixel-thermal( 9793): VIRTUAL-SKIN-SPEAKER-MODEL: model_output: [32840.8 ]
07-06 23:12:23.097 I/pixel-thermal( 9793): VIRTUAL-SKIN-SPEAKER-MODEL: predicted_value: [32840.8 ]
07-06 23:12:23.097 I/pixel-thermal( 9793): STATS-UPDATOR:0 raw data: EXTREME-SOC-CONDITION-CHECK:0 MAIN_SOC_POWER:436.217 MODEL_CAMERA_PWR:1.77391 MODEL_DISPLAY_PWR:215.303 MODEL_MISC_PWR:557.433 MODEL_MODEM_PWR:32.853 MODEL_RFFE_PWR:0.379916 MODEL_WLAN_BT_PWR:289.084 NORTH_THERM-UNDER-THRESHOLD:1 NORTH_THERM-VSKIN-DIFF-DURING-NORTH_THERM-OVER-THRESHOLD:-998392 NORTH_THERM-VSKIN-DIFF-DURING-VSKIN-OVER-52:-998392 QUIET_THERM-UNDER-THRESHOLD:1 QUIET_THERM-VSKIN-DIFF-DURING-QUIET_THERM-OVER-THRESHOLD:-997524 QUIET_THERM-VSKIN-DIFF-DURING-VSKIN-OVER-52:-997524 RFPA_THERM-UNDER-THRESHOLD:1 RFPA_THERM-VSKIN-DIFF-DURING-RFPA_THERM-OVER-THRESHOLD:-998614 RFPA_THERM-VSKIN-DIFF-DURING-VSKIN-OVER-52:-998614 SOC_THERM-UNDER-THRESHOLD:1 SOC_THERM-VSKIN-DIFF-DURING-SOC_THERM-OVER-THRESHOLD:-997791 SOC_THERM-VSKIN-DIFF-DURING-VSKIN-OVER-52:-997791 STATS-UPDATOR:0 TPU_35S:0 VIRTUAL-SKIN:34126.1 VIRTUAL-SKIN-LEGACY:34399.3 VIRTUAL-SKIN-MODEL:34147.1 VIRTUAL-SKIN-MODEL-LEGACY-DIFF:-252.184 VIRTUAL-SKIN-ODPM-MODEL:33297.4 VIRTUAL-SKIN-SPEAKER-MODEL:32840.8 VSKIN-SKIN-UNDER-52:1 battery:34100 btmspkr_therm:32952 charging_therm:35979 disp_therm:32796 north_therm:35734 quiet_therm:36602 rfpa_therm:35512 soc_therm:36335 usb_pwr_therm:32863 
07-06 23:12:23.097 I/pixel-thermal( 9793): VIRTUAL-SKIN-CPU-HIGH:34.1261 raw data: VIRTUAL-SKIN:34126.1 VIRTUAL-SKIN-CPU-HIGH:34126.1 
07-06 23:12:23.098 I/pixel-thermal( 9793): VIRTUAL-SKIN-CHARGE:33.9796 raw data: VIRTUAL-SKIN-CHARGE:33979.6 VIRTUAL-SKIN-CHARGE-SUB-0:33847.3 VIRTUAL-SKIN-CHARGE-SUB-1:33979.6 btmspkr_therm:32952 charging_therm:35979 disp_therm:32796 north_therm:35734 quiet_therm:36602 rfpa_therm:35512 soc_therm:36335 usb_pwr_therm:32863 
07-06 23:12:23.098 I/pixel-thermal( 9793): VIRTUAL-SKIN-CHARGE power_budget=4154.55 err=4.02042 s_power=2527 time_elapsed_ms=7010 p=478.43 i=1302 d=-0 dt_per_min=nan compensation=0 budget transient=0 control target=2 excluded power budget=152.882 (PARTIAL_SYSTEM_POWER: 1274.02 mW, cdev_weight: 0.120000)
07-06 23:12:23.098 I/pixel-thermal( 9793): VIRTUAL-SKIN-CHARGE-WLC:33.5583 raw data: VIRTUAL-SKIN-CHARGE-WLC:33558.3 charging_therm:35979 soc_therm:36335 usb_pwr_therm:32863 
07-06 23:12:23.098 I/pixel-thermal( 9793): VIRTUAL-SKIN-CHARGE-WLC power_budget=4083.53 err=7.44165 s_power=1383 time_elapsed_ms=7010 p=1585.07 i=1383 d=0 dt_per_min=nan compensation=0 budget transient=0 control target=2 excluded power budget=267.543 (PARTIAL_SYSTEM_POWER: 1274.02 mW, cdev_weight: 0.210000)
07-06 23:12:23.098 I/pixel-thermal( 9793): cellular-emergency:34.1261 raw data: VIRTUAL-SKIN:34126.1 cellular-emergency:34126.1 
07-06 23:12:23.153 I/adbd    ( 1389): adbd service requested 'shell,v2:wm size'
07-06 23:12:23.277 I/adbd    ( 1389): adbd service requested 'shell,v2:getprop'
07-06 23:12:23.293 I/adbd    ( 1389): adbd service requested 'shell,v2:logcat --proto'
07-06 23:12:23.387 I/adbd    ( 1389): adbd service requested 'shell,v2:wm size'
07-06 23:12:23.473 I/adbd    ( 1389): adbd service requested 'shell,v2:getprop'
07-06 23:12:23.525 W/SensorService( 1672): Dropping 1 cached events (3000/3000) to save 1/1 new events. 23 events previously dropped
07-06 23:12:23.547 I/adbd    ( 1389): adbd service requested 'shell,v2:wm size'
07-06 23:12:23.665 I/adbd    ( 1389): adbd service requested 'shell,v2:getprop'
07-06 23:12:23.689 I/adbd    ( 1389): adbd service requested 'shell,v2:logcat --proto'
07-06 23:12:23.705 I/WifiHAL ( 1167): Creating message to get link statistics; iface = 47
07-06 23:12:23.740 I/WifiHAL ( 1167): Getting cached scan results, iface handle = 0xb4000072c6113cd0
07-06 23:12:23.740 E/WifiHAL ( 1167): Creating message to get cached scan results
07-06 23:12:23.743 I/WifiHAL ( 1167): In GetCachedScanResultsCommand::handleResponse
07-06 23:12:23.756 I/adbd    ( 1389): adbd service requested 'shell,v2:wm size'
07-06 23:12:23.765 D/WifiHAL ( 1167): Start debug command: mType GET_FEATURE
07-06 23:12:23.765 I/WifiHAL ( 1167): CreateRequest mType = GET_FEATURE
07-06 23:12:23.765 D/WifiHAL ( 1167): In DebugCommand::handleResponse, mType:GET_FEATURE
07-06 23:12:23.765 D/WifiHAL ( 1167): len = 4, expected len = 4
07-06 23:12:23.767 I/HalDevMgr( 1672): bestIfaceCreationProposal is null, requestIface=STA, existingIface=[name=wlan0 type=STA]
07-06 23:12:23.822 I/adbd    ( 1389): adbd service requested 'shell,v2:getprop'
07-06 23:12:23.886 I/adbd    ( 1389): adbd service requested 'shell,v2:wm size'
07-06 23:12:24.006 I/adbd    ( 1389): adbd service requested 'shell,v2:getprop'
07-06 23:12:24.022 I/adbd    ( 1389): adbd service requested 'shell,v2:logcat --proto'
07-06 23:12:24.113 I/adbd    ( 1389): adbd service requested 'shell,v2:wm size'
07-06 23:12:24.189 I/adbd    ( 1389): adbd service requested 'shell,v2:getprop'
07-06 23:12:24.265 I/adbd    ( 1389): adbd service requested 'shell,v2:wm size'
07-06 23:12:24.386 I/adbd    ( 1389): adbd service requested 'shell,v2:getprop'
07-06 23:12:24.402 I/adbd    ( 1389): adbd service requested 'shell,v2:logcat --proto'
07-06 23:12:24.497 I/adbd    ( 1389): adbd service requested 'shell,v2:wm size'
07-06 23:12:24.589 I/adbd    ( 1389): adbd service requested 'shell,v2:getprop'
07-06 23:12:24.696 I/adbd    ( 1389): adbd service requested 'shell,v2:wm size'
07-06 23:12:24.819 I/adbd    ( 1389): adbd service requested 'shell,v2:logcat --proto'
07-06 23:12:24.835 I/adbd    ( 1389): adbd service requested 'shell,v2:getprop'
07-06 23:12:25.006 I/adbd    ( 1389): adbd service requested 'shell,v2:wm size'
07-06 23:12:25.027 I/pixel-thermal( 9793): disp_therm:32.796 raw data: disp_therm:32796 
