--------- beginning of main
07-06 23:11:57.346 D/AOC     ( 1365): CHRE: DRAM vote count begins
07-06 23:11:57.347 I/CHRE    ( 1110): @ 266379.538: CHPP WIFI: Scan request success=1 at service
07-06 23:11:57.347 D/AOC     ( 1365): CHRE: DRAM vote count ends: 0 ms
07-06 23:11:57.374 D/AOC     ( 1365): CHRE: DRAM vote count begins
07-06 23:11:57.378 I/adbd    ( 1389): adbd service requested 'shell,v2:getprop'
07-06 23:11:57.380 D/AOC     ( 1365): A3:MSG: usf_sensor.cc, 1866: USF: Received start sampling request for SPL07003 Barometer (active:2).
07-06 23:11:57.380 D/AOC     ( 1365): A3:MSG: spxyz00n_sensor.cc, 102: USF: Spxyz00nSensor: Start 0, period: 40000000, latency: 10000000000.
07-06 23:11:57.381 D/AOC     ( 1365): A3:MSG: spxyz00n_sensor.cc, 114: USF: Spxyz00nSensor: Supported sampling period: 40000000 ns.
07-06 23:11:57.381 D/CHRE    ( 1110): @ 266379.567: [LONA:WD] Progress: 17/17
07-06 23:11:57.383 D/AOC     ( 1365): CHRE: DRAM vote count ends: 0 ms
07-06 23:11:57.383 D/AOC     ( 1365): CHRE: DRAM vote count begins
07-06 23:11:57.384 D/CHRE    ( 1110): @ 266379.571: [LONA:AM] WiFi Scan received
07-06 23:11:57.384 D/AOC     ( 1365): CHRE: DRAM vote count ends: 0 ms
07-06 23:11:57.385 D/AOC     ( 1365): CHRE: DRAM vote count begins
07-06 23:11:57.385 D/CHRE    ( 1110): @ 266379.573: [LONA:BS] Pressure data received at 266371577278377 readingCount=202 total time delta=7965679015ns
07-06 23:11:57.385 I/CHRE    ( 1110): @ 266379.573: [LONA:BS] Delivering barometer scan results
07-06 23:11:57.385 D/AOC     ( 1365): CHRE: DRAM vote count ends: 0 ms
07-06 23:11:57.385 E/CHRE    ( 1110): @ 266379.577: [LONA:BS] Ignoring pressure flush complete, no scan pending
07-06 23:11:57.485 I/adbd    ( 1389): adbd service requested 'shell,v2:wm size'
07-06 23:11:57.585 I/adbd    ( 1389): adbd service requested 'shell,v2:getprop'
07-06 23:11:57.601 I/adbd    ( 1389): adbd service requested 'shell,v2:logcat --proto'
07-06 23:11:57.708 I/adbd    ( 1389): adbd service requested 'shell,v2:wm size'
07-06 23:11:57.937 I/adbd    ( 1389): adbd service requested 'shell,v2:getprop'
07-06 23:11:58.048 I/adbd    ( 1389): adbd service requested 'shell,v2:wm size'
07-06 23:11:58.049 I/pixel-thermal( 9793): quiet_therm:37.048 raw data: quiet_therm:37048 
07-06 23:11:58.174 I/adbd    ( 1389): adbd service requested 'shell,v2:getprop'
07-06 23:11:58.187 I/adbd    ( 1389): adbd service requested 'shell,v2:logcat --proto'
07-06 23:11:58.256 I/adbd    ( 1389): adbd service requested 'shell,v2:wm size'
07-06 23:11:58.350 I/adbd    ( 1389): adbd service requested 'shell,v2:getprop'
07-06 23:11:58.485 I/adbd    ( 1389): adbd service requested 'shell,v2:wm size'
--------- beginning of system
07-06 23:11:58.569 D/ActivityManager( 1672): freezing 20622 com.google.android.euicc
07-06 23:11:58.577 D/InetDiagMessage( 1672): Destroyed 0 sockets, proto=IPPROTO_TCP, family=AF_INET, states=14
07-06 23:11:58.579 D/InetDiagMessage( 1672): Destroyed 0 sockets, proto=IPPROTO_TCP, family=AF_INET6, states=14
07-06 23:11:58.579 D/InetDiagMessage( 1672): Destroyed live tcp sockets for uids={10174} in 6ms
07-06 23:11:58.584 I/adbd    ( 1389): adbd service requested 'shell,v2:getprop'
07-06 23:11:58.597 I/adbd    ( 1389): adbd service requested 'shell,v2:logcat --proto'
07-06 23:11:58.704 I/adbd    ( 1389): adbd service requested 'shell,v2:wm size'
07-06 23:11:58.745 W/SensorService( 1672): Dropping 1 cached events (3000/3000) to save 1/1 new events. 23 events previously dropped
07-06 23:11:58.832 I/adbd    ( 1389): adbd service requested 'shell,v2:getprop'
07-06 23:11:58.960 I/adbd    ( 1389): adbd service requested 'shell,v2:wm size'
07-06 23:11:59.057 I/adbd    ( 1389): adbd service requested 'shell,v2:getprop'
07-06 23:11:59.071 I/adbd    ( 1389): adbd service requested 'shell,v2:logcat --proto'
07-06 23:11:59.127 I/adbd    ( 1389): adbd service requested 'shell,v2:wm size'
07-06 23:11:59.157 I/WifiHAL ( 1167): Creating message to get link statistics; iface = 47
07-06 23:11:59.179 I/pixel-thermal( 9793): soc_therm:36.736 raw data: soc_therm:36736 
07-06 23:11:59.182 I/WifiHAL ( 1167): Getting cached scan results, iface handle = 0xb4000072c6113cd0
07-06 23:11:59.182 E/WifiHAL ( 1167): Creating message to get cached scan results
07-06 23:11:59.184 I/WifiHAL ( 1167): In GetCachedScanResultsCommand::handleResponse
07-06 23:11:59.204 D/WifiHAL ( 1167): Start debug command: mType GET_FEATURE
07-06 23:11:59.204 I/WifiHAL ( 1167): CreateRequest mType = GET_FEATURE
07-06 23:11:59.205 D/WifiHAL ( 1167): In DebugCommand::handleResponse, mType:GET_FEATURE
07-06 23:11:59.205 D/WifiHAL ( 1167): len = 4, expected len = 4
07-06 23:11:59.207 I/HalDevMgr( 1672): bestIfaceCreationProposal is null, requestIface=STA, existingIface=[name=wlan0 type=STA]
07-06 23:11:59.261 I/adbd    ( 1389): adbd service requested 'shell,v2:getprop'
07-06 23:11:59.382 I/adbd    ( 1389): adbd service requested 'shell,v2:wm size'
07-06 23:11:59.503 I/adbd    ( 1389): adbd service requested 'shell,v2:getprop'
07-06 23:11:59.519 I/adbd    ( 1389): adbd service requested 'shell,v2:logcat --proto'
07-06 23:11:59.624 I/adbd    ( 1389): adbd service requested 'shell,v2:wm size'
07-06 23:11:59.714 I/adbd    ( 1389): adbd service requested 'shell,v2:getprop'
07-06 23:11:59.785 I/adbd    ( 1389): adbd service requested 'shell,v2:wm size'
07-06 23:11:59.882 I/adbd    ( 1389): adbd service requested 'shell,v2:getprop'
07-06 23:11:59.899 I/adbd    ( 1389): adbd service requested 'shell,v2:logcat --proto'
07-06 23:11:59.995 I/adbd    ( 1389): adbd service requested 'shell,v2:wm size'
07-06 23:12:00.053 I/adbd    ( 1389): adbd service requested 'shell,v2:getprop'
07-06 23:12:00.186 I/adbd    ( 1389): adbd service requested 'shell,v2:wm size'
07-06 23:12:00.267 D/ImpulseConnection( 2516): timeout happen: com.google.android.apps.turbo
07-06 23:12:00.272 D/ImpulseConnection( 2516): unbindService for releasing a CONNECTED connection com.google.android.apps.turbo
07-06 23:12:00.287 D/TemperatureStateSource( 2516): sequence=16917 actualDelay=10000
07-06 23:12:00.287 D/TemperatureStateSource( 2516): Reading temperature: sequence=16918
07-06 23:12:00.293 I/pixel-thermal( 9793): CPU_THROTTLE_SEVERE:0 raw data: CPU_THROTTLE_SEVERE:0 
07-06 23:12:00.293 I/pixel-thermal( 9793): VIRTUAL-SKIN:34.2299 raw data: VIRTUAL-SKIN:34229.9 VIRTUAL-SKIN-LEGACY:34546.4 VIRTUAL-SKIN-LEGACY-MODEL-DIFF:319.328 VIRTUAL-SKIN-LEGACY-SHUTDOWN:0 VIRTUAL-SKIN-MODEL:34227.1 VIRTUAL-SKIN-MODEL-CLAMPED:34227.1 VIRTUAL-SKIN-MODEL-LEGACY-DIFF:-319.328 VIRTUAL-SKIN-MODEL-UPDATED:34229.9 VIRTUAL-SKIN-MODEL-UPPER-CLAMPED:34227.1 VIRTUAL-SKIN-SUB-0:33551.3 VIRTUAL-SKIN-SUB-1:34200.1 VIRTUAL-SKIN-SUB-2:34198.8 VIRTUAL-SKIN-SUB-3:34546.4 VIRTUAL-SKIN-SUB-4:34250.7 VT_LEGACY_WEIGHT:0 VT_MODEL_WEIGHT:1 battery:34200 btmspkr_therm:32930 charging_therm:36157 disp_therm:32774 north_therm:35935 quiet_therm:37048 rfpa_therm:35668 soc_therm:36736 usb_pwr_therm:32863 
07-06 23:12:00.294 D/TemperatureStateSource( 2516): getDeviceTemperatures: sequence=16918 deviceTemperatureType=3 temperatureSource=0 temperatures=[34.229897]
07-06 23:12:00.294 D/BusinessScope( 2516): Enqueuing the block
07-06 23:12:00.294 D/TemperatureStateSource( 2516): sequence=16918 waitTime=10000
07-06 23:12:00.294 D/BusinessScope( 2516): Start running the #34598 block
07-06 23:12:00.295 D/BusinessScope( 2516): Enqueuing the block
07-06 23:12:00.295 D/ImpulseStateSource( 2516): Notify clients: 17297
07-06 23:12:00.295 D/BusinessScope( 2516): Finish running the #34598 block
07-06 23:12:00.295 D/BusinessScope( 2516): Start running the #34599 block
07-06 23:12:00.295 D/BusinessScope( 2516): Finish running the #34599 block
07-06 23:12:00.316 I/adbd    ( 1389): adbd service requested 'shell,v2:getprop'
07-06 23:12:00.331 I/adbd    ( 1389): adbd service requested 'shell,v2:logcat --proto'
07-06 23:12:00.377 W/TracingMuxer( 1362): type=1400 audit(0.0:122267): avc:  denied  { write } for  name="traced_producer" dev="tmpfs" ino=1317 scontext=u:r:gxp_logging:s0 tcontext=u:object_r:traced_producer_socket:s0 tclass=sock_file permissive=0
07-06 23:12:00.394 I/adbd    ( 1389): adbd service requested 'shell,v2:wm size'
07-06 23:12:00.490 I/adbd    ( 1389): adbd service requested 'shell,v2:getprop'
07-06 23:12:00.598 I/adbd    ( 1389): adbd service requested 'shell,v2:wm size'
07-06 23:12:00.697 I/adbd    ( 1389): adbd service requested 'shell,v2:getprop'
07-06 23:12:00.713 I/adbd    ( 1389): adbd service requested 'shell,v2:logcat --proto'
07-06 23:12:00.820 I/adbd    ( 1389): adbd service requested 'shell,v2:wm size'
07-06 23:12:00.825 W/SensorService( 1672): Dropping 1 cached events (3000/3000) to save 1/1 new events. 26 events previously dropped
07-06 23:12:00.915 I/adbd    ( 1389): adbd service requested 'shell,v2:getprop'
07-06 23:12:01.024 I/adbd    ( 1389): adbd service requested 'shell,v2:wm size'
07-06 23:12:01.147 I/adbd    ( 1389): adbd service requested 'shell,v2:getprop'
07-06 23:12:01.164 I/adbd    ( 1389): adbd service requested 'shell,v2:logcat --proto'
07-06 23:12:01.280 I/adbd    ( 1389): adbd service requested 'shell,v2:wm size'
07-06 23:12:01.365 I/adbd    ( 1389): adbd service requested 'shell,v2:getprop'
07-06 23:12:01.433 I/adbd    ( 1389): adbd service requested 'shell,v2:wm size'
07-06 23:12:01.534 I/adbd    ( 1389): adbd service requested 'shell,v2:getprop'
07-06 23:12:01.550 I/adbd    ( 1389): adbd service requested 'shell,v2:logcat --proto'
07-06 23:12:01.644 I/adbd    ( 1389): adbd service requested 'shell,v2:wm size'
07-06 23:12:01.704 D/ActivityManager( 1672): freezing 28925 com.android.settings
07-06 23:12:01.710 D/ActivityManager( 1672): freezing 28428 com.android.settings
07-06 23:12:01.716 D/InetDiagMessage( 1672): Destroyed 0 sockets, proto=IPPROTO_TCP, family=AF_INET, states=14
07-06 23:12:01.719 D/InetDiagMessage( 1672): Destroyed 0 sockets, proto=IPPROTO_TCP, family=AF_INET6, states=14
07-06 23:12:01.719 D/InetDiagMessage( 1672): Destroyed live tcp sockets for uids={1001000} in 6ms
07-06 23:12:01.729 D/ActivityManager( 1672): freezing 32570 com.google.android.turboadapter
07-06 23:12:01.734 D/InetDiagMessage( 1672): Destroyed 0 sockets, proto=IPPROTO_TCP, family=AF_INET, states=14
07-06 23:12:01.735 D/InetDiagMessage( 1672): Destroyed 0 sockets, proto=IPPROTO_TCP, family=AF_INET6, states=14
07-06 23:12:01.735 D/InetDiagMessage( 1672): Destroyed live tcp sockets for uids={10224} in 4ms
07-06 23:12:01.749 I/adbd    ( 1389): adbd service requested 'shell,v2:getprop'
07-06 23:12:01.776 D/ActivityManager( 1672): freezing 28431 com.google.android.turboadapter
07-06 23:12:01.781 D/InetDiagMessage( 1672): Destroyed 0 sockets, proto=IPPROTO_TCP, family=AF_INET, states=14
07-06 23:12:01.782 D/InetDiagMessage( 1672): Destroyed 0 sockets, proto=IPPROTO_TCP, family=AF_INET6, states=14
07-06 23:12:01.783 D/InetDiagMessage( 1672): Destroyed live tcp sockets for uids={1010224} in 4ms
07-06 23:12:01.810 D/ActivityManager( 1672): freezing 28220 jp.co.family.familymart_app
07-06 23:12:01.817 D/InetDiagMessage( 1672): Destroyed 0 sockets, proto=IPPROTO_TCP, family=AF_INET, states=14
07-06 23:12:01.819 D/InetDiagMessage( 1672): Destroyed 0 sockets, proto=IPPROTO_TCP, family=AF_INET6, states=14
07-06 23:12:01.819 D/InetDiagMessage( 1672): Destroyed live tcp sockets for uids={10515} in 4ms
07-06 23:12:01.832 I/adbd    ( 1389): adbd service requested 'shell,v2:wm size'
07-06 23:12:01.954 I/adbd    ( 1389): adbd service requested 'shell,v2:getprop'
07-06 23:12:01.970 I/adbd    ( 1389): adbd service requested 'shell,v2:logcat --proto'
07-06 23:12:02.066 I/pixel-thermal( 9793): VIRTUAL-SKIN-CPU-MID:34.2299 raw data: VIRTUAL-SKIN:34229.9 VIRTUAL-SKIN-CPU-MID:34229.9 
07-06 23:12:02.066 I/pixel-thermal( 9793): charging_therm:36.157 raw data: charging_therm:36157 
07-06 23:12:02.066 I/pixel-thermal( 9793): north_therm:35.935 raw data: north_therm:35935 
07-06 23:12:02.066 I/pixel-thermal( 9793): VIRTUAL-SKIN-SOC:34.2299 raw data: VIRTUAL-SKIN:34229.9 VIRTUAL-SKIN-SOC:34229.9 
07-06 23:12:02.066 I/pixel-thermal( 9793): VIRTUAL-SKIN-DISPLAY:34.2299 raw data: VIRTUAL-SKIN:34229.9 VIRTUAL-SKIN-DISPLAY:34229.9 
07-06 23:12:02.067 I/pixel-thermal( 9793): CPU_THROTTLE_SEVERE:0 raw data: CPU_THROTTLE_SEVERE:0 
07-06 23:12:02.067 I/pixel-thermal( 9793): VIRTUAL-SKIN:34.2299 raw data: VIRTUAL-SKIN:34229.9 
07-06 23:12:02.067 I/pixel-thermal( 9793): VIRTUAL-SKIN-HINT:34.2299 raw data: VIRTUAL-SKIN:34229.9 VIRTUAL-SKIN-HINT:34229.9 
07-06 23:12:02.067 I/pixel-thermal( 9793): VIRTUAL-SKIN-CPU-LIGHT-ODPM:34.2299 raw data: VIRTUAL-SKIN:34229.9 VIRTUAL-SKIN-CPU-LIGHT-ODPM:34229.9 
07-06 23:12:02.067 I/pixel-thermal( 9793): VIRTUAL-SKIN-CPU-ODPM:34.2299 raw data: VIRTUAL-SKIN:34229.9 VIRTUAL-SKIN-CPU-ODPM:34229.9 
07-06 23:12:02.067 I/pixel-thermal( 9793): VIRTUAL-SKIN-MODEL: model_input: [35668.00 37048.00 36157.00 32863.00 32930.00 32774.00 35935.00 36736.00 ]
07-06 23:12:02.067 I/native  ( 9793): I0000 00:00:1783347122.067433    9826 thermal_tflite_wrapper.cc:261] ThermalTfliteInvoke
07-06 23:12:02.067 I/pixel-thermal( 9793): VIRTUAL-SKIN-MODEL: model_output: [34244 ]
07-06 23:12:02.067 I/pixel-thermal( 9793): VIRTUAL-SKIN-MODEL: predicted_value: [34244 ]
07-06 23:12:02.067 I/pixel-thermal( 9793): VIRTUAL-SKIN-ODPM-MODEL: model_input: [35668.00 37048.00 36157.00 32863.00 32930.00 32774.00 35935.00 36736.00 34200.00 561.71 1.77 180.90 33.78 0.40 293.33 ]
07-06 23:12:02.067 I/native  ( 9793): I0000 00:00:1783347122.067780    9826 thermal_tflite_wrapper.cc:261] ThermalTfliteInvoke
07-06 23:12:02.067 I/pixel-thermal( 9793): VIRTUAL-SKIN-ODPM-MODEL: model_output: [33445.9 ]
07-06 23:12:02.067 I/pixel-thermal( 9793): VIRTUAL-SKIN-ODPM-MODEL: predicted_value: [33445.9 ]
07-06 23:12:02.068 I/pixel-thermal( 9793): VIRTUAL-SKIN-SPEAKER-MODEL: model_input: [34200.00 32930.00 36157.00 32774.00 35935.00 37048.00 35668.00 36736.00 32863.00 ]
07-06 23:12:02.068 I/native  ( 9793): I0000 00:00:1783347122.068149    9826 thermal_tflite_wrapper.cc:261] ThermalTfliteInvoke
07-06 23:12:02.068 I/pixel-thermal( 9793): VIRTUAL-SKIN-SPEAKER-MODEL: model_output: [32926 ]
07-06 23:12:02.068 I/pixel-thermal( 9793): VIRTUAL-SKIN-SPEAKER-MODEL: predicted_value: [32926 ]
07-06 23:12:02.068 I/pixel-thermal( 9793): STATS-UPDATOR:0 raw data: EXTREME-SOC-CONDITION-CHECK:0 MAIN_SOC_POWER:451.942 MODEL_CAMERA_PWR:1.7693 MODEL_DISPLAY_PWR:180.9 MODEL_MISC_PWR:561.713 MODEL_MODEM_PWR:33.7818 MODEL_RFFE_PWR:0.400509 MODEL_WLAN_BT_PWR:293.33 NORTH_THERM-UNDER-THRESHOLD:1 NORTH_THERM-VSKIN-DIFF-DURING-NORTH_THERM-OVER-THRESHOLD:-998295 NORTH_THERM-VSKIN-DIFF-DURING-VSKIN-OVER-52:-998295 QUIET_THERM-UNDER-THRESHOLD:1 QUIET_THERM-VSKIN-DIFF-DURING-QUIET_THERM-OVER-THRESHOLD:-997182 QUIET_THERM-VSKIN-DIFF-DURING-VSKIN-OVER-52:-997182 RFPA_THERM-UNDER-THRESHOLD:1 RFPA_THERM-VSKIN-DIFF-DURING-RFPA_THERM-OVER-THRESHOLD:-998562 RFPA_THERM-VSKIN-DIFF-DURING-VSKIN-OVER-52:-998562 SOC_THERM-UNDER-THRESHOLD:1 SOC_THERM-VSKIN-DIFF-DURING-SOC_THERM-OVER-THRESHOLD:-997494 SOC_THERM-VSKIN-DIFF-DURING-VSKIN-OVER-52:-997494 STATS-UPDATOR:0 TPU_35S:0 VIRTUAL-SKIN:34229.9 VIRTUAL-SKIN-LEGACY:34546.4 VIRTUAL-SKIN-MODEL:34244 VIRTUAL-SKIN-MODEL-LEGACY-DIFF:-319.328 VIRTUAL-SKIN-ODPM-MODEL:33445.9 VIRTUAL-SKIN-SPEAKER-MODEL:32926 VSKIN-SKIN-UNDER-52:1 battery:34200 btmspkr_therm:32930 charging_therm:36157 disp_therm:32774 north_therm:35935 quiet_therm:37048 rfpa_therm:35668 soc_therm:36736 usb_pwr_therm:32863 
07-06 23:12:02.068 I/pixel-thermal( 9793): VIRTUAL-SKIN-CPU-HIGH:34.2299 raw data: VIRTUAL-SKIN:34229.9 VIRTUAL-SKIN-CPU-HIGH:34229.9 
07-06 23:12:02.068 I/pixel-thermal( 9793): VIRTUAL-SKIN-CHARGE:34.1487 raw data: VIRTUAL-SKIN-CHARGE:34148.7 VIRTUAL-SKIN-CHARGE-SUB-0:33974.9 VIRTUAL-SKIN-CHARGE-SUB-1:34148.7 btmspkr_therm:32930 charging_therm:36157 disp_therm:32774 north_therm:35935 quiet_therm:37048 rfpa_therm:35668 soc_therm:36736 usb_pwr_therm:32863 
07-06 23:12:02.068 I/pixel-thermal( 9793): VIRTUAL-SKIN-CHARGE power_budget=4127.92 err=3.85128 s_power=2527 time_elapsed_ms=7011 p=458.303 i=1302 d=-0 dt_per_min=nan compensation=0 budget transient=0 control target=2 excluded power budget=159.379 (PARTIAL_SYSTEM_POWER: 1328.16 mW, cdev_weight: 0.120000)
07-06 23:12:02.068 I/pixel-thermal( 9793): VIRTUAL-SKIN-CHARGE-WLC:33.6967 raw data: VIRTUAL-SKIN-CHARGE-WLC:33696.7 charging_therm:36157 soc_therm:36736 usb_pwr_therm:32863 
07-06 23:12:02.068 I/pixel-thermal( 9793): VIRTUAL-SKIN-CHARGE-WLC power_budget=4042.69 err=7.30332 s_power=1383 time_elapsed_ms=7011 p=1555.61 i=1383 d=-0 dt_per_min=nan compensation=0 budget transient=0 control target=2 excluded power budget=278.914 (PARTIAL_SYSTEM_POWER: 1328.16 mW, cdev_weight: 0.210000)
07-06 23:12:02.068 I/pixel-thermal( 9793): cellular-emergency:34.2299 raw data: VIRTUAL-SKIN:34229.9 cellular-emergency:34229.9 
07-06 23:12:02.084 I/adbd    ( 1389): adbd service requested 'shell,v2:wm size'
07-06 23:12:02.173 I/adbd    ( 1389): adbd service requested 'shell,v2:getprop'
07-06 23:12:02.212 I/WifiHAL ( 1167): Creating message to get link statistics; iface = 47
07-06 23:12:02.243 I/adbd    ( 1389): adbd service requested 'shell,v2:wm size'
07-06 23:12:02.245 I/WifiHAL ( 1167): Getting cached scan results, iface handle = 0xb4000072c6113cd0
07-06 23:12:02.246 E/WifiHAL ( 1167): Creating message to get cached scan results
07-06 23:12:02.249 I/WifiHAL ( 1167): In GetCachedScanResultsCommand::handleResponse
07-06 23:12:02.269 D/WifiHAL ( 1167): Start debug command: mType GET_FEATURE
07-06 23:12:02.269 I/WifiHAL ( 1167): CreateRequest mType = GET_FEATURE
07-06 23:12:02.269 D/WifiHAL ( 1167): In DebugCommand::handleResponse, mType:GET_FEATURE
07-06 23:12:02.269 D/WifiHAL ( 1167): len = 4, expected len = 4
07-06 23:12:02.271 I/HalDevMgr( 1672): bestIfaceCreationProposal is null, requestIface=STA, existingIface=[name=wlan0 type=STA]
07-06 23:12:02.363 I/adbd    ( 1389): adbd service requested 'shell,v2:getprop'
07-06 23:12:02.379 I/adbd    ( 1389): adbd service requested 'shell,v2:logcat --proto'
07-06 23:12:02.500 I/adbd    ( 1389): adbd service requested 'shell,v2:wm size'
07-06 23:12:02.620 I/adbd    ( 1389): adbd service requested 'shell,v2:getprop'
07-06 23:12:02.725 I/adbd    ( 1389): adbd service requested 'shell,v2:wm size'
07-06 23:12:02.817 I/adbd    ( 1389): adbd service requested 'shell,v2:getprop'
07-06 23:12:02.831 I/adbd    ( 1389): adbd service requested 'shell,v2:logcat --proto'
07-06 23:12:02.884 W/SensorService( 1672): Dropping 1 cached events (3000/3000) to save 1/1 new events. 26 events previously dropped
07-06 23:12:02.943 W/ProcessStats( 1672): Tracking association SourceState{137ae49 com.google.android.gms.persistent/10178 BFgs #418034} whose proc state 4 is better than process ProcessState{39c3fb7 com.google.android.gms/10178 pkg=com.google.android.gms} proc state 13 (15 skipped)
07-06 23:12:02.962 I/adbd    ( 1389): adbd service requested 'shell,v2:wm size'
07-06 23:12:03.090 I/adbd    ( 1389): adbd service requested 'shell,v2:getprop'
07-06 23:12:03.165 I/adbd    ( 1389): adbd service requested 'shell,v2:wm size'
07-06 23:12:03.257 I/adbd    ( 1389): adbd service requested 'shell,v2:getprop'
07-06 23:12:03.272 I/adbd    ( 1389): adbd service requested 'shell,v2:logcat --proto'
07-06 23:12:03.395 I/adbd    ( 1389): adbd service requested 'shell,v2:wm size'
07-06 23:12:03.489 I/adbd    ( 1389): adbd service requested 'shell,v2:getprop'
07-06 23:12:03.566 I/adbd    ( 1389): adbd service requested 'shell,v2:wm size'
07-06 23:12:03.677 I/adbd    ( 1389): adbd service requested 'shell,v2:getprop'
07-06 23:12:03.693 I/adbd    ( 1389): adbd service requested 'shell,v2:logcat --proto'
07-06 23:12:03.984 I/pixel-thermal( 9793): disp_therm:32.774 raw data: disp_therm:32774 
07-06 23:12:03.985 I/pixel-thermal( 9793): VIRTUAL-USB-UI:0 raw data: USB-MINUS-CHARGER:-3250 VIRTUAL-USB-UI:0 charging_therm:36135 usb_pwr_therm:32885 
07-06 23:12:03.986 I/pixel-thermal( 9793): btmspkr_therm:32.93 raw data: btmspkr_therm:32930 
07-06 23:12:03.986 I/pixel-thermal( 9793): usb_pwr_therm:32.885 raw data: usb_pwr_therm:32885 
07-06 23:12:03.986 I/pixel-thermal( 9793): VIRTUAL-USB-THROTTLING:0 raw data: USB-MINUS-CHARGER:-3250 VIRTUAL-USB-THROTTLING:0 usb_pwr_therm:32885 
07-06 23:12:04.017 I/adbd    ( 1389): adbd service requested 'shell,v2:wm size'
07-06 23:12:04.141 I/adbd    ( 1389): adbd service requested 'shell,v2:getprop'
07-06 23:12:04.247 I/adbd    ( 1389): adbd service requested 'shell,v2:wm size'
07-06 23:12:04.343 I/adbd    ( 1389): adbd service requested 'shell,v2:getprop'
07-06 23:12:04.357 I/adbd    ( 1389): adbd service requested 'shell,v2:logcat --proto'
07-06 23:12:04.419 I/adbd    ( 1389): adbd service requested 'shell,v2:wm size'
07-06 23:12:04.505 I/adbd    ( 1389): adbd service requested 'shell,v2:getprop'
07-06 23:12:04.611 I/adbd    ( 1389): adbd service requested 'shell,v2:wm size'
07-06 23:12:04.735 I/adbd    ( 1389): adbd service requested 'shell,v2:getprop'
07-06 23:12:04.749 I/adbd    ( 1389): adbd service requested 'shell,v2:logcat --proto'
07-06 23:12:04.804 I/adbd    ( 1389): adbd service requested 'shell,v2:wm size'
07-06 23:12:04.898 I/adbd    ( 1389): adbd service requested 'shell,v2:getprop'
07-06 23:12:04.945 W/SensorService( 1672): Dropping 1 cached events (3000/3000) to save 1/1 new events. 26 events previously dropped
07-06 23:12:05.061 I/pixel-thermal( 9793): quiet_therm:36.736 raw data: quiet_therm:36736 
07-06 23:12:05.116 I/adbd    ( 1389): adbd service requested 'shell,v2:wm size'
07-06 23:12:05.278 I/WifiHAL ( 1167): Creating message to get link statistics; iface = 47
07-06 23:12:05.322 I/WifiHAL ( 1167): Getting cached scan results, iface handle = 0xb4000072c6113cd0
07-06 23:12:05.322 E/WifiHAL ( 1167): Creating message to get cached scan results
07-06 23:12:05.327 I/WifiHAL ( 1167): In GetCachedScanResultsCommand::handleResponse
07-06 23:12:05.353 D/WifiHAL ( 1167): Start debug command: mType GET_FEATURE
07-06 23:12:05.354 I/WifiHAL ( 1167): CreateRequest mType = GET_FEATURE
07-06 23:12:05.354 D/WifiHAL ( 1167): In DebugCommand::handleResponse, mType:GET_FEATURE
07-06 23:12:05.354 D/WifiHAL ( 1167): len = 4, expected len = 4
07-06 23:12:05.356 I/HalDevMgr( 1672): bestIfaceCreationProposal is null, requestIface=STA, existingIface=[name=wlan0 type=STA]
07-06 23:12:05.406 I/adbd    ( 1389): adbd service requested 'shell,v2:logcat --proto'
07-06 23:12:05.422 I/adbd    ( 1389): adbd service requested 'shell,v2:getprop'
07-06 23:12:05.507 I/adbd    ( 1389): adbd service requested 'shell,v2:wm size'
07-06 23:12:05.608 I/adbd    ( 1389): adbd service requested 'shell,v2:getprop'
07-06 23:12:05.720 I/adbd    ( 1389): adbd service requested 'shell,v2:wm size'
07-06 23:12:05.841 I/adbd    ( 1389): adbd service requested 'shell,v2:getprop'
07-06 23:12:05.858 I/adbd    ( 1389): adbd service requested 'shell,v2:logcat --proto'
07-06 23:12:05.959 I/adbd    ( 1389): adbd service requested 'shell,v2:wm size'
07-06 23:12:06.069 I/adbd    ( 1389): adbd service requested 'shell,v2:getprop'
07-06 23:12:06.147 I/adbd    ( 1389): adbd service requested 'shell,v2:wm size'
07-06 23:12:06.190 I/pixel-thermal( 9793): soc_therm:36.625 raw data: soc_therm:36625 
07-06 23:12:06.240 I/adbd    ( 1389): adbd service requested 'shell,v2:getprop'
07-06 23:12:06.256 I/adbd    ( 1389): adbd service requested 'shell,v2:logcat --proto'
07-06 23:12:06.359 I/adbd    ( 1389): adbd service requested 'shell,v2:wm size'
07-06 23:12:06.451 I/adbd    ( 1389): adbd service requested 'shell,v2:getprop'
07-06 23:12:06.540 I/adbd    ( 1389): adbd service requested 'shell,v2:wm size'
07-06 23:12:06.664 I/adbd    ( 1389): adbd service requested 'shell,v2:getprop'
07-06 23:12:06.678 I/adbd    ( 1389): adbd service requested 'shell,v2:logcat --proto'
07-06 23:12:06.999 I/adbd    ( 1389): adbd service requested 'shell,v2:wm size'
07-06 23:12:07.004 W/SensorService( 1672): Dropping 1 cached events (3000/3000) to save 1/1 new events. 23 events previously dropped
07-06 23:12:07.118 I/adbd    ( 1389): adbd service requested 'shell,v2:getprop'
07-06 23:12:07.177 I/adbd    ( 1389): adbd service requested 'shell,v2:wm size'
07-06 23:12:07.296 I/adbd    ( 1389): adbd service requested 'shell,v2:getprop'
07-06 23:12:07.310 I/adbd    ( 1389): adbd service requested 'shell,v2:logcat --proto'
07-06 23:12:07.382 I/adbd    ( 1389): adbd service requested 'shell,v2:wm size'
07-06 23:12:07.476 I/adbd    ( 1389): adbd service requested 'shell,v2:getprop'
07-06 23:12:07.539 I/adbd    ( 1389): adbd service requested 'shell,v2:wm size'
07-06 23:12:07.667 I/adbd    ( 1389): adbd service requested 'shell,v2:getprop'
07-06 23:12:07.683 I/adbd    ( 1389): adbd service requested 'shell,v2:logcat --proto'
07-06 23:12:07.789 I/adbd    ( 1389): adbd service requested 'shell,v2:wm size'
07-06 23:12:07.879 I/adbd    ( 1389): adbd service requested 'shell,v2:getprop'
07-06 23:12:07.949 I/adbd    ( 1389): adbd service requested 'shell,v2:wm size'
07-06 23:12:08.074 I/adbd    ( 1389): adbd service requested 'shell,v2:getprop'
07-06 23:12:08.088 I/adbd    ( 1389): adbd service requested 'shell,v2:logcat --proto'
07-06 23:12:08.194 I/adbd    ( 1389): adbd service requested 'shell,v2:wm size'
07-06 23:12:08.325 I/adbd    ( 1389): adbd service requested 'shell,v2:getprop'
07-06 23:12:08.361 I/WifiHAL ( 1167): Creating message to get link statistics; iface = 47
07-06 23:12:08.392 I/adbd    ( 1389): adbd service requested 'shell,v2:wm size'
07-06 23:12:08.397 I/WifiHAL ( 1167): Getting cached scan results, iface handle = 0xb4000072c6113cd0
07-06 23:12:08.397 E/WifiHAL ( 1167): Creating message to get cached scan results
07-06 23:12:08.400 I/WifiHAL ( 1167): In GetCachedScanResultsCommand::handleResponse
07-06 23:12:08.420 D/WifiHAL ( 1167): Start debug command: mType GET_FEATURE
07-06 23:12:08.420 I/WifiHAL ( 1167): CreateRequest mType = GET_FEATURE
07-06 23:12:08.420 D/WifiHAL ( 1167): In DebugCommand::handleResponse, mType:GET_FEATURE
07-06 23:12:08.420 D/WifiHAL ( 1167): len = 4, expected len = 4
07-06 23:12:08.422 I/HalDevMgr( 1672): bestIfaceCreationProposal is null, requestIface=STA, existingIface=[name=wlan0 type=STA]
07-06 23:12:08.491 I/adbd    ( 1389): adbd service requested 'shell,v2:getprop'
07-06 23:12:08.500 I/adbd    ( 1389): adbd service requested 'shell,v2:logcat --proto'
07-06 23:12:08.556 I/adbd    ( 1389): adbd service requested 'shell,v2:wm size'
07-06 23:12:08.631 I/adbd    ( 1389): adbd service requested 'shell,v2:getprop'
07-06 23:12:08.693 I/adbd    ( 1389): adbd service requested 'shell,v2:wm size'
07-06 23:12:08.758 I/adbd    ( 1389): adbd service requested 'shell,v2:getprop'
07-06 23:12:08.766 I/adbd    ( 1389): adbd service requested 'shell,v2:logcat --proto'
07-06 23:12:08.790 I/system_server( 1672): NativeAlloc concurrent mark compact GC freed 19MB AllocSpace bytes, 335(9600KB) LOS objects, 78% free, 110MB/512MB, paused 1.305ms,5.963ms total 366.945ms
07-06 23:12:08.812 I/adbd    ( 1389): adbd service requested 'shell,v2:wm size'
07-06 23:12:08.924 I/adbd    ( 1389): adbd service requested 'shell,v2:getprop'
07-06 23:12:08.999 I/adbd    ( 1389): adbd service requested 'shell,v2:wm size'
07-06 23:12:09.063 W/SensorService( 1672): Dropping 1 cached events (3000/3000) to save 1/1 new events. 26 events previously dropped
07-06 23:12:09.082 I/pixel-thermal( 9793): VIRTUAL-SKIN-MODEL: model_input: [35556.00 36625.00 35979.00 32863.00 32952.00 32774.00 35779.00 36380.00 ]
07-06 23:12:09.082 I/native  ( 9793): I0000 00:00:1783347129.082682    9826 thermal_tflite_wrapper.cc:261] ThermalTfliteInvoke
07-06 23:12:09.083 I/pixel-thermal( 9793): VIRTUAL-SKIN-MODEL: model_output: [34159.7 ]
07-06 23:12:09.083 I/pixel-thermal( 9793): VIRTUAL-SKIN-MODEL: predicted_value: [34159.7 ]
07-06 23:12:09.083 I/pixel-thermal( 9793): VIRTUAL-SKIN-CPU-MID:34.2018 raw data: VIRTUAL-SKIN:34201.8 VIRTUAL-SKIN-CPU-MID:34201.8 VIRTUAL-SKIN-LEGACY:34424.7 VIRTUAL-SKIN-LEGACY-MODEL-DIFF:264.961 VIRTUAL-SKIN-LEGACY-SHUTDOWN:0 VIRTUAL-SKIN-MODEL:34159.7 VIRTUAL-SKIN-MODEL-CLAMPED:34159.7 VIRTUAL-SKIN-MODEL-LEGACY-DIFF:-264.961 VIRTUAL-SKIN-MODEL-UPDATED:34201.8 VIRTUAL-SKIN-MODEL-UPPER-CLAMPED:34159.7 VIRTUAL-SKIN-SUB-0:33352.4 VIRTUAL-SKIN-SUB-1:34153.3 VIRTUAL-SKIN-SUB-2:34062.2 VIRTUAL-SKIN-SUB-3:34424.7 VIRTUAL-SKIN-SUB-4:34200.3 VT_LEGACY_WEIGHT:0 VT_MODEL_WEIGHT:1 battery:34200 btmspkr_therm:32952 charging_therm:35979 disp_therm:32774 north_therm:35779 quiet_therm:36625 rfpa_therm:35556 soc_therm:36380 usb_pwr_therm:32863 
07-06 23:12:09.083 I/pixel-thermal( 9793): charging_therm:35.979 raw data: charging_therm:35979 
07-06 23:12:09.083 I/pixel-thermal( 9793): north_therm:35.779 raw data: north_therm:35779 
07-06 23:12:09.083 I/pixel-thermal( 9793): VIRTUAL-SKIN-SOC:34.2018 raw data: VIRTUAL-SKIN:34201.8 VIRTUAL-SKIN-SOC:34201.8 
07-06 23:12:09.084 I/pixel-thermal( 9793): VIRTUAL-SKIN-DISPLAY:34.2018 raw data: VIRTUAL-SKIN:34201.8 VIRTUAL-SKIN-DISPLAY:34201.8 
07-06 23:12:09.084 I/pixel-thermal( 9793): CPU_THROTTLE_SEVERE:0 raw data: CPU_THROTTLE_SEVERE:0 
07-06 23:12:09.084 I/pixel-thermal( 9793): VIRTUAL-SKIN:34.2018 raw data: VIRTUAL-SKIN:34201.8 
07-06 23:12:09.084 I/pixel-thermal( 9793): VIRTUAL-SKIN-HINT:34.2018 raw data: VIRTUAL-SKIN:34201.8 VIRTUAL-SKIN-HINT:34201.8 
07-06 23:12:09.084 I/pixel-thermal( 9793): VIRTUAL-SKIN-CPU-LIGHT-ODPM:34.2018 raw data: VIRTUAL-SKIN:34201.8 VIRTUAL-SKIN-CPU-LIGHT-ODPM:34201.8 
07-06 23:12:09.084 I/pixel-thermal( 9793): VIRTUAL-SKIN-CPU-ODPM:34.2018 raw data: VIRTUAL-SKIN:34201.8 VIRTUAL-SKIN-CPU-ODPM:34201.8 
07-06 23:12:09.084 I/pixel-thermal( 9793): VIRTUAL-SKIN-ODPM-MODEL: model_input: [35556.00 36625.00 35979.00 32863.00 32952.00 32774.00 35779.00 36380.00 34200.00 560.23 1.77 192.39 33.75 0.40 291.65 ]
07-06 23:12:09.084 I/native  ( 9793): I0000 00:00:1783347129.084718    9826 thermal_tflite_wrapper.cc:261] ThermalTfliteInvoke
07-06 23:12:09.084 I/pixel-thermal( 9793): VIRTUAL-SKIN-ODPM-MODEL: model_output: [33287.5 ]
07-06 23:12:09.084 I/pixel-thermal( 9793): VIRTUAL-SKIN-ODPM-MODEL: predicted_value: [33287.5 ]
07-06 23:12:09.085 I/pixel-thermal( 9793): VIRTUAL-SKIN-SPEAKER-MODEL: model_input: [34200.00 32952.00 35979.00 32774.00 35779.00 36625.00 35556.00 36380.00 32863.00 ]
07-06 23:12:09.085 I/native  ( 9793): I0000 00:00:1783347129.085442    9826 thermal_tflite_wrapper.cc:261] ThermalTfliteInvoke
07-06 23:12:09.085 I/pixel-thermal( 9793): VIRTUAL-SKIN-SPEAKER-MODEL: model_output: [32881.8 ]
07-06 23:12:09.085 I/pixel-thermal( 9793): VIRTUAL-SKIN-SPEAKER-MODEL: predicted_value: [32881.8 ]
07-06 23:12:09.085 I/pixel-thermal( 9793): STATS-UPDATOR:0 raw data: EXTREME-SOC-CONDITION-CHECK:0 MAIN_SOC_POWER:444.02 MODEL_CAMERA_PWR:1.76932 MODEL_DISPLAY_PWR:192.394 MODEL_MISC_PWR:560.229 MODEL_MODEM_PWR:33.7486 MODEL_RFFE_PWR:0.398989 MODEL_WLAN_BT_PWR:291.649 NORTH_THERM-UNDER-THRESHOLD:1 NORTH_THERM-VSKIN-DIFF-DURING-NORTH_THERM-OVER-THRESHOLD:-998423 NORTH_THERM-VSKIN-DIFF-DURING-VSKIN-OVER-52:-998423 QUIET_THERM-UNDER-THRESHOLD:1 QUIET_THERM-VSKIN-DIFF-DURING-QUIET_THERM-OVER-THRESHOLD:-997577 QUIET_THERM-VSKIN-DIFF-DURING-VSKIN-OVER-52:-997577 RFPA_THERM-UNDER-THRESHOLD:1 RFPA_THERM-VSKIN-DIFF-DURING-RFPA_THERM-OVER-THRESHOLD:-998646 RFPA_THERM-VSKIN-DIFF-DURING-VSKIN-OVER-52:-998646 SOC_THERM-UNDER-THRESHOLD:1 SOC_THERM-VSKIN-DIFF-DURING-SOC_THERM-OVER-THRESHOLD:-997822 SOC_THERM-VSKIN-DIFF-DURING-VSKIN-OVER-52:-997822 STATS-UPDATOR:0 TPU_35S:0 VIRTUAL-SKIN:34201.8 VIRTUAL-SKIN-LEGACY:34424.7 VIRTUAL-SKIN-MODEL:34159.7 VIRTUAL-SKIN-MODEL-LEGACY-DIFF:-264.961 VIRTUAL-SKIN-ODPM-MODEL:33287.5 VIRTUAL-SKIN-SPEAKER-MODEL:32881.8 VSKIN-SKIN-UNDER-52:1 battery:34200 btmspkr_therm:32952 charging_therm:35979 disp_therm:32774 north_therm:35779 quiet_therm:36625 rfpa_therm:35556 soc_therm:36380 usb_pwr_therm:32863 
07-06 23:12:09.085 I/pixel-thermal( 9793): VIRTUAL-SKIN-CPU-HIGH:34.2018 raw data: VIRTUAL-SKIN:34201.8 VIRTUAL-SKIN-CPU-HIGH:34201.8 
07-06 23:12:09.086 I/pixel-thermal( 9793): VIRTUAL-SKIN-CHARGE:33.9978 raw data: VIRTUAL-SKIN-CHARGE:33997.8 VIRTUAL-SKIN-CHARGE-SUB-0:33859.2 VIRTUAL-SKIN-CHARGE-SUB-1:33997.8 btmspkr_therm:32952 charging_therm:35979 disp_therm:32774 north_therm:35779 quiet_therm:36625 rfpa_therm:35556 soc_therm:36380 usb_pwr_therm:32863 
07-06 23:12:09.086 I/pixel-thermal( 9793): VIRTUAL-SKIN-CHARGE power_budget=4148.52 err=4.00217 s_power=2527 time_elapsed_ms=7011 p=476.258 i=1302 d=0 dt_per_min=nan compensation=0 budget transient=0 control target=2 excluded power budget=156.742 (PARTIAL_SYSTEM_POWER: 1306.19 mW, cdev_weight: 0.120000)
07-06 23:12:09.086 I/pixel-thermal( 9793): VIRTUAL-SKIN-CHARGE-WLC:33.5687 raw data: VIRTUAL-SKIN-CHARGE-WLC:33568.7 charging_therm:35979 soc_therm:36380 usb_pwr_therm:32863 
07-06 23:12:09.086 I/pixel-thermal( 9793): VIRTUAL-SKIN-CHARGE-WLC power_budget=4074.57 err=7.4313 s_power=1383 time_elapsed_ms=7011 p=1582.87 i=1383 d=0 dt_per_min=nan compensation=0 budget transient=0 control target=2 excluded power budget=274.299 (PARTIAL_SYSTEM_POWER: 1306.19 mW, cdev_weight: 0.210000)
07-06 23:12:09.086 I/pixel-thermal( 9793): cellular-emergency:34.2018 raw data: VIRTUAL-SKIN:34201.8 cellular-emergency:34201.8 
07-06 23:12:09.120 I/adbd    ( 1389): adbd service requested 'shell,v2:getprop'
07-06 23:12:09.136 I/adbd    ( 1389): adbd service requested 'shell,v2:logcat --proto'
07-06 23:12:09.238 I/adbd    ( 1389): adbd service requested 'shell,v2:wm size'
07-06 23:12:09.332 I/adbd    ( 1389): adbd service requested 'shell,v2:getprop'
07-06 23:12:09.443 I/adbd    ( 1389): adbd service requested 'shell,v2:wm size'
07-06 23:12:09.563 I/adbd    ( 1389): adbd service requested 'shell,v2:getprop'
07-06 23:12:09.579 I/adbd    ( 1389): adbd service requested 'shell,v2:logcat --proto'
07-06 23:12:09.730 I/adbd    ( 1389): adbd service requested 'shell,v2:wm size'
07-06 23:12:09.857 I/adbd    ( 1389): adbd service requested 'shell,v2:getprop'
07-06 23:12:10.067 I/adbd    ( 1389): adbd service requested 'shell,v2:wm size'
07-06 23:12:10.180 I/adbd    ( 1389): adbd service requested 'shell,v2:getprop'
07-06 23:12:10.197 I/adbd    ( 1389): adbd service requested 'shell,v2:logcat --proto'
07-06 23:12:10.295 D/TemperatureStateSource( 2516): sequence=16918 actualDelay=10001
07-06 23:12:10.297 D/TemperatureStateSource( 2516): Reading temperature: sequence=16919
07-06 23:12:10.299 I/pixel-thermal( 9793): CPU_THROTTLE_SEVERE:0 raw data: CPU_THROTTLE_SEVERE:0 
07-06 23:12:10.299 I/pixel-thermal( 9793): VIRTUAL-SKIN:34.2018 raw data: VIRTUAL-SKIN:34201.8 
07-06 23:12:10.300 D/TemperatureStateSource( 2516): getDeviceTemperatures: sequence=16919 deviceTemperatureType=3 temperatureSource=0 temperatures=[34.20183]
07-06 23:12:10.300 I/adbd    ( 1389): adbd service requested 'shell,v2:wm size'
07-06 23:12:10.300 D/BusinessScope( 2516): Enqueuing the block
07-06 23:12:10.300 D/TemperatureStateSource( 2516): sequence=16919 waitTime=10000
07-06 23:12:10.301 D/BusinessScope( 2516): Start running the #34600 block
07-06 23:12:10.302 I/pixel-thermal( 9793): CPU_THROTTLE_SEVERE:0 raw data: CPU_THROTTLE_SEVERE:0 
07-06 23:12:10.302 I/pixel-thermal( 9793): VIRTUAL-SKIN:34.2018 raw data: VIRTUAL-SKIN:34201.8 
07-06 23:12:10.303 I/TemperatureStateSource( 2516): temperature was set
07-06 23:12:10.303 D/BusinessScope( 2516): Enqueuing the block
07-06 23:12:10.303 D/ImpulseStateSource( 2516): Notify clients: 17298
07-06 23:12:10.303 D/BusinessScope( 2516): Finish running the #34600 block
07-06 23:12:10.303 D/BusinessScope( 2516): Start running the #34601 block
07-06 23:12:10.305 D/ImpulseConnection( 2516): bindService: com.google.android.apps.turbo
07-06 23:12:10.314 D/BackgroundInstallControlService( 1672): Package event received: 0
07-06 23:12:10.316 D/BackgroundInstallControlService( 1672): Package event received: 0
07-06 23:12:10.329 D/ImpulseConnection( 2516): onServiceConnected: ComponentInfo{com.google.android.apps.turbo/com.google.android.apps.turbo.adaptiveplatform.impulse.ImpulseClientService} service is null false
07-06 23:12:10.331 D/BusinessScope( 2516): Finish running the #34601 block
07-06 23:12:10.394 I/adbd    ( 1389): adbd service requested 'shell,v2:getprop'
07-06 23:12:10.459 I/adbd    ( 1389): adbd service requested 'shell,v2:wm size'
07-06 23:12:10.578 I/adbd    ( 1389): adbd service requested 'shell,v2:getprop'
07-06 23:12:10.592 I/adbd    ( 1389): adbd service requested 'shell,v2:logcat --proto'
07-06 23:12:10.664 I/adbd    ( 1389): adbd service requested 'shell,v2:wm size'
07-06 23:12:10.747 I/adbd    ( 1389): adbd service requested 'shell:getprop'
07-06 23:12:10.776 I/adbd    ( 1389): adbd service requested 'shell,v2:getprop'
07-06 23:12:10.807 D/ActivityManager( 1672): sync unfroze 28220 jp.co.family.familymart_app for 3
07-06 23:12:10.826 I/ConnectivityMonitorStateMachineController( 3311): Alarm fired
07-06 23:12:10.828 D/ConnectivityMonitorStateMachine( 3311): [CampedOnLteOrNr] {subId=2} processMessage(HEART_BEAT) null
07-06 23:12:10.831 D/ConnectivityMonitorStateMachine( 3311): [InService] {subId=2} processMessage(HEART_BEAT) null
07-06 23:12:10.831 D/ConnectivityMonitorStateMachine( 3311): [InService] {subId=2} Data is connected and transmitted.
07-06 23:12:10.831 D/ConnectivityMonitorStateMachine( 3311): [Default] {subId=2} processMessage(HEART_BEAT) null
07-06 23:12:10.831 I/ConnectivityMonitorStateMachine( 3311): [Default] {subId=2} Heart Beat
07-06 23:12:10.839 D/ActivityManager( 1672): sync unfroze 21138 app.revanced.android.youtube for 6
07-06 23:12:10.845 D/ActivityManager( 1672): freezing 23935 .ShannonImsService
07-06 23:12:10.848 D/ConnectivityMonitorStateMachine( 3311): [CampedOnLteOrNr] {subId=3} processMessage(HEART_BEAT) null
07-06 23:12:10.848 D/ConnectivityMonitorStateMachine( 3311): [InService] {subId=3} processMessage(HEART_BEAT) null
07-06 23:12:10.851 I/adbd    ( 1389): adbd service requested 'shell:getprop'
07-06 23:12:10.883 D/ConnectivityMonitorStateMachine( 3311): [InService] {subId=3} Data is connected and transmitted.
07-06 23:12:10.883 D/ConnectivityMonitorStateMachine( 3311): [Default] {subId=3} processMessage(HEART_BEAT) null
07-06 23:12:10.883 I/ConnectivityMonitorStateMachine( 3311): [Default] {subId=3} Heart Beat
07-06 23:12:10.896 I/adbd    ( 1389): adbd service requested 'shell,v2:wm size'
07-06 23:12:10.917 W/JobInfo (28220): Requested important-while-foreground flag for job191111 is ignored and takes no effect
07-06 23:12:10.984 D/BoundBrokerSvc(24103): onUnbind: Intent { act=com.google.android.gms.auth.aang.events.services.START dat=chimera-action:/... xflg=0x4 cmp=com.google.android.gms/.chimera.PersistentApiService }
07-06 23:12:10.987 D/BoundBrokerSvc( 7512): onUnbind: Intent { act=com.google.android.gms.onboardingconsent.api.ConsentManagerApiService.START dat=chimera-action:/... xflg=0x4 cmp=com.google.android.gms/.chimera.GmsApiService }
07-06 23:12:10.998 I/adbd    ( 1389): adbd service requested 'shell,v2:getprop'
07-06 23:12:11.000 I/pixel-thermal( 9793): disp_therm:32.774 raw data: disp_therm:32774 
07-06 23:12:11.001 I/pixel-thermal( 9793): VIRTUAL-USB-UI:0 raw data: USB-MINUS-CHARGER:-3116 VIRTUAL-USB-UI:0 charging_therm:35979 usb_pwr_therm:32863 
07-06 23:12:11.001 I/pixel-thermal( 9793): btmspkr_therm:32.952 raw data: btmspkr_therm:32952 
07-06 23:12:11.001 I/pixel-thermal( 9793): usb_pwr_therm:32.863 raw data: usb_pwr_therm:32863 
07-06 23:12:11.001 I/pixel-thermal( 9793): VIRTUAL-USB-THROTTLING:0 raw data: USB-MINUS-CHARGER:-3116 VIRTUAL-USB-THROTTLING:0 usb_pwr_therm:32863 
07-06 23:12:11.011 W/YouTube (21138): Empty persistent device token received from InnerTube.
07-06 23:12:11.018 I/adbd    ( 1389): adbd service requested 'shell,v2:logcat --proto'
07-06 23:12:11.118 I/adbd    ( 1389): adbd service requested 'shell,v2:wm size'
07-06 23:12:11.145 W/SensorService( 1672): Dropping 1 cached events (3000/3000) to save 1/1 new events. 26 events previously dropped
07-06 23:12:11.244 I/adbd    ( 1389): adbd service requested 'shell,v2:getprop'
07-06 23:12:11.314 I/adbd    ( 1389): adbd service requested 'shell,v2:wm size'
07-06 23:12:11.411 I/adbd    ( 1389): adbd service requested 'shell,v2:getprop'
07-06 23:12:11.425 I/WifiHAL ( 1167): Creating message to get link statistics; iface = 47
07-06 23:12:11.435 I/adbd    ( 1389): adbd service requested 'shell,v2:logcat --proto'
07-06 23:12:11.465 I/WifiHAL ( 1167): Getting cached scan results, iface handle = 0xb4000072c6113cd0
07-06 23:12:11.466 E/WifiHAL ( 1167): Creating message to get cached scan results
07-06 23:12:11.471 I/WifiHAL ( 1167): In GetCachedScanResultsCommand::handleResponse
07-06 23:12:11.500 D/WifiHAL ( 1167): Start debug command: mType GET_FEATURE
07-06 23:12:11.500 I/WifiHAL ( 1167): CreateRequest mType = GET_FEATURE
07-06 23:12:11.500 D/WifiHAL ( 1167): In DebugCommand::handleResponse, mType:GET_FEATURE
07-06 23:12:11.500 D/WifiHAL ( 1167): len = 4, expected len = 4
07-06 23:12:11.502 I/HalDevMgr( 1672): bestIfaceCreationProposal is null, requestIface=STA, existingIface=[name=wlan0 type=STA]
07-06 23:12:11.511 I/adbd    ( 1389): adbd service requested 'shell,v2:wm size'
07-06 23:12:11.595 I/adbd    ( 1389): adbd service requested 'shell,v2:getprop'
07-06 23:12:11.666 I/adbd    ( 1389): adbd service requested 'shell,v2:wm size'
07-06 23:12:11.792 I/adbd    ( 1389): adbd service requested 'shell,v2:getprop'
07-06 23:12:11.807 I/adbd    ( 1389): adbd service requested 'shell,v2:logcat --proto'
07-06 23:12:11.910 D/BoundBrokerSvc(24103): onUnbind: Intent { act=com.google.android.gms.libs.gmscorelogger.service.START dat=chimera-action:/... xflg=0x4 cmp=com.google.android.gms/.chimera.PersistentDirectBootAwareApiService }
07-06 23:12:11.917 I/adbd    ( 1389): adbd service requested 'shell,v2:wm size'
07-06 23:12:12.013 I/adbd    ( 1389): adbd service requested 'shell,v2:getprop'
07-06 23:12:12.072 I/pixel-thermal( 9793): quiet_therm:36.625 raw data: quiet_therm:36625 
07-06 23:12:12.091 I/adbd    ( 1389): adbd service requested 'shell,v2:wm size'
07-06 23:12:12.192 I/adbd    ( 1389): adbd service requested 'shell,v2:getprop'
07-06 23:12:12.209 I/adbd    ( 1389): adbd service requested 'shell,v2:logcat --proto'
07-06 23:12:12.328 I/adbd    ( 1389): adbd service requested 'shell,v2:wm size'
07-06 23:12:12.416 I/adbd    ( 1389): adbd service requested 'shell,v2:getprop'
07-06 23:12:12.500 I/adbd    ( 1389): adbd service requested 'shell,v2:wm size'
07-06 23:12:12.639 I/adbd    ( 1389): adbd service requested 'shell,v2:getprop'
07-06 23:12:12.653 I/adbd    ( 1389): adbd service requested 'shell,v2:logcat --proto'
07-06 23:12:12.728 I/adbd    ( 1389): adbd service requested 'shell,v2:wm size'
07-06 23:12:12.836 I/adbd    ( 1389): adbd service requested 'shell,v2:getprop'
07-06 23:12:12.925 I/adbd    ( 1389): adbd service requested 'shell,v2:wm size'
07-06 23:12:13.050 I/adbd    ( 1389): adbd service requested 'shell,v2:getprop'
07-06 23:12:13.067 I/adbd    ( 1389): adbd service requested 'shell,v2:logcat --proto'
07-06 23:12:13.161 I/adbd    ( 1389): adbd service requested 'shell,v2:wm size'
07-06 23:12:13.200 I/pixel-thermal( 9793): soc_therm:36.38 raw data: soc_therm:36380 
07-06 23:12:13.204 W/SensorService( 1672): Dropping 1 cached events (3000/3000) to save 1/1 new events. 26 events previously dropped
07-06 23:12:13.246 I/adbd    ( 1389): adbd service requested 'shell,v2:getprop'
07-06 23:12:13.317 I/adbd    ( 1389): adbd service requested 'shell,v2:wm size'
07-06 23:12:13.428 I/adbd    ( 1389): adbd service requested 'shell,v2:getprop'
07-06 23:12:13.445 I/adbd    ( 1389): adbd service requested 'shell,v2:logcat --proto'
07-06 23:12:13.453 W/TracingMuxer( 1116): type=1400 audit(0.0:122268): avc:  denied  { write } for  name="traced_producer" dev="tmpfs" ino=1317 scontext=u:r:hal_neuralnetworks_darwinn:s0 tcontext=u:object_r:traced_producer_socket:s0 tclass=sock_file permissive=0
07-06 23:12:13.561 I/adbd    ( 1389): adbd service requested 'shell,v2:wm size'
07-06 23:12:13.686 I/adbd    ( 1389): adbd service requested 'shell,v2:getprop'
07-06 23:12:13.809 I/adbd    ( 1389): adbd service requested 'shell,v2:wm size'
07-06 23:12:13.908 I/adbd    ( 1389): adbd service requested 'shell,v2:getprop'
07-06 23:12:13.923 I/adbd    ( 1389): adbd service requested 'shell,v2:logcat --proto'
07-06 23:12:13.987 I/adbd    ( 1389): adbd service requested 'shell,v2:wm size'
07-06 23:12:14.114 I/adbd    ( 1389): adbd service requested 'shell,v2:getprop'
07-06 23:12:14.182 I/adbd    ( 1389): adbd service requested 'shell,v2:wm size'
07-06 23:12:14.241 D/PowerManagerContinuousDisabled5GRunnable( 4766): 5G Continuous Disabled Timer Finished.
07-06 23:12:14.243 D/PowerManagerDecision( 4766): Telephony API
07-06 23:12:14.291 I/adbd    ( 1389): adbd service requested 'shell,v2:getprop'
07-06 23:12:14.309 I/adbd    ( 1389): adbd service requested 'shell,v2:logcat --proto'
07-06 23:12:14.318 D/PowerManagerDecision( 4766): 5G power manager decision: Nr Dual Connectivity configuration updated to: NR_DUAL_CONNECTIVITY_STATE_ENABLE
07-06 23:12:14.326 D/PowerManagerDecision( 4766): Start hysteresis timer for nr dual connectivity configuration change: NR_DUAL_CONNECTIVITY_STATE_ENABLE
07-06 23:12:14.328 D/PowerManager5GDutyCycle( 4766): Started 5G Forced Enabled Timer
07-06 23:12:14.435 I/adbd    ( 1389): adbd service requested 'shell,v2:wm size'
07-06 23:12:14.505 I/WifiHAL ( 1167): Creating message to get link statistics; iface = 47
07-06 23:12:14.525 I/adbd    ( 1389): adbd service requested 'shell,v2:getprop'
07-06 23:12:14.535 I/WifiHAL ( 1167): Getting cached scan results, iface handle = 0xb4000072c6113cd0
07-06 23:12:14.535 E/WifiHAL ( 1167): Creating message to get cached scan results
07-06 23:12:14.539 I/WifiHAL ( 1167): In GetCachedScanResultsCommand::handleResponse
07-06 23:12:14.560 D/WifiHAL ( 1167): Start debug command: mType GET_FEATURE
07-06 23:12:14.560 I/WifiHAL ( 1167): CreateRequest mType = GET_FEATURE
07-06 23:12:14.560 D/WifiHAL ( 1167): In DebugCommand::handleResponse, mType:GET_FEATURE
07-06 23:12:14.560 D/WifiHAL ( 1167): len = 4, expected len = 4
07-06 23:12:14.562 I/HalDevMgr( 1672): bestIfaceCreationProposal is null, requestIface=STA, existingIface=[name=wlan0 type=STA]
07-06 23:12:14.590 I/adbd    ( 1389): adbd service requested 'shell,v2:wm size'
07-06 23:12:14.722 I/adbd    ( 1389): adbd service requested 'shell,v2:getprop'
07-06 23:12:14.738 I/adbd    ( 1389): adbd service requested 'shell,v2:logcat --proto'
07-06 23:12:14.892 I/adbd    ( 1389): adbd service requested 'shell,v2:wm size'
07-06 23:12:15.018 I/adbd    ( 1389): adbd service requested 'shell,v2:getprop'
07-06 23:12:15.076 W/Settings(24187): Setting airplane_mode_on has moved from android.provider.Settings.System to android.provider.Settings.Global, returning read-only value.
07-06 23:12:15.079 D/usf_sensor_hal( 1123): pressure: Enter Batch. Period = 100000000, latency = 0.
07-06 23:12:15.080 I/sensor-suez( 1123): Vendor atom [id = 100243] reported.
07-06 23:12:15.081 D/usf_sensor_hal( 1123): pressure: Enter Activate. Enable = 1.
07-06 23:12:15.083 D/AOC     ( 1365): A3:MSG: usf_sensor.cc, 1866: USF: Received start sampling request for SPL07003 Barometer (active:2).
07-06 23:12:15.085 D/AOC     ( 1365): A3:MSG: spxyz00n_sensor.cc, 102: USF: Spxyz00nSensor: Start 0, period: 40000000, latency: 100000000.
07-06 23:12:15.086 D/AOC     ( 1365): A3:MSG: spxyz00n_sensor.cc, 114: USF: Spxyz00nSensor: Supported sampling period: 40000000 ns.
07-06 23:12:15.087 I/sensor-suez( 1123): Vendor atom [id = 100242] reported.
07-06 23:12:15.087 I/sensor-suez( 1123): Vendor atom [id = 100243] reported.
07-06 23:12:15.095 I/adbd    ( 1389): adbd service requested 'shell,v2:wm size'
07-06 23:12:15.107 I/sensor-suez( 1123): Vendor atom [id = 100245] reported.
07-06 23:12:15.165 D/IwlanEventListener( 2908): Cellinfo changed
07-06 23:12:15.166 D/IwlanEventListener[0]( 2908): Updating handlers for the event: 11
07-06 23:12:15.166 D/IwlanDataService$IwlanDataServiceHandler( 2908): msg.what = CELLINFO_CHANGED_EVENT
07-06 23:12:15.166 D/IwlanDataService( 2908):  Update cached cellinfo
07-06 23:12:15.167 D/IwlanEventListener[1]( 2908): Updating handlers for the event: 11
07-06 23:12:15.168 E/AppOps  ( 1672): attributionTag IWLAN not declared in manifest of com.google.android.iwlan
07-06 23:12:15.174 D/IwlanDataService$IwlanDataServiceHandler( 2908): msg.what = CELLINFO_CHANGED_EVENT
07-06 23:12:15.174 D/IwlanDataService( 2908):  Update cached cellinfo
07-06 23:12:15.198 I/adbd    ( 1389): adbd service requested 'shell,v2:getprop'
07-06 23:12:15.215 I/adbd    ( 1389): adbd service requested 'shell,v2:logcat --proto'
07-06 23:12:15.265 W/SensorService( 1672): Dropping 1 cached events (3000/3000) to save 1/1 new events. 23 events previously dropped
07-06 23:12:15.421 I/adbd    ( 1389): adbd service requested 'shell,v2:wm size'
07-06 23:12:15.544 I/adbd    ( 1389): adbd service requested 'shell,v2:getprop'
07-06 23:12:15.662 I/adbd    ( 1389): adbd service requested 'shell,v2:wm size'
07-06 23:12:15.843 I/adbd    ( 1389): adbd service requested 'shell,v2:logcat --proto'
07-06 23:12:15.867 I/adbd    ( 1389): adbd service requested 'shell,v2:getprop'
07-06 23:12:15.954 D/InetDiagMessage( 1672): Destroyed 0 sockets, proto=IPPROTO_TCP, family=AF_INET, states=14
07-06 23:12:15.956 D/InetDiagMessage( 1672): Destroyed 0 sockets, proto=IPPROTO_TCP, family=AF_INET6, states=14
07-06 23:12:15.956 D/InetDiagMessage( 1672): Destroyed live tcp sockets for uids={10513} in 5ms
07-06 23:12:15.958 D/InetDiagMessage( 1672): Destroyed 0 sockets, proto=IPPROTO_TCP, family=AF_INET, states=14
07-06 23:12:15.960 D/InetDiagMessage( 1672): Destroyed 0 sockets, proto=IPPROTO_TCP, family=AF_INET6, states=14
07-06 23:12:15.960 D/InetDiagMessage( 1672): Destroyed live tcp sockets for uids={20513} in 3ms
07-06 23:12:15.970 D/InetDiagMessage( 1672): Destroyed 0 sockets, proto=IPPROTO_TCP, family=AF_INET, states=14
07-06 23:12:15.972 D/InetDiagMessage( 1672): Destroyed 0 sockets, proto=IPPROTO_TCP, family=AF_INET6, states=14
