07-06 23:12:25.028 I/pixel-thermal( 9793): VIRTUAL-USB-UI:0 raw data: USB-MINUS-CHARGER:-3116 VIRTUAL-USB-UI:0 charging_therm:35979 usb_pwr_therm:32863 
07-06 23:12:25.028 I/pixel-thermal( 9793): btmspkr_therm:32.952 raw data: btmspkr_therm:32952 
07-06 23:12:25.028 I/pixel-thermal( 9793): usb_pwr_therm:32.863 raw data: usb_pwr_therm:32863 
07-06 23:12:25.028 I/pixel-thermal( 9793): VIRTUAL-USB-THROTTLING:0 raw data: USB-MINUS-CHARGER:-3116 VIRTUAL-USB-THROTTLING:0 usb_pwr_therm:32863 
07-06 23:12:25.113 I/adbd    ( 1389): adbd service requested 'shell,v2:getprop'
07-06 23:12:25.182 I/adbd    ( 1389): adbd service requested 'shell,v2:wm size'
07-06 23:12:25.304 I/adbd    ( 1389): adbd service requested 'shell,v2:getprop'
07-06 23:12:25.318 I/adbd    ( 1389): adbd service requested 'shell,v2:logcat --proto'
07-06 23:12:25.387 I/adbd    ( 1389): adbd service requested 'shell,v2:wm size'
07-06 23:12:25.482 I/adbd    ( 1389): adbd service requested 'shell,v2:getprop'
07-06 23:12:25.585 W/SensorService( 1672): Dropping 1 cached events (3000/3000) to save 1/1 new events. 26 events previously dropped
07-06 23:12:25.609 I/adbd    ( 1389): adbd service requested 'shell,v2:wm size'
07-06 23:12:25.720 I/adbd    ( 1389): adbd service requested 'shell,v2:getprop'
07-06 23:12:25.734 I/adbd    ( 1389): adbd service requested 'shell,v2:logcat --proto'
07-06 23:12:25.852 I/adbd    ( 1389): adbd service requested 'shell,v2:wm size'
07-06 23:12:25.935 I/adbd    ( 1389): adbd service requested 'shell,v2:getprop'
07-06 23:12:26.005 I/adbd    ( 1389): adbd service requested 'shell,v2:wm size'
07-06 23:12:26.092 I/pixel-thermal( 9793): quiet_therm:36.602 raw data: quiet_therm:36602 
07-06 23:12:26.126 I/adbd    ( 1389): adbd service requested 'shell,v2:getprop'
07-06 23:12:26.139 I/adbd    ( 1389): adbd service requested 'shell,v2:logcat --proto'
07-06 23:12:26.207 I/adbd    ( 1389): adbd service requested 'shell,v2:wm size'
07-06 23:12:26.301 I/adbd    ( 1389): adbd service requested 'shell,v2:getprop'
07-06 23:12:26.451 I/adbd    ( 1389): adbd service requested 'shell,v2:wm size'
07-06 23:12:26.578 I/adbd    ( 1389): adbd service requested 'shell,v2:getprop'
07-06 23:12:26.594 I/adbd    ( 1389): adbd service requested 'shell,v2:logcat --proto'
07-06 23:12:26.689 I/adbd    ( 1389): adbd service requested 'shell,v2:wm size'
07-06 23:12:26.773 I/WifiHAL ( 1167): Creating message to get link statistics; iface = 47
07-06 23:12:26.780 I/adbd    ( 1389): adbd service requested 'shell,v2:getprop'
07-06 23:12:26.809 I/WifiHAL ( 1167): Getting cached scan results, iface handle = 0xb4000072c6113cd0
07-06 23:12:26.809 E/WifiHAL ( 1167): Creating message to get cached scan results
07-06 23:12:26.812 I/WifiHAL ( 1167): In GetCachedScanResultsCommand::handleResponse
07-06 23:12:26.841 D/WifiHAL ( 1167): Start debug command: mType GET_FEATURE
07-06 23:12:26.841 I/WifiHAL ( 1167): CreateRequest mType = GET_FEATURE
07-06 23:12:26.841 D/WifiHAL ( 1167): In DebugCommand::handleResponse, mType:GET_FEATURE
07-06 23:12:26.841 D/WifiHAL ( 1167): len = 4, expected len = 4
07-06 23:12:26.843 I/HalDevMgr( 1672): bestIfaceCreationProposal is null, requestIface=STA, existingIface=[name=wlan0 type=STA]
07-06 23:12:26.849 I/adbd    ( 1389): adbd service requested 'shell,v2:wm size'
07-06 23:12:26.976 I/adbd    ( 1389): adbd service requested 'shell,v2:getprop'
07-06 23:12:26.993 I/adbd    ( 1389): adbd service requested 'shell,v2:logcat --proto'
07-06 23:12:27.132 I/adbd    ( 1389): adbd service requested 'shell,v2:wm size'
07-06 23:12:27.185 I/adbd    ( 1389): adbd service requested 'shell,v2:getprop'
07-06 23:12:27.218 I/pixel-thermal( 9793): soc_therm:36.335 raw data: soc_therm:36335 
07-06 23:12:27.246 I/adbd    ( 1389): adbd service requested 'shell,v2:wm size'
07-06 23:12:27.354 I/adbd    ( 1389): adbd service requested 'shell,v2:getprop'
07-06 23:12:27.366 I/adbd    ( 1389): adbd service requested 'shell,v2:logcat --proto'
07-06 23:12:27.427 I/adbd    ( 1389): adbd service requested 'shell,v2:wm size'
07-06 23:12:27.534 I/adbd    ( 1389): adbd service requested 'shell,v2:getprop'
07-06 23:12:27.608 I/adbd    ( 1389): adbd service requested 'shell,v2:wm size'
07-06 23:12:27.644 W/SensorService( 1672): Dropping 1 cached events (3000/3000) to save 1/1 new events. 26 events previously dropped
07-06 23:12:27.765 I/adbd    ( 1389): adbd service requested 'shell,v2:logcat --proto'
07-06 23:12:27.779 I/adbd    ( 1389): adbd service requested 'shell,v2:getprop'
07-06 23:12:28.054 I/adbd    ( 1389): adbd service requested 'shell,v2:wm size'
07-06 23:12:28.178 I/adbd    ( 1389): adbd service requested 'shell,v2:getprop'
07-06 23:12:28.256 I/adbd    ( 1389): adbd service requested 'shell,v2:wm size'
07-06 23:12:28.381 I/adbd    ( 1389): adbd service requested 'shell,v2:getprop'
07-06 23:12:28.395 I/adbd    ( 1389): adbd service requested 'shell,v2:logcat --proto'
07-06 23:12:28.466 I/adbd    ( 1389): adbd service requested 'shell,v2:wm size'
07-06 23:12:28.559 I/adbd    ( 1389): adbd service requested 'shell,v2:getprop'
07-06 23:12:28.757 I/adbd    ( 1389): adbd service requested 'shell,v2:wm size'
07-06 23:12:28.881 I/adbd    ( 1389): adbd service requested 'shell,v2:getprop'
07-06 23:12:28.897 I/adbd    ( 1389): adbd service requested 'shell,v2:logcat --proto'
07-06 23:12:29.000 I/adbd    ( 1389): adbd service requested 'shell,v2:wm size'
07-06 23:12:29.093 I/adbd    ( 1389): adbd service requested 'shell,v2:getprop'
07-06 23:12:29.169 I/adbd    ( 1389): adbd service requested 'shell,v2:wm size'
07-06 23:12:29.266 I/adbd    ( 1389): adbd service requested 'shell,v2:getprop'
07-06 23:12:29.282 I/adbd    ( 1389): adbd service requested 'shell,v2:logcat --proto'
07-06 23:12:29.377 I/adbd    ( 1389): adbd service requested 'shell,v2:wm size'
07-06 23:12:29.454 I/pixel-thermal( 9793): battery:34.1 raw data: battery:34100 
07-06 23:12:29.454 I/pixel-thermal( 9793): Power rails total power: 1341.20 mW for 60013 ms
07-06 23:12:29.454 I/pixel-thermal( 9793): Power rails [S6M_LLDO1: 51.22 mW] [S4M_VDD_CPUCL0: 135.40 mW] [S3M_VDD_CPUCL2: 52.19 mW] [S1M_VDD_MIF: 36.22 mW] [S5M_VDD_INT: 26.99 mW] [S9M_VDD_CPUCL1_M: 14.65 mW] 
07-06 23:12:29.454 I/pixel-thermal( 9793): Power rails [S2M_VDD_CPUCL1: 62.47 mW] [VSYS_PWR_CAMERA: 0.32 mW] [VSYS_PWR_DISPLAY: 514.07 mW] [L21S_VDD2L_MEM: 1.64 mW] [S8M_LLDO2: 30.92 mW] [S3S_LLDO1: 38.99 mW] 
07-06 23:12:29.454 I/pixel-thermal( 9793): Power rails [VSYS_PWR_RFFE: 0.38 mW] [VSYS_PWR_WLAN_BT: 260.97 mW] [VSYS_PWR_MODEM: 38.13 mW] [L2S_PLL_MIPI_UFS: 17.60 mW] [S4S_VDD2H_MEM: 33.29 mW] [S9S_VDD_AOC: 11.73 mW] 
07-06 23:12:29.454 I/pixel-thermal( 9793): Power rails [S2S_VDD_G3D: 0.46 mW] [S1S_VDD_CAM: 5.08 mW] [S7M_VDD_TPU: 0.00 mW] [L22S_UDFPS: 0.23 mW] [S12S_VDD_AUR: 6.16 mW] [S5S_VDDQ_MEM: 2.09 mW] 
07-06 23:12:29.455 I/pixel-thermal( 9793): CDEV log dc_icl state:1 gxp-cooling state:0 thermal-uclamp-4 state:0 thermal-cpufreq-2 state:0 thermal-cpufreq-0 state:0 tpu_cooling state:0 usbc-port state:0 thermal-uclamp-0 state:0 fcc state:0 thermal-cpufreq-1 state:0 thermal-gpufreq-0 state:0 thermal-uclamp-7 state:0 
07-06 23:12:29.493 I/adbd    ( 1389): adbd service requested 'shell,v2:getprop'
07-06 23:12:29.601 I/adbd    ( 1389): adbd service requested 'shell,v2:wm size'
07-06 23:12:29.696 I/adbd    ( 1389): adbd service requested 'shell,v2:getprop'
07-06 23:12:29.705 W/SensorService( 1672): Dropping 1 cached events (3000/3000) to save 1/1 new events. 26 events previously dropped
07-06 23:12:29.711 I/adbd    ( 1389): adbd service requested 'shell,v2:logcat --proto'
07-06 23:12:29.763 I/adbd    ( 1389): adbd service requested 'shell,v2:wm size'
07-06 23:12:29.849 I/WifiHAL ( 1167): Creating message to get link statistics; iface = 47
07-06 23:12:29.852 I/adbd    ( 1389): adbd service requested 'shell,v2:getprop'
07-06 23:12:29.873 I/WifiHAL ( 1167): Getting cached scan results, iface handle = 0xb4000072c6113cd0
07-06 23:12:29.873 E/WifiHAL ( 1167): Creating message to get cached scan results
07-06 23:12:29.876 I/WifiHAL ( 1167): In GetCachedScanResultsCommand::handleResponse
07-06 23:12:29.900 D/WifiHAL ( 1167): Start debug command: mType GET_FEATURE
07-06 23:12:29.900 I/WifiHAL ( 1167): CreateRequest mType = GET_FEATURE
07-06 23:12:29.901 D/WifiHAL ( 1167): In DebugCommand::handleResponse, mType:GET_FEATURE
07-06 23:12:29.901 D/WifiHAL ( 1167): len = 4, expected len = 4
07-06 23:12:29.903 I/HalDevMgr( 1672): bestIfaceCreationProposal is null, requestIface=STA, existingIface=[name=wlan0 type=STA]
07-06 23:12:29.921 I/adbd    ( 1389): adbd service requested 'shell,v2:wm size'
07-06 23:12:30.049 I/adbd    ( 1389): adbd service requested 'shell,v2:getprop'
07-06 23:12:30.065 I/adbd    ( 1389): adbd service requested 'shell,v2:logcat --proto'
07-06 23:12:30.111 I/pixel-thermal( 9793): VIRTUAL-SKIN-MODEL: model_input: [35490.00 36625.00 35957.00 32907.00 32974.00 32841.00 35623.00 36291.00 ]
07-06 23:12:30.111 I/native  ( 9793): I0000 00:00:1783347150.111402    9826 thermal_tflite_wrapper.cc:261] ThermalTfliteInvoke
07-06 23:12:30.112 D/AOC     ( 1365): A3:MSG: lsm6dsv_device.cc, 732: USF: Lsm6dsvDevice: Sensor 3: Enabled 0, odr_index 0, period_ns 0.
07-06 23:12:30.112 D/AOC     ( 1365): A3:MSG: lsm6dsv_fifo.cc, 755: USF: Lsm6dsvFifo: ODR: XL/G/T/TS: 60/60/15/7 WM: 6 Intr: 24.
07-06 23:12:30.113 I/pixel-thermal( 9793): VIRTUAL-SKIN-MODEL: model_output: [34122.4 ]
07-06 23:12:30.113 I/pixel-thermal( 9793): VIRTUAL-SKIN-MODEL: predicted_value: [34122.4 ]
07-06 23:12:30.113 I/pixel-thermal( 9793): VIRTUAL-SKIN-CPU-MID:34.1246 raw data: VIRTUAL-SKIN:34124.6 VIRTUAL-SKIN-CPU-MID:34124.6 VIRTUAL-SKIN-LEGACY:34371.5 VIRTUAL-SKIN-LEGACY-MODEL-DIFF:249.074 VIRTUAL-SKIN-LEGACY-SHUTDOWN:0 VIRTUAL-SKIN-MODEL:34122.4 VIRTUAL-SKIN-MODEL-CLAMPED:34122.4 VIRTUAL-SKIN-MODEL-LEGACY-DIFF:-249.074 VIRTUAL-SKIN-MODEL-UPDATED:34124.6 VIRTUAL-SKIN-MODEL-UPPER-CLAMPED:34122.4 VIRTUAL-SKIN-SUB-0:33321.1 VIRTUAL-SKIN-SUB-1:34133.8 VIRTUAL-SKIN-SUB-2:33996.1 VIRTUAL-SKIN-SUB-3:34371.5 VIRTUAL-SKIN-SUB-4:34178.3 VT_LEGACY_WEIGHT:0 VT_MODEL_WEIGHT:1 battery:34100 btmspkr_therm:32974 charging_therm:35957 disp_therm:32841 north_therm:35623 quiet_therm:36625 rfpa_therm:35490 soc_therm:36291 usb_pwr_therm:32907 
07-06 23:12:30.113 I/pixel-thermal( 9793): north_therm:35.623 raw data: north_therm:35623 
07-06 23:12:30.113 I/pixel-thermal( 9793): VIRTUAL-SKIN-SOC:34.1246 raw data: VIRTUAL-SKIN:34124.6 VIRTUAL-SKIN-SOC:34124.6 
07-06 23:12:30.113 I/pixel-thermal( 9793): VIRTUAL-SKIN-DISPLAY:34.1246 raw data: VIRTUAL-SKIN:34124.6 VIRTUAL-SKIN-DISPLAY:34124.6 
07-06 23:12:30.113 I/pixel-thermal( 9793): CPU_THROTTLE_SEVERE:0 raw data: CPU_THROTTLE_SEVERE:0 
07-06 23:12:30.113 I/pixel-thermal( 9793): VIRTUAL-SKIN:34.1246 raw data: VIRTUAL-SKIN:34124.6 
07-06 23:12:30.114 I/pixel-thermal( 9793): VIRTUAL-SKIN-HINT:34.1246 raw data: VIRTUAL-SKIN:34124.6 VIRTUAL-SKIN-HINT:34124.6 
07-06 23:12:30.114 I/pixel-thermal( 9793): VIRTUAL-SKIN-CPU-LIGHT-ODPM:34.1246 raw data: VIRTUAL-SKIN:34124.6 VIRTUAL-SKIN-CPU-LIGHT-ODPM:34124.6 
07-06 23:12:30.114 I/pixel-thermal( 9793): VIRTUAL-SKIN-CPU-ODPM:34.1246 raw data: VIRTUAL-SKIN:34124.6 VIRTUAL-SKIN-CPU-ODPM:34124.6 
07-06 23:12:30.114 I/pixel-thermal( 9793): VIRTUAL-SKIN-ODPM-MODEL: model_input: [35490.00 36625.00 35957.00 32907.00 32974.00 32841.00 35623.00 36291.00 34100.00 556.82 1.78 226.74 32.99 0.38 288.75 ]
07-06 23:12:30.114 I/native  ( 9793): I0000 00:00:1783347150.114302    9826 thermal_tflite_wrapper.cc:261] ThermalTfliteInvoke
07-06 23:12:30.114 I/pixel-thermal( 9793): VIRTUAL-SKIN-ODPM-MODEL: model_output: [33246.7 ]
07-06 23:12:30.114 I/pixel-thermal( 9793): VIRTUAL-SKIN-ODPM-MODEL: predicted_value: [33246.7 ]
07-06 23:12:30.114 I/pixel-thermal( 9793): VIRTUAL-SKIN-SPEAKER-MODEL: model_input: [34100.00 32974.00 35957.00 32841.00 35623.00 36625.00 35490.00 36291.00 32907.00 ]
07-06 23:12:30.114 I/native  ( 9793): I0000 00:00:1783347150.114823    9826 thermal_tflite_wrapper.cc:261] ThermalTfliteInvoke
07-06 23:12:30.114 I/pixel-thermal( 9793): VIRTUAL-SKIN-SPEAKER-MODEL: model_output: [32690.2 ]
07-06 23:12:30.114 I/pixel-thermal( 9793): VIRTUAL-SKIN-SPEAKER-MODEL: predicted_value: [32690.2 ]
07-06 23:12:30.115 I/pixel-thermal( 9793): STATS-UPDATOR:0 raw data: EXTREME-SOC-CONDITION-CHECK:0 MAIN_SOC_POWER:409.498 MODEL_CAMERA_PWR:1.77722 MODEL_DISPLAY_PWR:226.744 MODEL_MISC_PWR:556.824 MODEL_MODEM_PWR:32.9898 MODEL_RFFE_PWR:0.381199 MODEL_WLAN_BT_PWR:288.746 NORTH_THERM-UNDER-THRESHOLD:1 NORTH_THERM-VSKIN-DIFF-DURING-NORTH_THERM-OVER-THRESHOLD:-998502 NORTH_THERM-VSKIN-DIFF-DURING-VSKIN-OVER-52:-998502 QUIET_THERM-UNDER-THRESHOLD:1 QUIET_THERM-VSKIN-DIFF-DURING-QUIET_THERM-OVER-THRESHOLD:-997500 QUIET_THERM-VSKIN-DIFF-DURING-VSKIN-OVER-52:-997500 RFPA_THERM-UNDER-THRESHOLD:1 RFPA_THERM-VSKIN-DIFF-DURING-RFPA_THERM-OVER-THRESHOLD:-998635 RFPA_THERM-VSKIN-DIFF-DURING-VSKIN-OVER-52:-998635 SOC_THERM-UNDER-THRESHOLD:1 SOC_THERM-VSKIN-DIFF-DURING-SOC_THERM-OVER-THRESHOLD:-997834 SOC_THERM-VSKIN-DIFF-DURING-VSKIN-OVER-52:-997834 STATS-UPDATOR:0 TPU_35S:0 VIRTUAL-SKIN:34124.6 VIRTUAL-SKIN-LEGACY:34371.5 VIRTUAL-SKIN-MODEL:34122.4 VIRTUAL-SKIN-MODEL-LEGACY-DIFF:-249.074 VIRTUAL-SKIN-ODPM-MODEL:33246.7 VIRTUAL-SKIN-SPEAKER-MODEL:32690.2 VSKIN-SKIN-UNDER-52:1 battery:34100 btmspkr_therm:32974 charging_therm:35957 disp_therm:32841 north_therm:35623 quiet_therm:36625 rfpa_therm:35490 soc_therm:36291 usb_pwr_therm:32907 
07-06 23:12:30.115 I/pixel-thermal( 9793): VIRTUAL-SKIN-CPU-HIGH:34.1246 raw data: VIRTUAL-SKIN:34124.6 VIRTUAL-SKIN-CPU-HIGH:34124.6 
07-06 23:12:30.115 I/pixel-thermal( 9793): VIRTUAL-SKIN-CHARGE:33.9677 raw data: VIRTUAL-SKIN-CHARGE:33967.7 VIRTUAL-SKIN-CHARGE-SUB-0:33850.8 VIRTUAL-SKIN-CHARGE-SUB-1:33967.7 btmspkr_therm:32974 charging_therm:35957 disp_therm:32841 north_therm:35623 quiet_therm:36625 rfpa_therm:35490 soc_therm:36291 usb_pwr_therm:32907 
07-06 23:12:30.115 I/pixel-thermal( 9793): VIRTUAL-SKIN-CHARGE power_budget=4161.19 err=4.03232 s_power=2527 time_elapsed_ms=7012 p=479.846 i=1302 d=0 dt_per_min=nan compensation=0 budget transient=0 control target=2 excluded power budget=147.654 (PARTIAL_SYSTEM_POWER: 1230.45 mW, cdev_weight: 0.120000)
07-06 23:12:30.115 I/pixel-thermal( 9793): VIRTUAL-SKIN-CHARGE-WLC:33.5609 raw data: VIRTUAL-SKIN-CHARGE-WLC:33560.9 charging_therm:35957 soc_therm:36291 usb_pwr_therm:32907 
07-06 23:12:30.115 I/pixel-thermal( 9793): VIRTUAL-SKIN-CHARGE-WLC power_budget=4092.13 err=7.43908 s_power=1383 time_elapsed_ms=7012 p=1584.52 i=1383 d=-0 dt_per_min=nan compensation=0 budget transient=0 control target=2 excluded power budget=258.394 (PARTIAL_SYSTEM_POWER: 1230.45 mW, cdev_weight: 0.210000)
07-06 23:12:30.115 I/pixel-thermal( 9793): cellular-emergency:34.1246 raw data: VIRTUAL-SKIN:34124.6 cellular-emergency:34124.6 
07-06 23:12:30.115 D/AOC     ( 1365): A3:MSG: lsm6dsv_device.cc, 641: USF: Lsm6dsvDevice: Fifo was disabled for 847860ns.
07-06 23:12:30.115 D/AOC     ( 1365): A3:MSG: usf_sensor.cc, 1866: USF: Received start sampling request for LSM6DSV Accelerometer (active:5).
07-06 23:12:30.116 D/AOC     ( 1365): A3:MSG: usf_sensor.cc, 1866: USF: Received start sampling request for LSM6DSV Stationary Detect (active:1).
07-06 23:12:30.117 D/AOC     ( 1365): A3:MSG: lsm6dsv_device.cc, 732: USF: Lsm6dsvDevice: Sensor 4: Enabled 1, odr_index 1, period_ns 500000000.
07-06 23:12:30.117 D/AOC     ( 1365): A3:MSG: lsm6dsv_fifo.cc, 755: USF: Lsm6dsvFifo: ODR: XL/G/T/TS: 60/60/15/7 WM: 6 Intr: 24.
07-06 23:12:30.117 D/AOC     ( 1365): CHRE: DRAM vote count begins
07-06 23:12:30.118 D/AOC     ( 1365): A3:MSG: lsm6dsv_device.cc, 641: USF: Lsm6dsvDevice: Fifo was disabled for 799276ns.
07-06 23:12:30.118 D/AOC     ( 1365): A3:MSG: motion_state_sensor.cc, 328: USF: MoSt: StationaryDetect sampling started with sampling ID 32301.
07-06 23:12:30.120 D/AOC     ( 1365): A3:MSG: usf_sensor.cc, 1866: USF: Received start sampling request for LSM6DSV Accelerometer (active:6).
07-06 23:12:30.120 D/AOC     ( 1365): A3:MSG: lsm6dsv_device.cc, 732: USF: Lsm6dsvDevice: Sensor 0: Enabled 1, odr_index 5, period_ns 20000000.
07-06 23:12:30.120 D/AOC     ( 1365): A3:MSG: lsm6dsv_fifo.cc, 755: USF: Lsm6dsvFifo: ODR: XL/G/T/TS: 60/60/15/7 WM: 6 Intr: 24.
07-06 23:12:30.121 I/CHRE    ( 1110): @ 266412.309: [AR] IDLE => ON
07-06 23:12:30.121 D/AOC     ( 1365): A3:MSG: lsm6dsv_device.cc, 641: USF: Lsm6dsvDevice: Fifo was disabled for 399374ns.
07-06 23:12:30.122 D/AOC     ( 1365): CHRE: DRAM vote count ends: 0 ms
07-06 23:12:30.123 D/AOC     ( 1365): A3:MSG: usf_sensor.cc, 1866: USF: Received start sampling request for LSM6DSV Accelerometer (active:6).
07-06 23:12:30.124 D/AOC     ( 1365): A3:MSG: usf_sensor.cc, 1866: USF: Received start sampling request for LSM6DSV FreeFall Detect (active:1).
07-06 23:12:30.125 D/AOC     ( 1365): A3:MSG: lsm6dsv_device.cc, 732: USF: Lsm6dsvDevice: Sensor 5: Enabled 1, odr_index 2, period_ns 500000000.
07-06 23:12:30.125 D/AOC     ( 1365): A3:MSG: lsm6dsv_fifo.cc, 755: USF: Lsm6dsvFifo: ODR: XL/G/T/TS: 60/60/15/7 WM: 6 Intr: 24.
07-06 23:12:30.126 D/AOC     ( 1365): A3:MSG: lsm6dsv_device.cc, 641: USF: Lsm6dsvDevice: Fifo was disabled for 704428ns.
07-06 23:12:30.128 D/AOC     ( 1365): A3:MSG: usf_sensor.cc, 1866: USF: Received start sampling request for LSM6DSV Stationary Detect (active:2).
07-06 23:12:30.238 I/adbd    ( 1389): adbd service requested 'shell,v2:wm size'
07-06 23:12:30.313 D/TemperatureStateSource( 2516): sequence=16920 actualDelay=10001
07-06 23:12:30.314 D/TemperatureStateSource( 2516): Reading temperature: sequence=16921
07-06 23:12:30.317 I/pixel-thermal( 9793): CPU_THROTTLE_SEVERE:0 raw data: CPU_THROTTLE_SEVERE:0 
07-06 23:12:30.317 I/pixel-thermal( 9793): VIRTUAL-SKIN:34.1246 raw data: VIRTUAL-SKIN:34124.6 
07-06 23:12:30.318 D/TemperatureStateSource( 2516): getDeviceTemperatures: sequence=16921 deviceTemperatureType=3 temperatureSource=0 temperatures=[34.124638]
07-06 23:12:30.318 D/BusinessScope( 2516): Enqueuing the block
07-06 23:12:30.319 D/TemperatureStateSource( 2516): sequence=16921 waitTime=10000
07-06 23:12:30.319 D/BusinessScope( 2516): Start running the #34604 block
07-06 23:12:30.319 D/BusinessScope( 2516): Enqueuing the block
07-06 23:12:30.319 D/ImpulseStateSource( 2516): Notify clients: 17300
07-06 23:12:30.319 D/BusinessScope( 2516): Finish running the #34604 block
07-06 23:12:30.320 D/BusinessScope( 2516): Start running the #34605 block
07-06 23:12:30.320 D/BusinessScope( 2516): Finish running the #34605 block
07-06 23:12:30.329 I/adbd    ( 1389): adbd service requested 'shell,v2:getprop'
07-06 23:12:30.402 I/adbd    ( 1389): adbd service requested 'shell,v2:wm size'
07-06 23:12:30.405 W/TracingMuxer( 1362): type=1400 audit(0.0:122269): avc:  denied  { write } for  name="traced_producer" dev="tmpfs" ino=1317 scontext=u:r:gxp_logging:s0 tcontext=u:object_r:traced_producer_socket:s0 tclass=sock_file permissive=0
07-06 23:12:30.504 I/adbd    ( 1389): adbd service requested 'shell,v2:getprop'
07-06 23:12:30.522 I/adbd    ( 1389): adbd service requested 'shell,v2:logcat --proto'
07-06 23:12:30.635 I/adbd    ( 1389): adbd service requested 'shell,v2:wm size'
07-06 23:12:30.730 I/adbd    ( 1389): adbd service requested 'shell,v2:getprop'
07-06 23:12:30.959 I/adbd    ( 1389): adbd service requested 'shell,v2:wm size'
07-06 23:12:31.084 I/adbd    ( 1389): adbd service requested 'shell,v2:getprop'
07-06 23:12:31.097 I/adbd    ( 1389): adbd service requested 'shell,v2:logcat --proto'
07-06 23:12:31.163 I/adbd    ( 1389): adbd service requested 'shell,v2:wm size'
07-06 23:12:31.209 I/deeptouch( 2326): I0000 00:00:1783347151.209546    2327 tf_lite_classifier.cc:415] Event stream classified as kNone
07-06 23:12:31.211 I/adbd    ( 1389): adbd service requested 'shell,v2:getprop'
07-06 23:12:31.245 E/ashmem  (21286): readlink(/proc/self/fd/78) failed: Operation not permitted
07-06 23:12:31.245 E/ashmem  (21286): readlink(/proc/self/fd/123) failed: Operation not permitted
07-06 23:12:31.247 E/ashmem  (21286): readlink(/proc/self/fd/114) failed: Operation not permitted
07-06 23:12:31.320 I/adbd    ( 1389): adbd service requested 'shell,v2:wm size'
07-06 23:12:31.427 I/adbd    ( 1389): adbd service requested 'shell,v2:getprop'
07-06 23:12:31.438 I/adbd    ( 1389): adbd service requested 'shell,v2:logcat --proto'
07-06 23:12:31.635 I/adbd    ( 1389): adbd service requested 'shell,v2:wm size'
07-06 23:12:31.729 I/adbd    ( 1389): adbd service requested 'shell,v2:getprop'
07-06 23:12:31.743 W/SensorService( 1672): Dropping 1 cached events (3000/3000) to save 1/1 new events. 23 events previously dropped
07-06 23:12:31.807 I/adbd    ( 1389): adbd service requested 'shell,v2:wm size'
07-06 23:12:31.937 I/adbd    ( 1389): adbd service requested 'shell,v2:getprop'
07-06 23:12:31.953 I/adbd    ( 1389): adbd service requested 'shell,v2:logcat --proto'
07-06 23:12:32.041 I/pixel-thermal( 9793): disp_therm:32.841 raw data: disp_therm:32841 
07-06 23:12:32.041 I/pixel-thermal( 9793): VIRTUAL-USB-UI:0 raw data: USB-MINUS-CHARGER:-3050 VIRTUAL-USB-UI:0 charging_therm:35957 usb_pwr_therm:32907 
07-06 23:12:32.041 I/pixel-thermal( 9793): btmspkr_therm:32.974 raw data: btmspkr_therm:32974 
07-06 23:12:32.042 I/pixel-thermal( 9793): usb_pwr_therm:32.907 raw data: usb_pwr_therm:32907 
07-06 23:12:32.042 I/pixel-thermal( 9793): VIRTUAL-USB-THROTTLING:0 raw data: USB-MINUS-CHARGER:-3050 VIRTUAL-USB-THROTTLING:0 usb_pwr_therm:32907 
07-06 23:12:32.078 I/adbd    ( 1389): adbd service requested 'shell,v2:wm size'
07-06 23:12:32.169 I/adbd    ( 1389): adbd service requested 'shell,v2:getprop'
07-06 23:12:32.244 I/adbd    ( 1389): adbd service requested 'shell,v2:wm size'
07-06 23:12:32.355 I/adbd    ( 1389): adbd service requested 'shell,v2:getprop'
07-06 23:12:32.371 I/adbd    ( 1389): adbd service requested 'shell,v2:logcat --proto'
07-06 23:12:32.476 I/adbd    ( 1389): adbd service requested 'shell,v2:wm size'
07-06 23:12:32.568 I/adbd    ( 1389): adbd service requested 'shell,v2:getprop'
07-06 23:12:32.650 I/adbd    ( 1389): adbd service requested 'shell,v2:wm size'
07-06 23:12:32.770 I/adbd    ( 1389): adbd service requested 'shell,v2:getprop'
07-06 23:12:32.787 I/adbd    ( 1389): adbd service requested 'shell,v2:logcat --proto'
07-06 23:12:32.881 I/adbd    ( 1389): adbd service requested 'shell,v2:wm size'
07-06 23:12:32.911 I/WifiHAL ( 1167): Creating message to get link statistics; iface = 47
07-06 23:12:32.936 I/WifiHAL ( 1167): Getting cached scan results, iface handle = 0xb4000072c6113cd0
07-06 23:12:32.936 E/WifiHAL ( 1167): Creating message to get cached scan results
07-06 23:12:32.939 I/WifiHAL ( 1167): In GetCachedScanResultsCommand::handleResponse
07-06 23:12:32.961 D/WifiHAL ( 1167): Start debug command: mType GET_FEATURE
07-06 23:12:32.961 I/WifiHAL ( 1167): CreateRequest mType = GET_FEATURE
07-06 23:12:32.962 D/WifiHAL ( 1167): In DebugCommand::handleResponse, mType:GET_FEATURE
07-06 23:12:32.962 D/WifiHAL ( 1167): len = 4, expected len = 4
07-06 23:12:32.967 I/HalDevMgr( 1672): bestIfaceCreationProposal is null, requestIface=STA, existingIface=[name=wlan0 type=STA]
07-06 23:12:32.974 I/adbd    ( 1389): adbd service requested 'shell,v2:getprop'
07-06 23:12:33.082 I/adbd    ( 1389): adbd service requested 'shell,v2:wm size'
07-06 23:12:33.101 I/pixel-thermal( 9793): quiet_therm:36.625 raw data: quiet_therm:36625 
07-06 23:12:33.173 I/adbd    ( 1389): adbd service requested 'shell,v2:getprop'
07-06 23:12:33.184 I/adbd    ( 1389): adbd service requested 'shell,v2:logcat --proto'
07-06 23:12:33.262 I/adbd    ( 1389): adbd service requested 'shell,v2:wm size'
07-06 23:12:33.348 D/AOC     ( 1365): CHRE: DRAM vote count begins
07-06 23:12:33.365 I/adbd    ( 1389): adbd service requested 'shell,v2:getprop'
07-06 23:12:33.407 D/AOC     ( 1365): CHRE: DRAM vote count ends: 0 ms
07-06 23:12:33.434 I/adbd    ( 1389): adbd service requested 'shell,v2:wm size'
07-06 23:12:33.529 I/adbd    ( 1389): adbd service requested 'shell,v2:getprop'
07-06 23:12:33.551 I/adbd    ( 1389): adbd service requested 'shell,v2:logcat --proto'
07-06 23:12:33.693 I/adbd    ( 1389): adbd service requested 'shell,v2:wm size'
07-06 23:12:33.784 W/SensorService( 1672): Dropping 1 cached events (3000/3000) to save 1/1 new events. 26 events previously dropped
07-06 23:12:33.890 I/adbd    ( 1389): adbd service requested 'shell,v2:getprop'
07-06 23:12:34.007 I/adbd    ( 1389): adbd service requested 'shell,v2:wm size'
07-06 23:12:34.131 I/adbd    ( 1389): adbd service requested 'shell,v2:getprop'
07-06 23:12:34.147 I/adbd    ( 1389): adbd service requested 'shell,v2:logcat --proto'
07-06 23:12:34.235 I/pixel-thermal( 9793): soc_therm:36.313 raw data: soc_therm:36313 
07-06 23:12:34.245 I/adbd    ( 1389): adbd service requested 'shell,v2:wm size'
07-06 23:12:34.343 I/adbd    ( 1389): adbd service requested 'shell,v2:getprop'
07-06 23:12:34.420 I/adbd    ( 1389): adbd service requested 'shell,v2:wm size'
07-06 23:12:34.542 I/adbd    ( 1389): adbd service requested 'shell,v2:export ANDROID_LOG_TAGS=''; exec logcat '-v' 'time''
07-06 23:12:34.556 I/adbd    ( 1389): adbd service requested 'shell,v2:logcat --proto'
07-06 23:12:34.571 I/adbd    ( 1389): adbd service requested 'shell,v2:getprop'
07-06 23:12:34.582 D/AOC     ( 1365): A3:MSG: lsm6dsv_device.cc, 732: USF: Lsm6dsvDevice: Sensor 4: Enabled 0, odr_index 0, period_ns 0.
07-06 23:12:34.582 D/AOC     ( 1365): A3:MSG: lsm6dsv_fifo.cc, 755: USF: Lsm6dsvFifo: ODR: XL/G/T/TS: 60/60/15/7 WM: 6 Intr: 24.
07-06 23:12:34.583 D/AOC     ( 1365): A3:MSG: lsm6dsv_device.cc, 641: USF: Lsm6dsvDevice: Fifo was disabled for 1095907ns.
07-06 23:12:34.583 D/AOC     ( 1365): A3:MSG: usf_sensor.cc, 1866: USF: Received start sampling request for LSM6DSV Motion Detect (active:1).
07-06 23:12:34.584 D/AOC     ( 1365): A3:MSG: lsm6dsv_device.cc, 732: USF: Lsm6dsvDevice: Sensor 3: Enabled 1, odr_index 1, period_ns 500000000.
07-06 23:12:34.584 D/AOC     ( 1365): A3:MSG: lsm6dsv_fifo.cc, 755: USF: Lsm6dsvFifo: ODR: XL/G/T/TS: 60/60/15/7 WM: 6 Intr: 24.
07-06 23:12:34.585 D/AOC     ( 1365): A3:MSG: lsm6dsv_device.cc, 641: USF: Lsm6dsvDevice: Fifo was disabled for 508097ns.
07-06 23:12:34.586 D/AOC     ( 1365): A3:MSG: motion_state_sensor.cc, 328: USF: MoSt: MotionDetect sampling started with sampling ID 32304.
07-06 23:12:34.588 D/AOC     ( 1365): A3:MSG: usf_sensor.cc, 1866: USF: Received start sampling request for LSM6DSV Motion Detect (active:2).
07-06 23:12:34.589 D/AOC     ( 1365): A3:MSG: usf_sensor.cc, 1881: USF: Received stop sampling request for LSM6DSV FreeFall Detect (active:0).
07-06 23:12:34.590 D/AOC     ( 1365): A3:MSG: lsm6dsv_device.cc, 732: USF: Lsm6dsvDevice: Sensor 5: Enabled 0, odr_index 0, period_ns 0.
07-06 23:12:34.590 D/AOC     ( 1365): A3:MSG: lsm6dsv_fifo.cc, 755: USF: Lsm6dsvFifo: ODR: XL/G/T/TS: 60/60/15/7 WM: 6 Intr: 24.
07-06 23:12:34.591 D/AOC     ( 1365): A3:MSG: lsm6dsv_device.cc, 641: USF: Lsm6dsvDevice: Fifo was disabled for 559489ns.
07-06 23:12:34.677 I/adbd    ( 1389): adbd service requested 'shell,v2:wm size'
07-06 23:12:34.767 I/adbd    ( 1389): adbd service requested 'shell,v2:getprop'
07-06 23:12:34.874 I/adbd    ( 1389): adbd service requested 'shell,v2:wm size'
07-06 23:12:34.959 I/adbd    ( 1389): adbd service requested 'shell,v2:getprop'
07-06 23:12:34.983 I/adbd    ( 1389): adbd service requested 'shell,v2:logcat --proto'
07-06 23:12:35.106 I/adbd    ( 1389): adbd service requested 'shell,v2:wm size'
07-06 23:12:35.224 I/adbd    ( 1389): adbd service requested 'shell,v2:getprop'
07-06 23:12:35.337 I/adbd    ( 1389): adbd service requested 'shell,v2:wm size'
07-06 23:12:35.435 I/adbd    ( 1389): adbd service requested 'shell,v2:getprop'
07-06 23:12:35.449 I/adbd    ( 1389): adbd service requested 'shell,v2:logcat --proto'
07-06 23:12:35.508 I/adbd    ( 1389): adbd service requested 'shell,v2:wm size'
07-06 23:12:35.544 D/AOC     ( 1365): A3:MSG: lsm6dsv_device.cc, 732: USF: Lsm6dsvDevice: Sensor 3: Enabled 0, odr_index 0, period_ns 0.
07-06 23:12:35.545 D/AOC     ( 1365): A3:MSG: lsm6dsv_fifo.cc, 755: USF: Lsm6dsvFifo: ODR: XL/G/T/TS: 60/60/15/7 WM: 6 Intr: 24.
07-06 23:12:35.546 D/AOC     ( 1365): A3:MSG: lsm6dsv_device.cc, 641: USF: Lsm6dsvDevice: Fifo was disabled for 857544ns.
07-06 23:12:35.547 D/AOC     ( 1365): A3:MSG: usf_sensor.cc, 1866: USF: Received start sampling request for LSM6DSV Stationary Detect (active:1).
07-06 23:12:35.549 D/AOC     ( 1365): A3:MSG: lsm6dsv_device.cc, 732: USF: Lsm6dsvDevice: Sensor 4: Enabled 1, odr_index 1, period_ns 500000000.
07-06 23:12:35.549 D/AOC     ( 1365): A3:MSG: lsm6dsv_fifo.cc, 755: USF: Lsm6dsvFifo: ODR: XL/G/T/TS: 60/60/15/7 WM: 6 Intr: 24.
07-06 23:12:35.550 D/AOC     ( 1365): A3:MSG: lsm6dsv_device.cc, 641: USF: Lsm6dsvDevice: Fifo was disabled for 732951ns.
07-06 23:12:35.550 D/AOC     ( 1365): A3:MSG: motion_state_sensor.cc, 328: USF: MoSt: StationaryDetect sampling started with sampling ID 32306.
07-06 23:12:35.551 D/AOC     ( 1365): A3:MSG: usf_sensor.cc, 1866: USF: Received start sampling request for LSM6DSV FreeFall Detect (active:1).
07-06 23:12:35.553 D/AOC     ( 1365): A3:MSG: lsm6dsv_device.cc, 732: USF: Lsm6dsvDevice: Sensor 5: Enabled 1, odr_index 2, period_ns 500000000.
07-06 23:12:35.553 D/AOC     ( 1365): A3:MSG: lsm6dsv_fifo.cc, 755: USF: Lsm6dsvFifo: ODR: XL/G/T/TS: 60/60/15/7 WM: 6 Intr: 24.
07-06 23:12:35.554 D/AOC     ( 1365): A3:MSG: lsm6dsv_device.cc, 641: USF: Lsm6dsvDevice: Fifo was disabled for 723226ns.
07-06 23:12:35.556 D/AOC     ( 1365): A3:MSG: usf_sensor.cc, 1866: USF: Received start sampling request for LSM6DSV Stationary Detect (active:2).
07-06 23:12:35.613 I/adbd    ( 1389): adbd service requested 'shell,v2:getprop'
07-06 23:12:35.700 I/adbd    ( 1389): adbd service requested 'shell,v2:wm size'
07-06 23:12:35.794 I/adbd    ( 1389): adbd service requested 'shell,v2:getprop'
07-06 23:12:35.808 I/adbd    ( 1389): adbd service requested 'shell,v2:logcat --proto'
07-06 23:12:35.872 I/adbd    ( 1389): adbd service requested 'shell,v2:wm size'
07-06 23:12:35.904 W/SensorService( 1672): Dropping 1 cached events (3000/3000) to save 1/1 new events. 26 events previously dropped
07-06 23:12:35.960 I/adbd    ( 1389): adbd service requested 'shell,v2:getprop'
07-06 23:12:35.971 I/WifiHAL ( 1167): Creating message to get link statistics; iface = 47
07-06 23:12:36.008 I/WifiHAL ( 1167): Getting cached scan results, iface handle = 0xb4000072c6113cd0
07-06 23:12:36.008 E/WifiHAL ( 1167): Creating message to get cached scan results
07-06 23:12:36.011 I/WifiHAL ( 1167): In GetCachedScanResultsCommand::handleResponse
07-06 23:12:36.035 D/WifiHAL ( 1167): Start debug command: mType GET_FEATURE
07-06 23:12:36.035 I/WifiHAL ( 1167): CreateRequest mType = GET_FEATURE
07-06 23:12:36.035 D/WifiHAL ( 1167): In DebugCommand::handleResponse, mType:GET_FEATURE
07-06 23:12:36.035 D/WifiHAL ( 1167): len = 4, expected len = 4
07-06 23:12:36.037 I/HalDevMgr( 1672): bestIfaceCreationProposal is null, requestIface=STA, existingIface=[name=wlan0 type=STA]
07-06 23:12:36.072 I/adbd    ( 1389): adbd service requested 'shell,v2:wm size'
07-06 23:12:36.198 I/adbd    ( 1389): adbd service requested 'shell,v2:getprop'
07-06 23:12:36.214 I/adbd    ( 1389): adbd service requested 'shell,v2:logcat --proto'
07-06 23:12:36.341 I/adbd    ( 1389): adbd service requested 'shell,v2:wm size'
07-06 23:12:36.434 I/adbd    ( 1389): adbd service requested 'shell,v2:getprop'
07-06 23:12:36.505 I/adbd    ( 1389): adbd service requested 'shell,v2:wm size'
07-06 23:12:36.666 I/adbd    ( 1389): adbd service requested 'shell,v2:getprop'
07-06 23:12:36.680 I/adbd    ( 1389): adbd service requested 'shell,v2:logcat --proto'
07-06 23:12:36.799 E/ashmem  (21286): readlink(/proc/self/fd/78) failed: Operation not permitted
07-06 23:12:36.799 E/ashmem  (21286): readlink(/proc/self/fd/123) failed: Operation not permitted
07-06 23:12:36.800 E/ashmem  (21286): readlink(/proc/self/fd/114) failed: Operation not permitted
07-06 23:12:36.841 I/deeptouch( 2326): I0000 00:00:1783347156.841113    2327 tf_lite_classifier.cc:415] Event stream classified as kNone
07-06 23:12:36.870 E/Capacitor/Console(21155): File: https://localhost/assets/index-BQFzSU16.js - Line 125 - Msg: [upgrade] purchaseTake failed: Error: CdvPurchase not available
07-06 23:12:36.876 I/adbd    ( 1389): adbd service requested 'shell,v2:wm size'
07-06 23:12:36.910 D/WindowOnBackDispatcher(21155): setTopOnBackInvokedCallback (unwrapped): android.app.Dialog$$ExternalSyntheticLambda2@4f8f265
07-06 23:12:36.911 D/CoreBackPreview( 1672): Window{c42051 u0 com.saidlog.app/com.saidlog.app.MainActivity}: Setting back callback OnBackInvokedCallbackInfo{mCallback=android.window.IOnBackInvokedCallback$Stub$Proxy@54f108e, mPriority=-1, mIsAnimationCallback=false, mOverrideBehavior=0}
07-06 23:12:36.924 W/TextView(21155): onProvideContentCaptureStructure(): calling assumeLayout()
07-06 23:12:36.925 W/TextView(21155): onProvideContentCaptureStructure(): calling assumeLayout()
07-06 23:12:36.999 I/adbd    ( 1389): adbd service requested 'shell,v2:getprop'
07-06 23:12:37.082 I/adbd    ( 1389): adbd service requested 'shell,v2:wm size'
07-06 23:12:37.131 I/pixel-thermal( 9793): VIRTUAL-SKIN-MODEL: model_input: [35356.00 36424.00 35712.00 32907.00 32974.00 32796.00 35579.00 36313.00 ]
07-06 23:12:37.131 I/native  ( 9793): I0000 00:00:1783347157.131167    9826 thermal_tflite_wrapper.cc:261] ThermalTfliteInvoke
07-06 23:12:37.131 I/pixel-thermal( 9793): VIRTUAL-SKIN-MODEL: model_output: [34068.3 ]
07-06 23:12:37.131 I/pixel-thermal( 9793): VIRTUAL-SKIN-MODEL: predicted_value: [34068.3 ]
07-06 23:12:37.131 I/pixel-thermal( 9793): VIRTUAL-SKIN-CPU-MID:34.1021 raw data: VIRTUAL-SKIN:34102.1 VIRTUAL-SKIN-CPU-MID:34102.1 VIRTUAL-SKIN-LEGACY:34307.2 VIRTUAL-SKIN-LEGACY-MODEL-DIFF:238.918 VIRTUAL-SKIN-LEGACY-SHUTDOWN:0 VIRTUAL-SKIN-MODEL:34068.3 VIRTUAL-SKIN-MODEL-CLAMPED:34068.3 VIRTUAL-SKIN-MODEL-LEGACY-DIFF:-238.918 VIRTUAL-SKIN-MODEL-UPDATED:34102.1 VIRTUAL-SKIN-MODEL-UPPER-CLAMPED:34068.3 VIRTUAL-SKIN-SUB-0:33229.8 VIRTUAL-SKIN-SUB-1:34092.7 VIRTUAL-SKIN-SUB-2:33940.3 VIRTUAL-SKIN-SUB-3:34307.2 VIRTUAL-SKIN-SUB-4:34160.7 VT_LEGACY_WEIGHT:0 VT_MODEL_WEIGHT:1 battery:34100 btmspkr_therm:32974 charging_therm:35712 disp_therm:32796 north_therm:35579 quiet_therm:36424 rfpa_therm:35356 soc_therm:36313 usb_pwr_therm:32907 
07-06 23:12:37.131 I/pixel-thermal( 9793): north_therm:35.579 raw data: north_therm:35579 
07-06 23:12:37.131 I/pixel-thermal( 9793): VIRTUAL-SKIN-SOC:34.1021 raw data: VIRTUAL-SKIN:34102.1 VIRTUAL-SKIN-SOC:34102.1 
07-06 23:12:37.131 I/pixel-thermal( 9793): VIRTUAL-SKIN-DISPLAY:34.1021 raw data: VIRTUAL-SKIN:34102.1 VIRTUAL-SKIN-DISPLAY:34102.1 
07-06 23:12:37.131 I/pixel-thermal( 9793): CPU_THROTTLE_SEVERE:0 raw data: CPU_THROTTLE_SEVERE:0 
07-06 23:12:37.131 I/pixel-thermal( 9793): VIRTUAL-SKIN:34.1021 raw data: VIRTUAL-SKIN:34102.1 
07-06 23:12:37.131 I/pixel-thermal( 9793): VIRTUAL-SKIN-HINT:34.1021 raw data: VIRTUAL-SKIN:34102.1 VIRTUAL-SKIN-HINT:34102.1 
07-06 23:12:37.131 I/pixel-thermal( 9793): VIRTUAL-SKIN-CPU-LIGHT-ODPM:34.1021 raw data: VIRTUAL-SKIN:34102.1 VIRTUAL-SKIN-CPU-LIGHT-ODPM:34102.1 
07-06 23:12:37.131 I/pixel-thermal( 9793): VIRTUAL-SKIN-CPU-ODPM:34.1021 raw data: VIRTUAL-SKIN:34102.1 VIRTUAL-SKIN-CPU-ODPM:34102.1 
07-06 23:12:37.131 I/pixel-thermal( 9793): VIRTUAL-SKIN-ODPM-MODEL: model_input: [35356.00 36424.00 35712.00 32907.00 32974.00 32796.00 35579.00 36313.00 34100.00 557.80 1.78 236.43 33.14 0.38 287.70 ]
07-06 23:12:37.131 I/native  ( 9793): I0000 00:00:1783347157.131456    9826 thermal_tflite_wrapper.cc:261] ThermalTfliteInvoke
07-06 23:12:37.131 I/pixel-thermal( 9793): VIRTUAL-SKIN-ODPM-MODEL: model_output: [33197.3 ]
07-06 23:12:37.131 I/pixel-thermal( 9793): VIRTUAL-SKIN-ODPM-MODEL: predicted_value: [33197.3 ]
07-06 23:12:37.131 I/pixel-thermal( 9793): VIRTUAL-SKIN-SPEAKER-MODEL: model_input: [34100.00 32974.00 35712.00 32796.00 35579.00 36424.00 35356.00 36313.00 32907.00 ]
07-06 23:12:37.131 I/native  ( 9793): I0000 00:00:1783347157.131552    9826 thermal_tflite_wrapper.cc:261] ThermalTfliteInvoke
07-06 23:12:37.131 I/pixel-thermal( 9793): VIRTUAL-SKIN-SPEAKER-MODEL: model_output: [32898.6 ]
07-06 23:12:37.131 I/pixel-thermal( 9793): VIRTUAL-SKIN-SPEAKER-MODEL: predicted_value: [32898.6 ]
07-06 23:12:37.131 I/pixel-thermal( 9793): STATS-UPDATOR:0 raw data: EXTREME-SOC-CONDITION-CHECK:0 MAIN_SOC_POWER:414.543 MODEL_CAMERA_PWR:1.78394 MODEL_DISPLAY_PWR:236.431 MODEL_MISC_PWR:557.801 MODEL_MODEM_PWR:33.1439 MODEL_RFFE_PWR:0.384443 MODEL_WLAN_BT_PWR:287.699 NORTH_THERM-UNDER-THRESHOLD:1 NORTH_THERM-VSKIN-DIFF-DURING-NORTH_THERM-OVER-THRESHOLD:-998523 NORTH_THERM-VSKIN-DIFF-DURING-VSKIN-OVER-52:-998523 QUIET_THERM-UNDER-THRESHOLD:1 QUIET_THERM-VSKIN-DIFF-DURING-QUIET_THERM-OVER-THRESHOLD:-997678 QUIET_THERM-VSKIN-DIFF-DURING-VSKIN-OVER-52:-997678 RFPA_THERM-UNDER-THRESHOLD:1 RFPA_THERM-VSKIN-DIFF-DURING-RFPA_THERM-OVER-THRESHOLD:-998746 RFPA_THERM-VSKIN-DIFF-DURING-VSKIN-OVER-52:-998746 SOC_THERM-UNDER-THRESHOLD:1 SOC_THERM-VSKIN-DIFF-DURING-SOC_THERM-OVER-THRESHOLD:-997789 SOC_THERM-VSKIN-DIFF-DURING-VSKIN-OVER-52:-997789 STATS-UPDATOR:0 TPU_35S:0 VIRTUAL-SKIN:34102.1 VIRTUAL-SKIN-LEGACY:34307.2 VIRTUAL-SKIN-MODEL:34068.3 VIRTUAL-SKIN-MODEL-LEGACY-DIFF:-238.918 VIRTUAL-SKIN-ODPM-MODEL:33197.3 VIRTUAL-SKIN-SPEAKER-MODEL:32898.6 VSKIN-SKIN-UNDER-52:1 battery:34100 btmspkr_therm:32974 charging_therm:35712 disp_therm:32796 north_therm:35579 quiet_therm:36424 rfpa_therm:35356 soc_therm:36313 usb_pwr_therm:32907 
07-06 23:12:37.131 I/pixel-thermal( 9793): VIRTUAL-SKIN-CPU-HIGH:34.1021 raw data: VIRTUAL-SKIN:34102.1 VIRTUAL-SKIN-CPU-HIGH:34102.1 
07-06 23:12:37.131 I/pixel-thermal( 9793): VIRTUAL-SKIN-CHARGE:33.8715 raw data: VIRTUAL-SKIN-CHARGE:33871.4 VIRTUAL-SKIN-CHARGE-SUB-0:33762.9 VIRTUAL-SKIN-CHARGE-SUB-1:33871.4 btmspkr_therm:32974 charging_therm:35712 disp_therm:32796 north_therm:35579 quiet_therm:36424 rfpa_therm:35356 soc_therm:36313 usb_pwr_therm:32907 
07-06 23:12:37.131 I/pixel-thermal( 9793): VIRTUAL-SKIN-CHARGE power_budget=4174.24 err=4.12855 s_power=2527 time_elapsed_ms=7016 p=491.297 i=1302 d=0 dt_per_min=nan compensation=0 budget transient=0 control target=2 excluded power budget=146.059 (PARTIAL_SYSTEM_POWER: 1217.16 mW, cdev_weight: 0.120000)
07-06 23:12:37.131 I/pixel-thermal( 9793): VIRTUAL-SKIN-CHARGE-WLC:33.5025 raw data: VIRTUAL-SKIN-CHARGE-WLC:33502.5 charging_therm:35712 soc_therm:36313 usb_pwr_therm:32907 
07-06 23:12:37.131 I/pixel-thermal( 9793): VIRTUAL-SKIN-CHARGE-WLC power_budget=4107.36 err=7.49747 s_power=1383 time_elapsed_ms=7016 p=1596.96 i=1383 d=0 dt_per_min=nan compensation=0 budget transient=0 control target=2 excluded power budget=255.603 (PARTIAL_SYSTEM_POWER: 1217.16 mW, cdev_weight: 0.210000)
07-06 23:12:37.131 I/pixel-thermal( 9793): cellular-emergency:34.1021 raw data: VIRTUAL-SKIN:34102.1 cellular-emergency:34102.1 
07-06 23:12:37.154 I/adbd    ( 1389): adbd service requested 'shell,v2:getprop'
07-06 23:12:37.166 I/adbd    ( 1389): adbd service requested 'shell,v2:logcat --proto'
07-06 23:12:37.219 I/adbd    ( 1389): adbd service requested 'shell,v2:wm size'
07-06 23:12:37.265 I/adbd    ( 1389): adbd service requested 'shell,v2:getprop'
07-06 23:12:37.336 I/adbd    ( 1389): adbd service requested 'shell,v2:wm size'
07-06 23:12:37.391 D/AOC     ( 1365): CHRE: DRAM vote count begins
07-06 23:12:37.392 D/AOC     ( 1365): CHRE: DRAM vote count ends: 0 ms
07-06 23:12:37.392 D/AOC     ( 1365): CHRE: DRAM vote count begins
07-06 23:12:37.392 D/AOC     ( 1365): CHRE: DRAM vote count ends: 0 ms
07-06 23:12:37.393 D/CHRE.HAL( 1110): Received a nanoapp message from 0x476f6f676c001022 endpoint 0x8042: Type 0x3 size 8 
07-06 23:12:37.394 I/suez-nanoapp-clients( 1123): Barometric peak detected: magnitude = 0.269213 hPa (bucket: 6), duration = 158.000000 ms (bucket: 14).
07-06 23:12:37.395 I/suez-nanoapp-clients( 1123): Vendor atom [id = 100047] reported.
07-06 23:12:37.395 D/CHRE.HAL( 1110): Received a nanoapp message from 0x476f6f676c001022 endpoint 0x8042: Type 0x3 size 8 
07-06 23:12:37.396 I/suez-nanoapp-clients( 1123): Barometric peak detected: magnitude = 0.155363 hPa (bucket: 4), duration = 39.000000 ms (bucket: 3).
07-06 23:12:37.396 I/suez-nanoapp-clients( 1123): Vendor atom [id = 100047] reported.
07-06 23:12:37.397 I/CHRE    ( 1110): @ 266419.583: [ip] Peak detected: magnitude = 0.269213 hpa, duration = 158.000000 ms
07-06 23:12:37.397 I/CHRE    ( 1110): @ 266419.584: [ip] Peak detected: magnitude = 0.155363 hpa, duration = 39.000000 ms
07-06 23:12:37.411 I/adbd    ( 1389): adbd service requested 'shell,v2:getprop'
07-06 23:12:37.426 I/adbd    ( 1389): adbd service requested 'shell,v2:logcat --proto'
07-06 23:12:37.519 I/adbd    ( 1389): adbd service requested 'shell,v2:wm size'
07-06 23:12:37.609 I/adbd    ( 1389): adbd service requested 'shell,v2:getprop'
07-06 23:12:37.686 I/adbd    ( 1389): adbd service requested 'shell,v2:wm size'
07-06 23:12:37.776 I/adbd    ( 1389): adbd service requested 'shell,v2:getprop'
07-06 23:12:37.794 I/adbd    ( 1389): adbd service requested 'shell,v2:logcat --proto'
07-06 23:12:37.850 I/adbd    ( 1389): adbd service requested 'shell,v2:wm size'
07-06 23:12:37.942 I/adbd    ( 1389): adbd service requested 'shell,v2:getprop'
07-06 23:12:37.985 W/SensorService( 1672): Dropping 1 cached events (3000/3000) to save 1/1 new events. 26 events previously dropped
07-06 23:12:38.016 I/adbd    ( 1389): adbd service requested 'shell,v2:wm size'
07-06 23:12:38.085 I/adbd    ( 1389): adbd service requested 'shell,v2:getprop'
07-06 23:12:38.122 I/adbd    ( 1389): adbd service requested 'shell,v2:logcat --proto'
07-06 23:12:38.190 I/adbd    ( 1389): adbd service requested 'shell,v2:wm size'
07-06 23:12:38.294 I/adbd    ( 1389): adbd service requested 'shell,v2:getprop'
07-06 23:12:38.406 I/adbd    ( 1389): adbd service requested 'shell,v2:wm size'
07-06 23:12:38.441 D/AOC     ( 1365): A3:MSG: usf_vsc_log.cc, 83: VSC: [WO] Rejected by swing_time. Last detected 268 ms ago.
07-06 23:12:38.483 I/adbd    ( 1389): adbd service requested 'shell,v2:getprop'
07-06 23:12:38.499 I/adbd    ( 1389): adbd service requested 'shell,v2:logcat --proto'
07-06 23:12:38.517 I/deeptouch( 2326): I0000 00:00:1783347158.517743    2327 tf_lite_classifier.cc:415] Event stream classified as kNone
07-06 23:12:38.536 I/adbd    ( 1389): adbd service requested 'shell,v2:wm size'
07-06 23:12:38.546 D/WindowOnBackDispatcher(21155): setTopOnBackInvokedCallback (unwrapped): null
07-06 23:12:38.547 D/CoreBackPreview( 1672): Window{c42051 u0 com.saidlog.app/com.saidlog.app.MainActivity}: Setting back callback null
07-06 23:12:38.548 D/HWUI    (21155): endAllActiveAnimators on 0xb400006ee9157fc0 (RippleDrawable) with handle 0xb4000070a911f820
07-06 23:12:38.569 V/WindowManager( 1672): Unknown focus tokens, dropping reportFocusChanged
07-06 23:12:38.585 I/ImeTracker( 1672): com.saidlog.app:b7e039f2: onRequestHide at ORIGIN_SERVER reason HIDE_SAME_WINDOW_FOCUSED_WITHOUT_EDITOR fromUser false userId 0 displayId 0
07-06 23:12:38.586 D/InsetsController(21155): hide(ime())
07-06 23:12:38.586 I/ImeTracker(21155): com.saidlog.app:b7e039f2: onCancelled at PHASE_CLIENT_ALREADY_HIDDEN
07-06 23:12:38.592 I/GoogleInputMethodService(21417): GoogleInputMethodService.onFinishInput():2276 
07-06 23:12:38.595 I/Module  (21417): DeviceLockedStatusModuleProvider$Module.updateDeviceLockedStatusInternal():129 repeatCheckTimes = 0, locked = false
07-06 23:12:38.596 I/GoogleInputMethodService(21417): GoogleInputMethodService.onStartInput():1460 onStartInput(EditorInfo{EditorInfo{packageName=com.saidlog.app, inputType=0, inputTypeString=NULL, enableLearning=false, autoCorrection=false, autoComplete=false, imeOptions=12000000, privateImeOptions=null, actionName=UNSPECIFIED, actionLabel=null, initialSelStart=-1, initialSelEnd=-1, initialCapsMode=0, label=null, fieldId=0, fieldName=null, extras=null, hintText=null, hintLocales=[]}}, false)
07-06 23:12:38.598 I/LatinIMEBase(21417): LatinIMEBase.updateInputViewCoverNavigation():317 Update input view padding, isNavbarOverInputWindow=true, bottom inset=126
07-06 23:12:38.600 I/adbd    ( 1389): adbd service requested 'shell,v2:getprop'
07-06 23:12:38.602 I/Module  (21417): DeviceLockedStatusModuleProvider$Module.updateDeviceLockedStatusInternal():129 repeatCheckTimes = 1, locked = false
07-06 23:12:38.603 W/PackageConfigPersister( 1672): App-specific configuration not found for packageName: com.saidlog.app and userId: 0
07-06 23:12:38.707 I/adbd    ( 1389): adbd service requested 'shell,v2:wm size'
07-06 23:12:38.815 I/adbd    ( 1389): adbd service requested 'shell,v2:getprop'
07-06 23:12:38.854 I/adbd    ( 1389): adbd service requested 'shell,v2:logcat --proto'
07-06 23:12:38.916 I/adbd    ( 1389): adbd service requested 'shell,v2:wm size'
07-06 23:12:39.002 I/adbd    ( 1389): adbd service requested 'shell,v2:getprop'
07-06 23:12:39.042 I/WifiHAL ( 1167): Creating message to get link statistics; iface = 47
07-06 23:12:39.058 I/pixel-thermal( 9793): disp_therm:32.796 raw data: disp_therm:32796 
07-06 23:12:39.059 I/pixel-thermal( 9793): VIRTUAL-USB-UI:0 raw data: USB-MINUS-CHARGER:-2805 VIRTUAL-USB-UI:0 charging_therm:35712 usb_pwr_therm:32907 
07-06 23:12:39.059 I/pixel-thermal( 9793): btmspkr_therm:32.974 raw data: btmspkr_therm:32974 
07-06 23:12:39.059 I/pixel-thermal( 9793): usb_pwr_therm:32.907 raw data: usb_pwr_therm:32907 
07-06 23:12:39.059 I/pixel-thermal( 9793): VIRTUAL-USB-THROTTLING:0 raw data: USB-MINUS-CHARGER:-2805 VIRTUAL-USB-THROTTLING:0 usb_pwr_therm:32907 
07-06 23:12:39.079 I/adbd    ( 1389): adbd service requested 'shell,v2:wm size'
07-06 23:12:39.080 I/WifiHAL ( 1167): Getting cached scan results, iface handle = 0xb4000072c6113cd0
07-06 23:12:39.080 E/WifiHAL ( 1167): Creating message to get cached scan results
07-06 23:12:39.084 I/WifiHAL ( 1167): In GetCachedScanResultsCommand::handleResponse
07-06 23:12:39.106 D/WifiHAL ( 1167): Start debug command: mType GET_FEATURE
07-06 23:12:39.106 I/WifiHAL ( 1167): CreateRequest mType = GET_FEATURE
07-06 23:12:39.107 D/WifiHAL ( 1167): In DebugCommand::handleResponse, mType:GET_FEATURE
07-06 23:12:39.107 D/WifiHAL ( 1167): len = 4, expected len = 4
07-06 23:12:39.108 I/HalDevMgr( 1672): bestIfaceCreationProposal is null, requestIface=STA, existingIface=[name=wlan0 type=STA]
07-06 23:12:39.179 I/adbd    ( 1389): adbd service requested 'shell,v2:getprop'
07-06 23:12:39.196 I/adbd    ( 1389): adbd service requested 'shell,v2:logcat --proto'
07-06 23:12:39.344 I/adbd    ( 1389): adbd service requested 'shell,v2:wm size'
07-06 23:12:39.473 I/adbd    ( 1389): adbd service requested 'shell,v2:getprop'
07-06 23:12:39.543 I/adbd    ( 1389): adbd service requested 'shell,v2:wm size'
07-06 23:12:39.648 I/adbd    ( 1389): adbd service requested 'shell,v2:getprop'
07-06 23:12:39.660 I/adbd    ( 1389): adbd service requested 'shell,v2:logcat --proto'
07-06 23:12:39.839 I/deeptouch( 2326): I0000 00:00:1783347159.838522    2327 tf_lite_classifier.cc:415] Event stream classified as kNone
07-06 23:12:39.852 E/ashmem  (21286): readlink(/proc/self/fd/78) failed: Operation not permitted
07-06 23:12:39.853 E/ashmem  (21286): readlink(/proc/self/fd/123) failed: Operation not permitted
07-06 23:12:39.854 E/ashmem  (21286): readlink(/proc/self/fd/114) failed: Operation not permitted
07-06 23:12:39.881 I/adbd    ( 1389): adbd service requested 'shell,v2:wm size'
07-06 23:12:40.042 I/adbd    ( 1389): adbd service requested 'shell,v2:getprop'
07-06 23:12:40.063 W/SensorService( 1672): Dropping 1 cached events (3000/3000) to save 1/1 new events. 23 events previously dropped
07-06 23:12:40.111 I/pixel-thermal( 9793): quiet_therm:36.424 raw data: quiet_therm:36424 
07-06 23:12:40.128 I/adbd    ( 1389): adbd service requested 'shell,v2:wm size'
07-06 23:12:40.234 I/adbd    ( 1389): adbd service requested 'shell,v2:getprop'
07-06 23:12:40.250 I/adbd    ( 1389): adbd service requested 'shell,v2:logcat --proto'
07-06 23:12:40.319 D/TemperatureStateSource( 2516): sequence=16921 actualDelay=10000
07-06 23:12:40.319 D/TemperatureStateSource( 2516): Reading temperature: sequence=16922
07-06 23:12:40.324 I/pixel-thermal( 9793): CPU_THROTTLE_SEVERE:0 raw data: CPU_THROTTLE_SEVERE:0 
07-06 23:12:40.324 I/pixel-thermal( 9793): VIRTUAL-SKIN:34.0886 raw data: VIRTUAL-SKIN:34088.6 VIRTUAL-SKIN-LEGACY:34302.4 VIRTUAL-SKIN-LEGACY-MODEL-DIFF:234.117 VIRTUAL-SKIN-LEGACY-SHUTDOWN:0 VIRTUAL-SKIN-MODEL:34068.3 VIRTUAL-SKIN-MODEL-CLAMPED:34068.3 VIRTUAL-SKIN-MODEL-LEGACY-DIFF:-234.117 VIRTUAL-SKIN-MODEL-UPDATED:34088.6 VIRTUAL-SKIN-MODEL-UPPER-CLAMPED:34068.3 VIRTUAL-SKIN-SUB-0:33227.9 VIRTUAL-SKIN-SUB-1:34079.1 VIRTUAL-SKIN-SUB-2:33937.6 VIRTUAL-SKIN-SUB-3:34302.4 VIRTUAL-SKIN-SUB-4:34127.5 VT_LEGACY_WEIGHT:0 VT_MODEL_WEIGHT:1 battery:34000 btmspkr_therm:32974 charging_therm:35712 disp_therm:32796 north_therm:35579 quiet_therm:36424 rfpa_therm:35356 soc_therm:36313 usb_pwr_therm:32907 
07-06 23:12:40.324 D/TemperatureStateSource( 2516): getDeviceTemperatures: sequence=16922 deviceTemperatureType=3 temperatureSource=0 temperatures=[34.08857]
07-06 23:12:40.324 D/BusinessScope( 2516): Enqueuing the block
07-06 23:12:40.324 D/TemperatureStateSource( 2516): sequence=16922 waitTime=10000
07-06 23:12:40.325 D/BusinessScope( 2516): Start running the #34606 block
07-06 23:12:40.326 I/pixel-thermal( 9793): CPU_THROTTLE_SEVERE:0 raw data: CPU_THROTTLE_SEVERE:0 
07-06 23:12:40.326 I/pixel-thermal( 9793): VIRTUAL-SKIN:34.0886 raw data: VIRTUAL-SKIN:34088.6 
07-06 23:12:40.326 I/TemperatureStateSource( 2516): temperature was set
07-06 23:12:40.326 D/BusinessScope( 2516): Enqueuing the block
07-06 23:12:40.326 D/ImpulseStateSource( 2516): Notify clients: 17301
07-06 23:12:40.326 D/BusinessScope( 2516): Finish running the #34606 block
07-06 23:12:40.326 D/BusinessScope( 2516): Start running the #34607 block
