07-06 23:12:40.328 D/BusinessScope( 2516): Finish running the #34607 block
07-06 23:12:40.331 D/ImpulseConnection( 2516): timeout didn't happen: com.google.android.apps.turbo
07-06 23:12:40.352 I/deeptouch( 2326): I0000 00:00:1783347160.352562    2327 tf_lite_classifier.cc:415] Event stream classified as kNone
07-06 23:12:40.370 E/Capacitor/Console(21155): File: https://localhost/assets/index-BQFzSU16.js - Line 125 - Msg: [upgrade] purchaseTake failed: Error: CdvPurchase not available
07-06 23:12:40.384 I/adbd    ( 1389): adbd service requested 'shell,v2:wm size'
07-06 23:12:40.401 D/WindowOnBackDispatcher(21155): setTopOnBackInvokedCallback (unwrapped): android.app.Dialog$$ExternalSyntheticLambda2@5a859fd
07-06 23:12:40.402 D/CoreBackPreview( 1672): Window{764f862 u0 com.saidlog.app/com.saidlog.app.MainActivity}: Setting back callback OnBackInvokedCallbackInfo{mCallback=android.window.IOnBackInvokedCallback$Stub$Proxy@1931ba, mPriority=-1, mIsAnimationCallback=false, mOverrideBehavior=0}
07-06 23:12:40.413 W/TextView(21155): onProvideContentCaptureStructure(): calling assumeLayout()
07-06 23:12:40.413 W/TextView(21155): onProvideContentCaptureStructure(): calling assumeLayout()
07-06 23:12:40.451 I/adbd    ( 1389): adbd service requested 'shell,v2:getprop'
07-06 23:12:40.496 D/AOC     ( 1365): A3:MSG: lsm6dsv_device.cc, 732: USF: Lsm6dsvDevice: Sensor 4: Enabled 0, odr_index 0, period_ns 0.
07-06 23:12:40.497 D/AOC     ( 1365): A3:MSG: lsm6dsv_fifo.cc, 755: USF: Lsm6dsvFifo: ODR: XL/G/T/TS: 60/60/15/7 WM: 6 Intr: 24.
07-06 23:12:40.498 D/AOC     ( 1365): A3:MSG: lsm6dsv_device.cc, 641: USF: Lsm6dsvDevice: Fifo was disabled for 1101237ns.
07-06 23:12:40.499 D/AOC     ( 1365): A3:MSG: usf_sensor.cc, 1866: USF: Received start sampling request for LSM6DSV Motion Detect (active:1).
07-06 23:12:40.499 D/AOC     ( 1365): A3:MSG: lsm6dsv_device.cc, 732: USF: Lsm6dsvDevice: Sensor 3: Enabled 1, odr_index 1, period_ns 500000000.
07-06 23:12:40.500 D/AOC     ( 1365): A3:MSG: lsm6dsv_fifo.cc, 755: USF: Lsm6dsvFifo: ODR: XL/G/T/TS: 60/60/15/7 WM: 6 Intr: 24.
07-06 23:12:40.500 D/AOC     ( 1365): A3:MSG: lsm6dsv_device.cc, 641: USF: Lsm6dsvDevice: Fifo was disabled for 504761ns.
07-06 23:12:40.501 D/AOC     ( 1365): A3:MSG: motion_state_sensor.cc, 328: USF: MoSt: MotionDetect sampling started with sampling ID 32309.
07-06 23:12:40.503 D/AOC     ( 1365): A3:MSG: usf_sensor.cc, 1866: USF: Received start sampling request for LSM6DSV Motion Detect (active:2).
07-06 23:12:40.504 D/AOC     ( 1365): A3:MSG: usf_sensor.cc, 1881: USF: Received stop sampling request for LSM6DSV FreeFall Detect (active:0).
07-06 23:12:40.505 D/AOC     ( 1365): A3:MSG: lsm6dsv_device.cc, 732: USF: Lsm6dsvDevice: Sensor 5: Enabled 0, odr_index 0, period_ns 0.
07-06 23:12:40.506 D/AOC     ( 1365): A3:MSG: lsm6dsv_fifo.cc, 755: USF: Lsm6dsvFifo: ODR: XL/G/T/TS: 60/60/15/7 WM: 6 Intr: 24.
07-06 23:12:40.506 D/AOC     ( 1365): A3:MSG: lsm6dsv_device.cc, 641: USF: Lsm6dsvDevice: Fifo was disabled for 543579ns.
07-06 23:12:40.532 I/adbd    ( 1389): adbd service requested 'shell,v2:wm size'
07-06 23:12:40.613 I/adbd    ( 1389): adbd service requested 'shell,v2:getprop'
07-06 23:12:40.628 I/adbd    ( 1389): adbd service requested 'shell,v2:logcat --proto'
07-06 23:12:40.759 I/adbd    ( 1389): adbd service requested 'shell,v2:wm size'
07-06 23:12:40.853 I/adbd    ( 1389): adbd service requested 'shell,v2:getprop'
07-06 23:12:40.928 I/adbd    ( 1389): adbd service requested 'shell,v2:wm size'
07-06 23:12:41.018 I/deeptouch( 2326): I0000 00:00:1783347161.018182    2327 tf_lite_classifier.cc:415] Event stream classified as kNone
07-06 23:12:41.042 D/WindowOnBackDispatcher(21155): setTopOnBackInvokedCallback (unwrapped): null
07-06 23:12:41.042 D/CoreBackPreview( 1672): Window{764f862 u0 com.saidlog.app/com.saidlog.app.MainActivity}: Setting back callback null
07-06 23:12:41.045 D/HWUI    (21155): endAllActiveAnimators on 0xb400006ee9155920 (RippleDrawable) with handle 0xb4000070a91412d0
07-06 23:12:41.048 I/adbd    ( 1389): adbd service requested 'shell,v2:getprop'
07-06 23:12:41.060 I/adbd    ( 1389): adbd service requested 'shell,v2:logcat --proto'
07-06 23:12:41.067 V/WindowManager( 1672): Unknown focus tokens, dropping reportFocusChanged
07-06 23:12:41.082 I/ImeTracker( 1672): com.saidlog.app:2edda3f6: onRequestHide at ORIGIN_SERVER reason HIDE_SAME_WINDOW_FOCUSED_WITHOUT_EDITOR fromUser false userId 0 displayId 0
07-06 23:12:41.082 D/InsetsController(21155): hide(ime())
07-06 23:12:41.083 I/ImeTracker(21155): com.saidlog.app:2edda3f6: onCancelled at PHASE_CLIENT_ALREADY_HIDDEN
07-06 23:12:41.085 I/GoogleInputMethodService(21417): GoogleInputMethodService.onFinishInput():2276 
07-06 23:12:41.085 I/Module  (21417): DeviceLockedStatusModuleProvider$Module.updateDeviceLockedStatusInternal():129 repeatCheckTimes = 0, locked = false
07-06 23:12:41.087 I/GoogleInputMethodService(21417): GoogleInputMethodService.onStartInput():1460 onStartInput(EditorInfo{EditorInfo{packageName=com.saidlog.app, inputType=0, inputTypeString=NULL, enableLearning=false, autoCorrection=false, autoComplete=false, imeOptions=12000000, privateImeOptions=null, actionName=UNSPECIFIED, actionLabel=null, initialSelStart=-1, initialSelEnd=-1, initialCapsMode=0, label=null, fieldId=0, fieldName=null, extras=null, hintText=null, hintLocales=[]}}, false)
07-06 23:12:41.087 I/LatinIMEBase(21417): LatinIMEBase.updateInputViewCoverNavigation():317 Update input view padding, isNavbarOverInputWindow=true, bottom inset=126
07-06 23:12:41.087 I/Module  (21417): DeviceLockedStatusModuleProvider$Module.updateDeviceLockedStatusInternal():129 repeatCheckTimes = 1, locked = false
07-06 23:12:41.088 W/PackageConfigPersister( 1672): App-specific configuration not found for packageName: com.saidlog.app and userId: 0
07-06 23:12:41.120 I/adbd    ( 1389): adbd service requested 'shell,v2:wm size'
07-06 23:12:41.143 D/libnfc_nci( 2596): ART-GC black_dense_end:0x2091000 mid_gen_end:0x209b000 post_compact_end:0x20a5000 black_allocations_begin:0x2142000 young:0 performed_compaction:1
07-06 23:12:41.198 I/adbd    ( 1389): adbd service requested 'shell,v2:getprop'
07-06 23:12:41.243 I/pixel-thermal( 9793): soc_therm:36.313 raw data: soc_therm:36313 
07-06 23:12:41.272 I/adbd    ( 1389): adbd service requested 'shell,v2:wm size'
07-06 23:12:41.362 I/adbd    ( 1389): adbd service requested 'shell,v2:getprop'
07-06 23:12:41.377 I/adbd    ( 1389): adbd service requested 'shell,v2:logcat --proto'
07-06 23:12:41.437 I/adbd    ( 1389): adbd service requested 'shell,v2:wm size'
07-06 23:12:41.494 D/AOC     ( 1365): A3:MSG: lsm6dsv_device.cc, 732: USF: Lsm6dsvDevice: Sensor 3: Enabled 0, odr_index 0, period_ns 0.
07-06 23:12:41.494 D/AOC     ( 1365): A3:MSG: lsm6dsv_fifo.cc, 755: USF: Lsm6dsvFifo: ODR: XL/G/T/TS: 60/60/15/7 WM: 6 Intr: 24.
07-06 23:12:41.495 D/AOC     ( 1365): A3:MSG: lsm6dsv_device.cc, 641: USF: Lsm6dsvDevice: Fifo was disabled for 824382ns.
07-06 23:12:41.497 D/AOC     ( 1365): A3:MSG: usf_sensor.cc, 1866: USF: Received start sampling request for LSM6DSV Stationary Detect (active:1).
07-06 23:12:41.497 D/AOC     ( 1365): A3:MSG: lsm6dsv_device.cc, 732: USF: Lsm6dsvDevice: Sensor 4: Enabled 1, odr_index 1, period_ns 500000000.
07-06 23:12:41.497 D/AOC     ( 1365): A3:MSG: lsm6dsv_fifo.cc, 755: USF: Lsm6dsvFifo: ODR: XL/G/T/TS: 60/60/15/7 WM: 6 Intr: 24.
07-06 23:12:41.499 D/AOC     ( 1365): A3:MSG: lsm6dsv_device.cc, 641: USF: Lsm6dsvDevice: Fifo was disabled for 759074ns.
07-06 23:12:41.499 D/AOC     ( 1365): A3:MSG: motion_state_sensor.cc, 328: USF: MoSt: StationaryDetect sampling started with sampling ID 32311.
07-06 23:12:41.501 D/AOC     ( 1365): A3:MSG: usf_sensor.cc, 1866: USF: Received start sampling request for LSM6DSV FreeFall Detect (active:1).
07-06 23:12:41.503 D/AOC     ( 1365): A3:MSG: lsm6dsv_device.cc, 732: USF: Lsm6dsvDevice: Sensor 5: Enabled 1, odr_index 2, period_ns 500000000.
07-06 23:12:41.503 D/AOC     ( 1365): A3:MSG: lsm6dsv_fifo.cc, 755: USF: Lsm6dsvFifo: ODR: XL/G/T/TS: 60/60/15/7 WM: 6 Intr: 24.
07-06 23:12:41.503 D/AOC     ( 1365): A3:MSG: lsm6dsv_device.cc, 641: USF: Lsm6dsvDevice: Fifo was disabled for 717407ns.
07-06 23:12:41.505 D/AOC     ( 1365): A3:MSG: usf_sensor.cc, 1866: USF: Received start sampling request for LSM6DSV Stationary Detect (active:2).
07-06 23:12:41.525 I/adbd    ( 1389): adbd service requested 'shell,v2:getprop'
07-06 23:12:41.596 I/adbd    ( 1389): adbd service requested 'shell,v2:wm size'
07-06 23:12:41.717 I/adbd    ( 1389): adbd service requested 'shell,v2:getprop'
07-06 23:12:41.733 I/adbd    ( 1389): adbd service requested 'shell,v2:logcat --proto'
07-06 23:12:41.897 I/adbd    ( 1389): adbd service requested 'shell,v2:wm size'
07-06 23:12:41.998 I/adbd    ( 1389): adbd service requested 'shell,v2:getprop'
07-06 23:12:42.076 I/adbd    ( 1389): adbd service requested 'shell,v2:wm size'
07-06 23:12:42.113 I/WifiHAL ( 1167): Creating message to get link statistics; iface = 47
07-06 23:12:42.145 W/SensorService( 1672): Dropping 1 cached events (3000/3000) to save 1/1 new events. 26 events previously dropped
07-06 23:12:42.146 I/WifiHAL ( 1167): Getting cached scan results, iface handle = 0xb4000072c6113cd0
07-06 23:12:42.146 E/WifiHAL ( 1167): Creating message to get cached scan results
07-06 23:12:42.149 I/WifiHAL ( 1167): In GetCachedScanResultsCommand::handleResponse
07-06 23:12:42.169 I/adbd    ( 1389): adbd service requested 'shell,v2:getprop'
07-06 23:12:42.173 D/WifiHAL ( 1167): Start debug command: mType GET_FEATURE
07-06 23:12:42.173 I/WifiHAL ( 1167): CreateRequest mType = GET_FEATURE
07-06 23:12:42.173 D/WifiHAL ( 1167): In DebugCommand::handleResponse, mType:GET_FEATURE
07-06 23:12:42.173 D/WifiHAL ( 1167): len = 4, expected len = 4
07-06 23:12:42.174 I/HalDevMgr( 1672): bestIfaceCreationProposal is null, requestIface=STA, existingIface=[name=wlan0 type=STA]
07-06 23:12:42.182 I/adbd    ( 1389): adbd service requested 'shell,v2:logcat --proto'
07-06 23:12:42.254 I/adbd    ( 1389): adbd service requested 'shell,v2:wm size'
07-06 23:12:42.361 I/adbd    ( 1389): adbd service requested 'shell,v2:getprop'
07-06 23:12:42.444 I/adbd    ( 1389): adbd service requested 'shell,v2:wm size'
07-06 23:12:42.540 D/ActivityManager( 1672): sync unfroze 22767 com.mgoogle.android.gms for 7
07-06 23:12:42.543 D/BackgroundInstallControlService( 1672): Package event received: 0
07-06 23:12:42.548 D/GmsGcmMcsSvc(13630): Heartbeat initiated, reason: Intent { act=org.microg.gms.gcm.mcs.HEARTBEAT flg=0x4 xflg=0x4 cmp=com.mgoogle.android.gms/org.microg.gms.gcm.McsService (has extras) }
07-06 23:12:42.558 D/GmsGcmMcsSvc(13630): Scheduling heartbeat in 60 seconds...
07-06 23:12:42.561 D/GmsGcmMcsOutput(13630): Outgoing message: HeartbeatPing{last_stream_id_received=201}
07-06 23:12:42.578 I/adbd    ( 1389): adbd service requested 'shell,v2:getprop'
07-06 23:12:42.594 I/adbd    ( 1389): adbd service requested 'shell,v2:logcat --proto'
07-06 23:12:42.628 D/GmsGcmMcsInput(13630): Incoming message: HeartbeatAck{last_stream_id_received=201}
07-06 23:12:42.634 D/GmsGcmPrefs(13630): learnReached: gcm_network_wifi / 60036
07-06 23:12:42.678 I/adbd    ( 1389): adbd service requested 'shell,v2:wm size'
07-06 23:12:42.861 I/adbd    ( 1389): adbd service requested 'shell,v2:getprop'
07-06 23:12:42.949 D/AOC     ( 1365): CHRE: DRAM vote count begins
07-06 23:12:42.949 D/AOC     ( 1365): CHRE: DRAM vote count ends: 0 ms
07-06 23:12:42.950 I/CHRE    ( 1110): @ 266425.141: [AR] inconsistent: 41.176472
07-06 23:12:43.053 I/adbd    ( 1389): adbd service requested 'shell,v2:wm size'
07-06 23:12:43.139 I/adbd    ( 1389): adbd service requested 'shell,v2:getprop'
07-06 23:12:43.153 I/adbd    ( 1389): adbd service requested 'shell,v2:logcat --proto'
07-06 23:12:43.247 I/adbd    ( 1389): adbd service requested 'shell,v2:wm size'
07-06 23:12:43.367 I/adbd    ( 1389): adbd service requested 'shell,v2:getprop'
07-06 23:12:43.431 I/adbd    ( 1389): adbd service requested 'shell,v2:wm size'
07-06 23:12:43.485 W/TracingMuxer( 1116): type=1400 audit(0.0:122270): avc:  denied  { write } for  name="traced_producer" dev="tmpfs" ino=1317 scontext=u:r:hal_neuralnetworks_darwinn:s0 tcontext=u:object_r:traced_producer_socket:s0 tclass=sock_file permissive=0
07-06 23:12:43.548 I/adbd    ( 1389): adbd service requested 'shell,v2:getprop'
07-06 23:12:43.562 I/adbd    ( 1389): adbd service requested 'shell,v2:logcat --proto'
07-06 23:12:43.658 I/adbd    ( 1389): adbd service requested 'shell,v2:wm size'
07-06 23:12:43.772 I/adbd    ( 1389): adbd service requested 'shell,v2:getprop'
07-06 23:12:43.843 I/adbd    ( 1389): adbd service requested 'shell,v2:wm size'
07-06 23:12:43.982 I/adbd    ( 1389): adbd service requested 'shell,v2:getprop'
07-06 23:12:43.998 I/adbd    ( 1389): adbd service requested 'shell,v2:logcat --proto'
07-06 23:12:44.142 I/pixel-thermal( 9793): VIRTUAL-SKIN-MODEL: model_input: [35400.00 36692.00 35912.00 32863.00 32907.00 32796.00 35623.00 36647.00 ]
07-06 23:12:44.143 I/native  ( 9793): I0000 00:00:1783347164.142724    9826 thermal_tflite_wrapper.cc:261] ThermalTfliteInvoke
07-06 23:12:44.143 I/pixel-thermal( 9793): VIRTUAL-SKIN-MODEL: model_output: [34069.2 ]
07-06 23:12:44.143 I/pixel-thermal( 9793): VIRTUAL-SKIN-MODEL: predicted_value: [34069.2 ]
07-06 23:12:44.143 I/pixel-thermal( 9793): VIRTUAL-SKIN-CPU-MID:34.0808 raw data: VIRTUAL-SKIN:34080.8 VIRTUAL-SKIN-CPU-MID:34080.8 VIRTUAL-SKIN-LEGACY:34360.4 VIRTUAL-SKIN-LEGACY-MODEL-DIFF:291.219 VIRTUAL-SKIN-LEGACY-SHUTDOWN:0 VIRTUAL-SKIN-MODEL:34069.2 VIRTUAL-SKIN-MODEL-CLAMPED:34069.2 VIRTUAL-SKIN-MODEL-LEGACY-DIFF:-291.219 VIRTUAL-SKIN-MODEL-UPDATED:34080.8 VIRTUAL-SKIN-MODEL-UPPER-CLAMPED:34069.2 VIRTUAL-SKIN-SUB-0:33372.7 VIRTUAL-SKIN-SUB-1:34084.8 VIRTUAL-SKIN-SUB-2:34013.5 VIRTUAL-SKIN-SUB-3:34360.4 VIRTUAL-SKIN-SUB-4:34139.7 VT_LEGACY_WEIGHT:0 VT_MODEL_WEIGHT:1 battery:34000 btmspkr_therm:32907 charging_therm:35912 disp_therm:32796 north_therm:35623 quiet_therm:36692 rfpa_therm:35400 soc_therm:36647 usb_pwr_therm:32863 
07-06 23:12:44.143 I/pixel-thermal( 9793): north_therm:35.623 raw data: north_therm:35623 
07-06 23:12:44.143 I/pixel-thermal( 9793): VIRTUAL-SKIN-SOC:34.0808 raw data: VIRTUAL-SKIN:34080.8 VIRTUAL-SKIN-SOC:34080.8 
07-06 23:12:44.144 I/pixel-thermal( 9793): VIRTUAL-SKIN-DISPLAY:34.0808 raw data: VIRTUAL-SKIN:34080.8 VIRTUAL-SKIN-DISPLAY:34080.8 
07-06 23:12:44.144 I/pixel-thermal( 9793): CPU_THROTTLE_SEVERE:0 raw data: CPU_THROTTLE_SEVERE:0 
07-06 23:12:44.144 I/pixel-thermal( 9793): VIRTUAL-SKIN:34.0808 raw data: VIRTUAL-SKIN:34080.8 
07-06 23:12:44.144 I/pixel-thermal( 9793): VIRTUAL-SKIN-HINT:34.0808 raw data: VIRTUAL-SKIN:34080.8 VIRTUAL-SKIN-HINT:34080.8 
07-06 23:12:44.144 I/pixel-thermal( 9793): VIRTUAL-SKIN-CPU-LIGHT-ODPM:34.0808 raw data: VIRTUAL-SKIN:34080.8 VIRTUAL-SKIN-CPU-LIGHT-ODPM:34080.8 
07-06 23:12:44.144 I/pixel-thermal( 9793): VIRTUAL-SKIN-CPU-ODPM:34.0808 raw data: VIRTUAL-SKIN:34080.8 VIRTUAL-SKIN-CPU-ODPM:34080.8 
07-06 23:12:44.144 I/pixel-thermal( 9793): VIRTUAL-SKIN-ODPM-MODEL: model_input: [35400.00 36692.00 35912.00 32863.00 32907.00 32796.00 35623.00 36647.00 34000.00 564.26 1.79 243.21 33.84 0.39 287.69 ]
07-06 23:12:44.144 I/native  ( 9793): I0000 00:00:1783347164.144887    9826 thermal_tflite_wrapper.cc:261] ThermalTfliteInvoke
07-06 23:12:44.145 I/pixel-thermal( 9793): VIRTUAL-SKIN-ODPM-MODEL: model_output: [33256.3 ]
07-06 23:12:44.145 I/pixel-thermal( 9793): VIRTUAL-SKIN-ODPM-MODEL: predicted_value: [33256.3 ]
07-06 23:12:44.145 I/pixel-thermal( 9793): VIRTUAL-SKIN-SPEAKER-MODEL: model_input: [34000.00 32907.00 35912.00 32796.00 35623.00 36692.00 35400.00 36647.00 32863.00 ]
07-06 23:12:44.145 I/native  ( 9793): I0000 00:00:1783347164.145562    9826 thermal_tflite_wrapper.cc:261] ThermalTfliteInvoke
07-06 23:12:44.145 I/pixel-thermal( 9793): VIRTUAL-SKIN-SPEAKER-MODEL: model_output: [32695.4 ]
07-06 23:12:44.145 I/pixel-thermal( 9793): VIRTUAL-SKIN-SPEAKER-MODEL: predicted_value: [32695.4 ]
07-06 23:12:44.145 I/adbd    ( 1389): adbd service requested 'shell,v2:wm size'
07-06 23:12:44.145 I/pixel-thermal( 9793): STATS-UPDATOR:0 raw data: EXTREME-SOC-CONDITION-CHECK:0 MAIN_SOC_POWER:474.038 MODEL_CAMERA_PWR:1.7857 MODEL_DISPLAY_PWR:243.209 MODEL_MISC_PWR:564.257 MODEL_MODEM_PWR:33.8382 MODEL_RFFE_PWR:0.392339 MODEL_WLAN_BT_PWR:287.685 NORTH_THERM-UNDER-THRESHOLD:1 NORTH_THERM-VSKIN-DIFF-DURING-NORTH_THERM-OVER-THRESHOLD:-998458 NORTH_THERM-VSKIN-DIFF-DURING-VSKIN-OVER-52:-998458 QUIET_THERM-UNDER-THRESHOLD:1 QUIET_THERM-VSKIN-DIFF-DURING-QUIET_THERM-OVER-THRESHOLD:-997389 QUIET_THERM-VSKIN-DIFF-DURING-VSKIN-OVER-52:-997389 RFPA_THERM-UNDER-THRESHOLD:1 RFPA_THERM-VSKIN-DIFF-DURING-RFPA_THERM-OVER-THRESHOLD:-998681 RFPA_THERM-VSKIN-DIFF-DURING-VSKIN-OVER-52:-998681 SOC_THERM-UNDER-THRESHOLD:1 SOC_THERM-VSKIN-DIFF-DURING-SOC_THERM-OVER-THRESHOLD:-997434 SOC_THERM-VSKIN-DIFF-DURING-VSKIN-OVER-52:-997434 STATS-UPDATOR:0 TPU_35S:0 VIRTUAL-SKIN:34080.8 VIRTUAL-SKIN-LEGACY:34360.4 VIRTUAL-SKIN-MODEL:34069.2 VIRTUAL-SKIN-MODEL-LEGACY-DIFF:-291.219 VIRTUAL-SKIN-ODPM-MODEL:33256.3 VIRTUAL-SKIN-SPEAKER-MODEL:32695.4 VSKIN-SKIN-UNDER-52:1 battery:34000 btmspkr_therm:32907 charging_therm:35912 disp_therm:32796 north_therm:35623 quiet_therm:36692 rfpa_therm:35400 soc_therm:36647 usb_pwr_therm:32863 
07-06 23:12:44.146 I/pixel-thermal( 9793): VIRTUAL-SKIN-CPU-HIGH:34.0808 raw data: VIRTUAL-SKIN:34080.8 VIRTUAL-SKIN-CPU-HIGH:34080.8 
07-06 23:12:44.146 I/pixel-thermal( 9793): VIRTUAL-SKIN-CHARGE:33.9573 raw data: VIRTUAL-SKIN-CHARGE:33957.3 VIRTUAL-SKIN-CHARGE-SUB-0:33817.8 VIRTUAL-SKIN-CHARGE-SUB-1:33957.3 btmspkr_therm:32907 charging_therm:35912 disp_therm:32796 north_therm:35623 quiet_therm:36692 rfpa_therm:35400 soc_therm:36647 usb_pwr_therm:32863 
07-06 23:12:44.146 I/pixel-thermal( 9793): VIRTUAL-SKIN-CHARGE power_budget=4158.83 err=4.04265 s_power=2527 time_elapsed_ms=7013 p=481.076 i=1302 d=-0 dt_per_min=nan compensation=0 budget transient=0 control target=2 excluded power budget=151.245 (PARTIAL_SYSTEM_POWER: 1260.37 mW, cdev_weight: 0.120000)
07-06 23:12:44.146 I/pixel-thermal( 9793): VIRTUAL-SKIN-CHARGE-WLC:33.6128 raw data: VIRTUAL-SKIN-CHARGE-WLC:33612.8 charging_therm:35912 soc_therm:36647 usb_pwr_therm:32863 
07-06 23:12:44.146 I/pixel-thermal( 9793): VIRTUAL-SKIN-CHARGE-WLC power_budget=4074.81 err=7.38725 s_power=1383 time_elapsed_ms=7013 p=1573.48 i=1383 d=-0 dt_per_min=nan compensation=0 budget transient=0 control target=2 excluded power budget=264.678 (PARTIAL_SYSTEM_POWER: 1260.37 mW, cdev_weight: 0.210000)
07-06 23:12:44.146 I/pixel-thermal( 9793): cellular-emergency:34.0808 raw data: VIRTUAL-SKIN:34080.8 cellular-emergency:34080.8 
07-06 23:12:44.225 W/SensorService( 1672): Dropping 1 cached events (3000/3000) to save 1/1 new events. 26 events previously dropped
07-06 23:12:44.268 I/adbd    ( 1389): adbd service requested 'shell,v2:getprop'
07-06 23:12:44.380 I/adbd    ( 1389): adbd service requested 'shell,v2:wm size'
07-06 23:12:44.476 I/adbd    ( 1389): adbd service requested 'shell,v2:getprop'
07-06 23:12:44.490 I/adbd    ( 1389): adbd service requested 'shell,v2:logcat --proto'
07-06 23:12:44.559 I/adbd    ( 1389): adbd service requested 'shell,v2:wm size'
07-06 23:12:44.649 I/adbd    ( 1389): adbd service requested 'shell,v2:getprop'
07-06 23:12:44.773 I/adbd    ( 1389): adbd service requested 'shell,v2:wm size'
07-06 23:12:44.868 I/adbd    ( 1389): adbd service requested 'shell,v2:getprop'
07-06 23:12:44.881 I/adbd    ( 1389): adbd service requested 'shell,v2:logcat --proto'
07-06 23:12:44.953 I/adbd    ( 1389): adbd service requested 'shell,v2:wm size'
07-06 23:12:45.045 I/adbd    ( 1389): adbd service requested 'shell,v2:getprop'
07-06 23:12:45.174 I/adbd    ( 1389): adbd service requested 'shell,v2:wm size'
07-06 23:12:45.177 I/WifiHAL ( 1167): Creating message to get link statistics; iface = 47
07-06 23:12:45.202 I/WifiHAL ( 1167): Getting cached scan results, iface handle = 0xb4000072c6113cd0
07-06 23:12:45.203 E/WifiHAL ( 1167): Creating message to get cached scan results
07-06 23:12:45.207 I/WifiHAL ( 1167): In GetCachedScanResultsCommand::handleResponse
07-06 23:12:45.228 D/WifiHAL ( 1167): Start debug command: mType GET_FEATURE
07-06 23:12:45.228 I/WifiHAL ( 1167): CreateRequest mType = GET_FEATURE
07-06 23:12:45.228 D/WifiHAL ( 1167): In DebugCommand::handleResponse, mType:GET_FEATURE
07-06 23:12:45.228 D/WifiHAL ( 1167): len = 4, expected len = 4
07-06 23:12:45.230 I/HalDevMgr( 1672): bestIfaceCreationProposal is null, requestIface=STA, existingIface=[name=wlan0 type=STA]
07-06 23:12:45.267 I/adbd    ( 1389): adbd service requested 'shell,v2:getprop'
07-06 23:12:45.281 I/adbd    ( 1389): adbd service requested 'shell,v2:logcat --proto'
07-06 23:12:45.345 I/adbd    ( 1389): adbd service requested 'shell,v2:wm size'
07-06 23:12:45.489 I/adbd    ( 1389): adbd service requested 'shell,v2:getprop'
07-06 23:12:45.566 I/adbd    ( 1389): adbd service requested 'shell,v2:wm size'
07-06 23:12:45.661 I/adbd    ( 1389): adbd service requested 'shell,v2:getprop'
07-06 23:12:45.676 I/adbd    ( 1389): adbd service requested 'shell,v2:logcat --proto'
07-06 23:12:45.779 I/adbd    ( 1389): adbd service requested 'shell,v2:wm size'
07-06 23:12:46.014 I/adbd    ( 1389): adbd service requested 'shell,v2:getprop'
07-06 23:12:46.074 I/pixel-thermal( 9793): disp_therm:32.796 raw data: disp_therm:32796 
07-06 23:12:46.075 I/pixel-thermal( 9793): VIRTUAL-USB-UI:0 raw data: USB-MINUS-CHARGER:-3049 VIRTUAL-USB-UI:0 charging_therm:35912 usb_pwr_therm:32863 
07-06 23:12:46.075 I/pixel-thermal( 9793): btmspkr_therm:32.907 raw data: btmspkr_therm:32907 
07-06 23:12:46.075 I/pixel-thermal( 9793): usb_pwr_therm:32.863 raw data: usb_pwr_therm:32863 
07-06 23:12:46.075 I/pixel-thermal( 9793): VIRTUAL-USB-THROTTLING:0 raw data: USB-MINUS-CHARGER:-3049 VIRTUAL-USB-THROTTLING:0 usb_pwr_therm:32863 
07-06 23:12:46.151 D/AOC     ( 1365): CHRE: DRAM vote count begins
07-06 23:12:46.151 D/AOC     ( 1365): CHRE: DRAM vote count ends: 0 ms
07-06 23:12:46.152 I/CHRE    ( 1110): @ 266428.343: [AR] still: 38.823528
07-06 23:12:46.170 I/adbd    ( 1389): adbd service requested 'shell,v2:wm size'
07-06 23:12:46.255 W/SensorService( 1672): Dropping 1 cached events (3000/3000) to save 1/1 new events. 26 events previously dropped
07-06 23:12:46.257 D/AOC     ( 1365): A3:MSG: lsm6dsv_device.cc, 732: USF: Lsm6dsvDevice: Sensor 4: Enabled 0, odr_index 0, period_ns 0.
07-06 23:12:46.257 D/AOC     ( 1365): A3:MSG: lsm6dsv_fifo.cc, 755: USF: Lsm6dsvFifo: ODR: XL/G/T/TS: 60/60/15/7 WM: 6 Intr: 24.
07-06 23:12:46.258 D/AOC     ( 1365): A3:MSG: lsm6dsv_device.cc, 641: USF: Lsm6dsvDevice: Fifo was disabled for 780314ns.
07-06 23:12:46.259 D/AOC     ( 1365): A3:MSG: usf_sensor.cc, 1866: USF: Received start sampling request for LSM6DSV Motion Detect (active:1).
07-06 23:12:46.259 D/AOC     ( 1365): A3:MSG: lsm6dsv_device.cc, 732: USF: Lsm6dsvDevice: Sensor 3: Enabled 1, odr_index 1, period_ns 500000000.
07-06 23:12:46.260 D/AOC     ( 1365): A3:MSG: lsm6dsv_fifo.cc, 755: USF: Lsm6dsvFifo: ODR: XL/G/T/TS: 60/60/15/7 WM: 6 Intr: 24.
07-06 23:12:46.260 D/AOC     ( 1365): A3:MSG: lsm6dsv_device.cc, 641: USF: Lsm6dsvDevice: Fifo was disabled for 526286ns.
07-06 23:12:46.261 D/AOC     ( 1365): A3:MSG: motion_state_sensor.cc, 328: USF: MoSt: MotionDetect sampling started with sampling ID 32314.
07-06 23:12:46.263 D/AOC     ( 1365): A3:MSG: usf_sensor.cc, 1866: USF: Received start sampling request for LSM6DSV Motion Detect (active:2).
07-06 23:12:46.265 D/AOC     ( 1365): A3:MSG: usf_sensor.cc, 1881: USF: Received stop sampling request for LSM6DSV FreeFall Detect (active:0).
07-06 23:12:46.265 D/AOC     ( 1365): A3:MSG: lsm6dsv_device.cc, 732: USF: Lsm6dsvDevice: Sensor 5: Enabled 0, odr_index 0, period_ns 0.
07-06 23:12:46.266 D/AOC     ( 1365): A3:MSG: lsm6dsv_fifo.cc, 755: USF: Lsm6dsvFifo: ODR: XL/G/T/TS: 60/60/15/7 WM: 6 Intr: 24.
07-06 23:12:46.266 D/AOC     ( 1365): A3:MSG: lsm6dsv_device.cc, 641: USF: Lsm6dsvDevice: Fifo was disabled for 554403ns.
07-06 23:12:46.288 I/adbd    ( 1389): adbd service requested 'shell,v2:getprop'
07-06 23:12:46.302 I/adbd    ( 1389): adbd service requested 'shell,v2:logcat --proto'
07-06 23:12:46.371 I/adbd    ( 1389): adbd service requested 'shell,v2:wm size'
07-06 23:12:46.472 I/adbd    ( 1389): adbd service requested 'shell,v2:getprop'
07-06 23:12:46.544 I/adbd    ( 1389): adbd service requested 'shell,v2:wm size'
07-06 23:12:46.636 I/adbd    ( 1389): adbd service requested 'shell,v2:getprop'
07-06 23:12:46.654 I/adbd    ( 1389): adbd service requested 'shell,v2:logcat --proto'
07-06 23:12:46.742 I/adbd    ( 1389): adbd service requested 'shell,v2:wm size'
07-06 23:12:46.887 I/adbd    ( 1389): adbd service requested 'shell,v2:getprop'
07-06 23:12:47.009 I/adbd    ( 1389): adbd service requested 'shell,v2:wm size'
07-06 23:12:47.124 I/pixel-thermal( 9793): quiet_therm:36.803 raw data: quiet_therm:36803 
07-06 23:12:47.132 I/adbd    ( 1389): adbd service requested 'shell,v2:getprop'
07-06 23:12:47.149 I/adbd    ( 1389): adbd service requested 'shell,v2:logcat --proto'
07-06 23:12:47.269 I/adbd    ( 1389): adbd service requested 'shell,v2:wm size'
07-06 23:12:47.333 I/adbd    ( 1389): adbd service requested 'shell,v2:getprop'
07-06 23:12:47.390 D/AOC     ( 1365): CHRE: DRAM vote count begins
07-06 23:12:47.391 D/AOC     ( 1365): CHRE: DRAM vote count ends: 0 ms
07-06 23:12:47.391 D/AOC     ( 1365): CHRE: DRAM vote count begins
07-06 23:12:47.391 D/AOC     ( 1365): CHRE: DRAM vote count ends: 0 ms
07-06 23:12:47.392 D/CHRE.HAL( 1110): Received a nanoapp message from 0x476f6f676c001022 endpoint 0x8042: Type 0x3 size 8 
07-06 23:12:47.393 I/suez-nanoapp-clients( 1123): Barometric peak detected: magnitude = 0.117121 hPa (bucket: 3), duration = 39.000000 ms (bucket: 3).
07-06 23:12:47.394 I/suez-nanoapp-clients( 1123): Vendor atom [id = 100047] reported.
07-06 23:12:47.396 D/CHRE.HAL( 1110): Received a nanoapp message from 0x476f6f676c001022 endpoint 0x8042: Type 0x3 size 8 
07-06 23:12:47.396 I/suez-nanoapp-clients( 1123): Barometric peak detected: magnitude = 0.165659 hPa (bucket: 4), duration = 158.000000 ms (bucket: 14).
07-06 23:12:47.396 I/suez-nanoapp-clients( 1123): Vendor atom [id = 100047] reported.
07-06 23:12:47.398 I/CHRE    ( 1110): @ 266429.582: [ip] Peak detected: magnitude = 0.117121 hpa, duration = 39.000000 ms
07-06 23:12:47.398 I/CHRE    ( 1110): @ 266429.583: [ip] Peak detected: magnitude = 0.165659 hpa, duration = 158.000000 ms
07-06 23:12:47.411 I/adbd    ( 1389): adbd service requested 'shell,v2:wm size'
07-06 23:12:47.530 I/adbd    ( 1389): adbd service requested 'shell,v2:getprop'
07-06 23:12:47.546 I/adbd    ( 1389): adbd service requested 'shell,v2:logcat --proto'
07-06 23:12:47.600 D/IpClient/wlan0( 2455): interfaceLinkStateChanged: ifindex 47 up
07-06 23:12:47.738 I/adbd    ( 1389): adbd service requested 'shell,v2:wm size'
07-06 23:12:47.864 I/adbd    ( 1389): adbd service requested 'shell,v2:getprop'
07-06 23:12:47.968 I/adbd    ( 1389): adbd service requested 'shell,v2:wm size'
07-06 23:12:48.063 I/adbd    ( 1389): adbd service requested 'shell,v2:getprop'
07-06 23:12:48.079 I/adbd    ( 1389): adbd service requested 'shell,v2:logcat --proto'
07-06 23:12:48.167 I/adbd    ( 1389): adbd service requested 'shell,v2:wm size'
07-06 23:12:48.233 I/WifiHAL ( 1167): Creating message to get link statistics; iface = 47
07-06 23:12:48.247 I/pixel-thermal( 9793): soc_therm:36.781 raw data: soc_therm:36781 
07-06 23:12:48.260 I/adbd    ( 1389): adbd service requested 'shell,v2:getprop'
07-06 23:12:48.263 I/WifiHAL ( 1167): Getting cached scan results, iface handle = 0xb4000072c6113cd0
07-06 23:12:48.263 E/WifiHAL ( 1167): Creating message to get cached scan results
07-06 23:12:48.266 I/WifiHAL ( 1167): In GetCachedScanResultsCommand::handleResponse
07-06 23:12:48.290 D/WifiHAL ( 1167): Start debug command: mType GET_FEATURE
07-06 23:12:48.290 I/WifiHAL ( 1167): CreateRequest mType = GET_FEATURE
07-06 23:12:48.290 D/WifiHAL ( 1167): In DebugCommand::handleResponse, mType:GET_FEATURE
07-06 23:12:48.290 D/WifiHAL ( 1167): len = 4, expected len = 4
07-06 23:12:48.292 I/HalDevMgr( 1672): bestIfaceCreationProposal is null, requestIface=STA, existingIface=[name=wlan0 type=STA]
07-06 23:12:48.302 W/SensorService( 1672): Dropping 1 cached events (3000/3000) to save 1/1 new events. 23 events previously dropped
07-06 23:12:48.413 I/adbd    ( 1389): adbd service requested 'shell,v2:wm size'
07-06 23:12:48.536 I/adbd    ( 1389): adbd service requested 'shell,v2:getprop'
07-06 23:12:48.549 I/WifiHAL ( 1167): Creating message to get link statistics; iface = 47
07-06 23:12:48.551 I/adbd    ( 1389): adbd service requested 'shell,v2:logcat --proto'
07-06 23:12:48.583 I/WifiHAL ( 1167): Getting cached scan results, iface handle = 0xb4000072c6113cd0
07-06 23:12:48.583 E/WifiHAL ( 1167): Creating message to get cached scan results
07-06 23:12:48.586 I/WifiHAL ( 1167): In GetCachedScanResultsCommand::handleResponse
07-06 23:12:48.628 I/adbd    ( 1389): adbd service requested 'shell,v2:wm size'
07-06 23:12:48.783 I/adbd    ( 1389): adbd service requested 'shell,v2:getprop'
07-06 23:12:48.927 I/adbd    ( 1389): adbd service requested 'shell,v2:wm size'
07-06 23:12:49.030 I/adbd    ( 1389): adbd service requested 'shell,v2:getprop'
07-06 23:12:49.047 I/adbd    ( 1389): adbd service requested 'shell,v2:logcat --proto'
07-06 23:12:49.203 I/adbd    ( 1389): adbd service requested 'shell,v2:wm size'
07-06 23:12:49.337 I/adbd    ( 1389): adbd service requested 'shell,v2:getprop'
07-06 23:12:49.350 D/AOC     ( 1365): CHRE: DRAM vote count begins
07-06 23:12:49.351 D/AOC     ( 1365): CHRE: DRAM vote count ends: 0 ms
07-06 23:12:49.351 I/CHRE    ( 1110): @ 266431.542: [AR] inconsistent: 41.176472
07-06 23:12:49.409 I/adbd    ( 1389): adbd service requested 'shell,v2:wm size'
07-06 23:12:49.539 I/adbd    ( 1389): adbd service requested 'shell,v2:getprop'
07-06 23:12:49.556 I/adbd    ( 1389): adbd service requested 'shell,v2:logcat --proto'
07-06 23:12:49.654 I/adbd    ( 1389): adbd service requested 'shell,v2:wm size'
07-06 23:12:49.806 I/adbd    ( 1389): adbd service requested 'shell,v2:getprop'
07-06 23:12:49.952 I/adbd    ( 1389): adbd service requested 'shell,v2:wm size'
07-06 23:12:50.075 I/adbd    ( 1389): adbd service requested 'shell,v2:getprop'
07-06 23:12:50.091 I/adbd    ( 1389): adbd service requested 'shell,v2:logcat --proto'
07-06 23:12:50.193 I/adbd    ( 1389): adbd service requested 'shell,v2:wm size'
07-06 23:12:50.285 I/adbd    ( 1389): adbd service requested 'shell,v2:getprop'
07-06 23:12:50.325 D/TemperatureStateSource( 2516): sequence=16922 actualDelay=10000
07-06 23:12:50.326 D/TemperatureStateSource( 2516): Reading temperature: sequence=16923
07-06 23:12:50.332 I/pixel-thermal( 9793): CPU_THROTTLE_SEVERE:0 raw data: CPU_THROTTLE_SEVERE:0 
07-06 23:12:50.333 I/pixel-thermal( 9793): VIRTUAL-SKIN:34.0762 raw data: VIRTUAL-SKIN:34076.2 VIRTUAL-SKIN-LEGACY:34399.8 VIRTUAL-SKIN-LEGACY-MODEL-DIFF:330.625 VIRTUAL-SKIN-LEGACY-SHUTDOWN:0 VIRTUAL-SKIN-MODEL:34069.2 VIRTUAL-SKIN-MODEL-CLAMPED:34069.2 VIRTUAL-SKIN-MODEL-LEGACY-DIFF:-330.625 VIRTUAL-SKIN-MODEL-UPDATED:34076.2 VIRTUAL-SKIN-MODEL-UPPER-CLAMPED:34069.2 VIRTUAL-SKIN-SUB-0:33453.3 VIRTUAL-SKIN-SUB-1:34110.7 VIRTUAL-SKIN-SUB-2:34060.6 VIRTUAL-SKIN-SUB-3:34399.8 VIRTUAL-SKIN-SUB-4:34168.2 VT_LEGACY_WEIGHT:0 VT_MODEL_WEIGHT:1 battery:34000 btmspkr_therm:32952 charging_therm:36001 disp_therm:32774 north_therm:35645 quiet_therm:36803 rfpa_therm:35534 soc_therm:36781 usb_pwr_therm:32863 
07-06 23:12:50.335 D/TemperatureStateSource( 2516): getDeviceTemperatures: sequence=16923 deviceTemperatureType=3 temperatureSource=0 temperatures=[34.07617]
07-06 23:12:50.335 D/BusinessScope( 2516): Enqueuing the block
07-06 23:12:50.335 D/TemperatureStateSource( 2516): sequence=16923 waitTime=10000
07-06 23:12:50.335 D/BusinessScope( 2516): Start running the #34608 block
07-06 23:12:50.336 D/BusinessScope( 2516): Enqueuing the block
07-06 23:12:50.336 D/ImpulseStateSource( 2516): Notify clients: 17302
07-06 23:12:50.336 D/BusinessScope( 2516): Finish running the #34608 block
07-06 23:12:50.336 D/BusinessScope( 2516): Start running the #34609 block
07-06 23:12:50.336 D/BusinessScope( 2516): Finish running the #34609 block
07-06 23:12:50.345 W/SensorService( 1672): Dropping 1 cached events (3000/3000) to save 1/1 new events. 26 events previously dropped
07-06 23:12:50.358 I/adbd    ( 1389): adbd service requested 'shell,v2:wm size'
07-06 23:12:50.462 I/adbd    ( 1389): adbd service requested 'shell,v2:getprop'
07-06 23:12:50.478 I/adbd    ( 1389): adbd service requested 'shell,v2:logcat --proto'
07-06 23:12:50.619 I/adbd    ( 1389): adbd service requested 'shell,v2:wm size'
07-06 23:12:50.718 I/adbd    ( 1389): adbd service requested 'shell,v2:getprop'
07-06 23:12:50.827 I/adbd    ( 1389): adbd service requested 'shell,v2:wm size'
07-06 23:12:50.921 I/adbd    ( 1389): adbd service requested 'shell,v2:getprop'
07-06 23:12:50.936 I/adbd    ( 1389): adbd service requested 'shell,v2:logcat --proto'
07-06 23:12:51.002 I/adbd    ( 1389): adbd service requested 'shell,v2:wm size'
07-06 23:12:51.097 I/adbd    ( 1389): adbd service requested 'shell,v2:getprop'
07-06 23:12:51.142 I/pixel-thermal( 9793): VIRTUAL-SKIN-CPU-MID:34.0762 raw data: VIRTUAL-SKIN:34076.2 VIRTUAL-SKIN-CPU-MID:34076.2 
07-06 23:12:51.143 I/pixel-thermal( 9793): north_therm:35.645 raw data: north_therm:35645 
07-06 23:12:51.143 I/pixel-thermal( 9793): VIRTUAL-SKIN-SOC:34.0762 raw data: VIRTUAL-SKIN:34076.2 VIRTUAL-SKIN-SOC:34076.2 
07-06 23:12:51.143 I/pixel-thermal( 9793): VIRTUAL-SKIN-DISPLAY:34.0762 raw data: VIRTUAL-SKIN:34076.2 VIRTUAL-SKIN-DISPLAY:34076.2 
07-06 23:12:51.143 I/pixel-thermal( 9793): CPU_THROTTLE_SEVERE:0 raw data: CPU_THROTTLE_SEVERE:0 
07-06 23:12:51.143 I/pixel-thermal( 9793): VIRTUAL-SKIN:34.0762 raw data: VIRTUAL-SKIN:34076.2 
07-06 23:12:51.143 I/pixel-thermal( 9793): VIRTUAL-SKIN-HINT:34.0762 raw data: VIRTUAL-SKIN:34076.2 VIRTUAL-SKIN-HINT:34076.2 
07-06 23:12:51.143 I/pixel-thermal( 9793): VIRTUAL-SKIN-CPU-LIGHT-ODPM:34.0762 raw data: VIRTUAL-SKIN:34076.2 VIRTUAL-SKIN-CPU-LIGHT-ODPM:34076.2 
07-06 23:12:51.143 I/pixel-thermal( 9793): VIRTUAL-SKIN-CPU-ODPM:34.0762 raw data: VIRTUAL-SKIN:34076.2 VIRTUAL-SKIN-CPU-ODPM:34076.2 
07-06 23:12:51.144 I/pixel-thermal( 9793): VIRTUAL-SKIN-MODEL: model_input: [35534.00 36803.00 36001.00 32863.00 32952.00 32774.00 35645.00 36781.00 ]
07-06 23:12:51.144 I/native  ( 9793): I0000 00:00:1783347171.144049    9826 thermal_tflite_wrapper.cc:261] ThermalTfliteInvoke
07-06 23:12:51.144 I/pixel-thermal( 9793): VIRTUAL-SKIN-MODEL: model_output: [34138 ]
07-06 23:12:51.144 I/pixel-thermal( 9793): VIRTUAL-SKIN-MODEL: predicted_value: [34138 ]
07-06 23:12:51.144 I/pixel-thermal( 9793): VIRTUAL-SKIN-ODPM-MODEL: model_input: [35534.00 36803.00 36001.00 32863.00 32952.00 32774.00 35645.00 36781.00 34000.00 564.58 1.79 254.57 34.02 0.40 287.26 ]
07-06 23:12:51.144 I/native  ( 9793): I0000 00:00:1783347171.144842    9826 thermal_tflite_wrapper.cc:261] ThermalTfliteInvoke
07-06 23:12:51.144 I/pixel-thermal( 9793): VIRTUAL-SKIN-ODPM-MODEL: model_output: [33324.5 ]
07-06 23:12:51.144 I/pixel-thermal( 9793): VIRTUAL-SKIN-ODPM-MODEL: predicted_value: [33324.5 ]
07-06 23:12:51.145 I/pixel-thermal( 9793): VIRTUAL-SKIN-SPEAKER-MODEL: model_input: [34000.00 32952.00 36001.00 32774.00 35645.00 36803.00 35534.00 36781.00 32863.00 ]
07-06 23:12:51.145 I/native  ( 9793): I0000 00:00:1783347171.145518    9826 thermal_tflite_wrapper.cc:261] ThermalTfliteInvoke
07-06 23:12:51.145 I/pixel-thermal( 9793): VIRTUAL-SKIN-SPEAKER-MODEL: model_output: [32703.2 ]
07-06 23:12:51.145 I/pixel-thermal( 9793): VIRTUAL-SKIN-SPEAKER-MODEL: predicted_value: [32703.2 ]
07-06 23:12:51.145 I/pixel-thermal( 9793): STATS-UPDATOR:0 raw data: EXTREME-SOC-CONDITION-CHECK:0 MAIN_SOC_POWER:467.678 MODEL_CAMERA_PWR:1.78644 MODEL_DISPLAY_PWR:254.568 MODEL_MISC_PWR:564.583 MODEL_MODEM_PWR:34.0214 MODEL_RFFE_PWR:0.397779 MODEL_WLAN_BT_PWR:287.256 NORTH_THERM-UNDER-THRESHOLD:1 NORTH_THERM-VSKIN-DIFF-DURING-NORTH_THERM-OVER-THRESHOLD:-998431 NORTH_THERM-VSKIN-DIFF-DURING-VSKIN-OVER-52:-998431 QUIET_THERM-UNDER-THRESHOLD:1 QUIET_THERM-VSKIN-DIFF-DURING-QUIET_THERM-OVER-THRESHOLD:-997273 QUIET_THERM-VSKIN-DIFF-DURING-VSKIN-OVER-52:-997273 RFPA_THERM-UNDER-THRESHOLD:1 RFPA_THERM-VSKIN-DIFF-DURING-RFPA_THERM-OVER-THRESHOLD:-998542 RFPA_THERM-VSKIN-DIFF-DURING-VSKIN-OVER-52:-998542 SOC_THERM-UNDER-THRESHOLD:1 SOC_THERM-VSKIN-DIFF-DURING-SOC_THERM-OVER-THRESHOLD:-997295 SOC_THERM-VSKIN-DIFF-DURING-VSKIN-OVER-52:-997295 STATS-UPDATOR:0 TPU_35S:0 VIRTUAL-SKIN:34076.2 VIRTUAL-SKIN-LEGACY:34399.8 VIRTUAL-SKIN-MODEL:34138 VIRTUAL-SKIN-MODEL-LEGACY-DIFF:-330.625 VIRTUAL-SKIN-ODPM-MODEL:33324.5 VIRTUAL-SKIN-SPEAKER-MODEL:32703.2 VSKIN-SKIN-UNDER-52:1 battery:34000 btmspkr_therm:32952 charging_therm:36001 disp_therm:32774 north_therm:35645 quiet_therm:36803 rfpa_therm:35534 soc_therm:36781 usb_pwr_therm:32863 
07-06 23:12:51.145 I/pixel-thermal( 9793): VIRTUAL-SKIN-CPU-HIGH:34.0762 raw data: VIRTUAL-SKIN:34076.2 VIRTUAL-SKIN-CPU-HIGH:34076.2 
07-06 23:12:51.146 I/pixel-thermal( 9793): VIRTUAL-SKIN-CHARGE:34.0172 raw data: VIRTUAL-SKIN-CHARGE:34017.2 VIRTUAL-SKIN-CHARGE-SUB-0:33876.2 VIRTUAL-SKIN-CHARGE-SUB-1:34017.2 btmspkr_therm:32952 charging_therm:36001 disp_therm:32774 north_therm:35645 quiet_therm:36803 rfpa_therm:35534 soc_therm:36781 usb_pwr_therm:32863 
07-06 23:12:51.146 I/pixel-thermal( 9793): VIRTUAL-SKIN-CHARGE power_budget=4150.99 err=3.98284 s_power=2527 time_elapsed_ms=7003 p=473.958 i=1302 d=-0 dt_per_min=nan compensation=0 budget transient=0 control target=2 excluded power budget=151.971 (PARTIAL_SYSTEM_POWER: 1266.43 mW, cdev_weight: 0.120000)
07-06 23:12:51.146 I/pixel-thermal( 9793): VIRTUAL-SKIN-CHARGE-WLC:33.6666 raw data: VIRTUAL-SKIN-CHARGE-WLC:33666.6 charging_therm:36001 soc_therm:36781 usb_pwr_therm:32863 
07-06 23:12:51.146 I/pixel-thermal( 9793): VIRTUAL-SKIN-CHARGE-WLC power_budget=4062.06 err=7.33338 s_power=1383 time_elapsed_ms=7003 p=1562.01 i=1383 d=-0 dt_per_min=nan compensation=0 budget transient=0 control target=2 excluded power budget=265.949 (PARTIAL_SYSTEM_POWER: 1266.43 mW, cdev_weight: 0.210000)
07-06 23:12:51.146 I/pixel-thermal( 9793): cellular-emergency:34.0762 raw data: VIRTUAL-SKIN:34076.2 cellular-emergency:34076.2 
07-06 23:12:51.193 I/adbd    ( 1389): adbd service requested 'shell,v2:wm size'
07-06 23:12:51.289 I/adbd    ( 1389): adbd service requested 'shell,v2:getprop'
07-06 23:12:51.298 I/WifiHAL ( 1167): Creating message to get link statistics; iface = 47
07-06 23:12:51.326 I/adbd    ( 1389): adbd service requested 'shell,v2:logcat --proto'
07-06 23:12:51.327 I/WifiHAL ( 1167): Getting cached scan results, iface handle = 0xb4000072c6113cd0
07-06 23:12:51.327 E/WifiHAL ( 1167): Creating message to get cached scan results
07-06 23:12:51.329 I/WifiHAL ( 1167): In GetCachedScanResultsCommand::handleResponse
07-06 23:12:51.354 D/WifiHAL ( 1167): Start debug command: mType GET_FEATURE
07-06 23:12:51.354 I/WifiHAL ( 1167): CreateRequest mType = GET_FEATURE
07-06 23:12:51.354 D/WifiHAL ( 1167): In DebugCommand::handleResponse, mType:GET_FEATURE
07-06 23:12:51.354 D/WifiHAL ( 1167): len = 4, expected len = 4
07-06 23:12:51.363 I/HalDevMgr( 1672): bestIfaceCreationProposal is null, requestIface=STA, existingIface=[name=wlan0 type=STA]
07-06 23:12:51.364 D/IwlanNetworkService( 2908): onCapabilitiesChanged: 121
07-06 23:12:51.364 D/IwlanDataService( 2908): onCapabilitiesChanged: 121 [ Transports: WIFI Capabilities: NOT_METERED&INTERNET&NOT_RESTRICTED&TRUSTED&NOT_VPN&VALIDATED&NOT_ROAMING&FOREGROUND&NOT_CONGESTED&NOT_SUSPENDED&NOT_VCN_MANAGED&NOT_BANDWIDTH_CONSTRAINED LinkUpBandwidth>=7492Kbps LinkDnBandwidth>=31264Kbps TransportInfo: <SSID: "Buffalo-G-88A0", BSSID: f2:f8:4a:26:88:a3, MAC: 72:a1:92:88:60:da, IP: /192.168.11.4, Security type: 2, Supplicant state: COMPLETED, Wi-Fi standard: 11ax, RSSI: -51, Link speed: 216Mbps, Tx Link speed: 216Mbps, Max Supported Tx Link speed: 286Mbps, Calculated Tx : 133Mbps, Rx Link speed: 206Mbps, Max Supported Rx Link speed: 286Mbps, Calculated Rx : 217Mbps, Frequency: 2422MHz, Net ID: 7, Metered hint: false, score: 100, isUsable: true, CarrierMerged: false, SubscriptionId: -1, IsPrimary: 1, Trusted: true, Restricted: false, Ephemeral: false, OEM paid: false, OEM private: false, OSU AP: false, FQDN: <none>, Provider friendly name: <none>, Requesting package name: <none>"Buffalo-G-88A0"wpa2-pskMLO Information: , Is TID-To-Link negotiation supported by the AP: false, AP MLD Address: <none>, AP MLO Link Id: <none>, AP MLO Affiliated links: <none>, Vendor Data: <none>> SignalStrength: -51 AdminUids: [10122] SSID: "Buffalo-G-88A0" UnderlyingNetworks: Null]
07-06 23:12:51.364 D/IwlanDataService( 2908): Network 121 connected using transport WIFI
07-06 23:12:51.365 D/IwlanNetworkStatusTracker( 2988): onCapabilitiesChanged: 121
07-06 23:12:51.365 D/IwlanNetworkStatusTracker( 2988): OnCapability : Wifi Available already true and validation status unchanged
07-06 23:12:51.365 E/IwlanNetworkStatusTracker( 2988): Could not get Wifi SSID
07-06 23:12:51.367 D/DeviceStateHelper( 3311): Wifi freq: 2422
07-06 23:12:51.369 I/WifiSignalInfo( 3311): onCapabilitiesChanged: rssi:-51
07-06 23:12:51.369 D/ImsPreconditionCheck( 3311): {subId=3} handleMessage: { when=0 what=16 target=eja async=false heapIndex=-1 }
07-06 23:12:51.369 D/ImsPreconditionCheck( 3311): {subId=3} onWifiCapabilitiesChanged: wifiNetworkValidated: true
07-06 23:12:51.369 D/ImsPreconditionCheck( 3311): {subId=2} handleMessage: { when=0 what=16 target=eja async=false heapIndex=-1 }
07-06 23:12:51.369 D/ImsPreconditionCheck( 3311): {subId=2} onWifiCapabilitiesChanged: wifiNetworkValidated: true
07-06 23:12:51.372 W/SHANNON_IMS( 2600): 1199 [CONN] NetworkSpecifier and TransportInfo are not valid (DefaultNetworkCallback%updateSubscriptionId:121)
07-06 23:12:51.372 I/SHANNON_IMS( 2600): 1200 [CONN] network:121 WIFI connected, subId: -1 [SLID:0] (DefaultNetworkCallback%onCapabilitiesChanged:76)
07-06 23:12:51.373 W/SHANNON_IMS( 2600): 1201 [CONN] NetworkSpecifier and TransportInfo are not valid (DefaultNetworkCallback%updateSubscriptionId:121)
07-06 23:12:51.373 I/SHANNON_IMS( 2600): 1202 [CONN] network:121 WIFI connected, subId: -1 [SLID:1] (DefaultNetworkCallback%onCapabilitiesChanged:76)
07-06 23:12:51.371 D/SHANNON_RCS( 2575): 6947 [0][PROX][TELE] onCapabilitiesChanged, Network: 121, NetworkCapabilities: [ Transports: WIFI Capabilities: NOT_METERED&INTERNET&NOT_RESTRICTED&TRUSTED&NOT_VPN&VALIDATED&NOT_ROAMING&FOREGROUND&NOT_CONGESTED&NOT_SUSPENDED&NOT_VCN_MANAGED&NOT_BANDWIDTH_CONSTRAINED LinkUpBandwidth>=7492Kbps LinkDnBandwidth>=31264Kbps TransportInfo: <SSID: <unknown ssid>, BSSID: 02:00:00:00:00:00, MAC: 02:00:00:00:00:00, IP: /192.168.11.4, Security type: 2, Supplicant state: COMPLETED, Wi-Fi standard: 11ax, RSSI: -51, Link speed: 216Mbps, Tx Link speed: 216Mbps, Max Supported Tx Link speed: 286Mbps, Calculated Tx : 133Mbps, Rx Link speed: 206Mbps, Max Supported Rx Link speed: 286Mbps, Calculated Rx : 217Mbps, Frequency: 2422MHz, Net ID: -1, Metered hint: false, score: 100, isUsable: true, CarrierMerged: false, SubscriptionId: -1, IsPrimary: -1, Trusted: true, Restricted: false, Ephemeral: false, OEM paid: false, OEM private: false, OSU AP: false, FQDN: <none>, Provider friendly name: <none>, Requesting package name: <none><none>MLO Information: , Is TID-To-Link negotiation supported by the AP: false, AP MLD Address: <none>, AP MLO Link Id: <none>, AP MLO Affiliated links: <none>, Vendor Data: <none>> SignalStrength: -51 UnderlyingNetworks: Null] (DefaultNetworkCallback%onCapabilitiesChanged:76)
07-06 23:12:51.375 D/SHANNON_RCS( 2575): 6948 [1][PROX][TELE] onCapabilitiesChanged, Network: 121, NetworkCapabilities: [ Transports: WIFI Capabilities: NOT_METERED&INTERNET&NOT_RESTRICTED&TRUSTED&NOT_VPN&VALIDATED&NOT_ROAMING&FOREGROUND&NOT_CONGESTED&NOT_SUSPENDED&NOT_VCN_MANAGED&NOT_BANDWIDTH_CONSTRAINED LinkUpBandwidth>=7492Kbps LinkDnBandwidth>=31264Kbps TransportInfo: <SSID: <unknown ssid>, BSSID: 02:00:00:00:00:00, MAC: 02:00:00:00:00:00, IP: /192.168.11.4, Security type: 2, Supplicant state: COMPLETED, Wi-Fi standard: 11ax, RSSI: -51, Link speed: 216Mbps, Tx Link speed: 216Mbps, Max Supported Tx Link speed: 286Mbps, Calculated Tx : 133Mbps, Rx Link speed: 206Mbps, Max Supported Rx Link speed: 286Mbps, Calculated Rx : 217Mbps, Frequency: 2422MHz, Net ID: -1, Metered hint: false, score: 100, isUsable: true, CarrierMerged: false, SubscriptionId: -1, IsPrimary: -1, Trusted: true, Restricted: false, Ephemeral: false, OEM paid: false, OEM private: false, OSU AP: false, FQDN: <none>, Provider friendly name: <none>, Requesting package name: <none><none>MLO Information: , Is TID-To-Link negotiation supported by the AP: false, AP MLD Address: <none>, AP MLO Link Id: <none>, AP MLO Affiliated links: <none>, Vendor Data: <none>> SignalStrength: -51 UnderlyingNetworks: Null] (DefaultNetworkCallback%onCapabilitiesChanged:76)
07-06 23:12:51.383 I/BugleRcsEngine( 4755): handleMessage processing message:[NOTIFY_UPTIME_IGNORE_STATE_CHANGED] with [non-null]:RcsEngineImpl reference [CONTEXT log_prefix="RcsEngineImpl[DUAL_REG]:[9da36ddb-ec62]>Handler" thread_id=61 ]
07-06 23:12:51.390 I/BugleRcsEngine( 4755): Connected state: [1], networkType: [WIFI] [CONTEXT thread_id=56 ]
07-06 23:12:51.390 I/BugleRcsEngine( 4755): Cannot use CS.apk as it's battery optimized [CONTEXT thread_id=61 ]
07-06 23:12:51.396 I/NullBinder(24103): NullBinder for android.net.action.RECOMMEND_NETWORKS triggering remote TransactionTooLargeException due to Service without Chimera impl, calling uid: 1000, calling pid: 0
07-06 23:12:51.396 W/libbinder.Binder(24103): Large reply transaction of 1056768 bytes, interface descriptor , code 1, flags 17
07-06 23:12:51.401 D/ActivityManager( 1672): sync unfroze 26597 com.google.android.apps.privacy.wildlife for 3
07-06 23:12:51.403 D/ActivityManager( 1672): sync unfroze 7512 com.google.android.gms for 3
07-06 23:12:51.407 D/AOC     ( 1365): CHRE: DRAM vote count begins
07-06 23:12:51.407 D/ConnectivityService( 1672): NetReassign [no changes] [c 0] [a 6] [i 3]
07-06 23:12:51.408 D/AOC     ( 1365): CHRE: DRAM vote count ends: 0 ms
07-06 23:12:51.408 D/AOC     ( 1365): CHRE: DRAM vote count begins
07-06 23:12:51.409 I/NearbyMediums(24103): Wifi changed new SSID: "Buffalo-G-88A0"
07-06 23:12:51.409 I/NearbyMediums(24103): WifiLanConnectivityInfo is not changed, skip notify.
07-06 23:12:51.410 D/BackgroundInstallControlService( 1672): Package event received: 0
07-06 23:12:51.413 D/ActivityManager( 1672): sync unfroze 26417 com.google.android.apps.messaging for 7
07-06 23:12:51.414 D/ConnectivityService( 1672): NetReassign [no changes] [c 0] [a 3] [i 3]
07-06 23:12:51.415 D/ActivityManager( 1672): sync unfroze 32290 com.google.android.gms.unstable for 7
07-06 23:12:51.415 D/IpClient/wlan0( 2455): addressUpdated: 2404:7a80:5f20:a000:70a1:92ff:fe88:60da/64 on ifindex 47 flags 0x00000100 scope 0
07-06 23:12:51.415 D/IpClient/wlan0( 2455): addressUpdated: 2404:7a80:5f20:a000:9e4a:73da:ea71:f7f5/64 on ifindex 47 flags 0x00000001 scope 0
07-06 23:12:51.415 W/AlarmManager( 2455): Unrecognized alarm listener com.android.networkstack.android.net.ip.IpClientLinkObserver$Dhcp6PdPreferredPrefixAlarmListener@60a33b4
07-06 23:12:51.416 D/AOC     ( 1365): CHRE: DRAM vote count ends: 0 ms
07-06 23:12:51.416 I/Wildlife_WildlifeVpnReceiver(26597): ACTION_WIFI_STATE_CHANGED
07-06 23:12:51.416 I/WPKTRT  ( 1292): process_address_event: 2404:7a80:5f20:a000:70a1:92ff:fe88:60da added to wlan0
07-06 23:12:51.416 I/Wildlife_WildlifeCobaltEventLoggerImpl(26597): SysUI wifi state changed event logged
07-06 23:12:51.416 I/WPKTRT  ( 1292): process_address_event: 2404:7a80:5f20:a000:9e4a:73da:ea71:f7f5 added to wlan0
07-06 23:12:51.417 I/Wildlife_WildlifeVpnManagerImpl(26597): restoreSettingsFromBackupIfNecessary() false, true, false
07-06 23:12:51.417 I/Wildlife_OpenWifiNudgeManagerImpl(26597): wifiStateChangedFuture
07-06 23:12:51.417 D/CHRE    ( 1110): @ 266433.599: Parsed nanoapp message from host: app ID 0x476f6f676c00100b endpoint 0x1c msgType 112 payload size 14
07-06 23:12:51.418 I/CHRE    ( 1110): @ 266433.600: [NanoMinion] received MSG Type 0x70, Version 1, 10 bytes
07-06 23:12:51.418 I/CHRE    ( 1110): @ 266433.600: [AR] context-signal: has_bt=0, bt=0, has_wifi=1, wifi=1
07-06 23:12:51.418 D/BackgroundInstallControlService( 1672): Package event received: 0
07-06 23:12:51.418 D/BackgroundInstallControlService( 1672): Package event received: 0
07-06 23:12:51.418 D/BackgroundInstallControlService( 1672): Package event received: 0
07-06 23:12:51.418 D/BackgroundInstallControlService( 1672): Package event received: 0
07-06 23:12:51.419 D/WM-DelayedWorkTracker(26417): Scheduling work bb8a967e-f51b-4012-bbf6-223fd57c5503
07-06 23:12:51.419 D/ApfFilter( 2455): (wlan0): Ignoring RA RA fe80::f2f8:4aff:fe26:88a0 -> ff02::1 108s 2404:7a80:5f20:a000::/64 14400s/12600s DNS 600s 2404:1a8:7f01:a::3 2404:1a8:7f01:b::3 RIO 14400s 2404:7a80:5f20:a000::/56  which matches RA fe80::f2f8:4aff:fe26:88a0 -> ff02::1 108s 2404:7a80:5f20:a000::/64 14400s/12600s DNS 600s 2404:1a8:7f01:a::3 2404:1a8:7f01:b::3 RIO 14400s 2404:7a80:5f20:a000::/56 
07-06 23:12:51.421 D/WM-GreedyScheduler(26417): Starting tracking for bb8a967e-f51b-4012-bbf6-223fd57c5503
07-06 23:12:51.423 I/NearbyMediums(24187): Wifi changed new SSID: "Buffalo-G-88A0"
07-06 23:12:51.423 I/NearbyMediums(24187): WifiLanConnectivityInfo is not changed, skip notify.
07-06 23:12:51.424 D/WM-DelayedWorkTracker(26417): Scheduling work 3e823fdd-d36d-4e7e-9df6-5c535019e555
07-06 23:12:51.425 D/WM-GreedyScheduler(26417): Starting tracking for 3e823fdd-d36d-4e7e-9df6-5c535019e555
